Archive member included to satisfy reference by file (symbol)

C:\Users\lkjsg\AppData\Local\Temp\arduino\cores\SparkFun_apollo3_amap3adk_86e27dbb8e1a8fafdc2546777567e19b\core.a(am_hal_burst.c.o)
                              C:\Users\lkjsg\AppData\Local\Temp\arduino\sketches\71C22855196332233239BB0A72A14669\libraries\SparkFun_HM01B0_Camera\platforms\apollo3\src\hm01b0_platform_apollo3.c.o (am_hal_burst_mode_initialize)
C:\Users\lkjsg\AppData\Local\Temp\arduino\cores\SparkFun_apollo3_amap3adk_86e27dbb8e1a8fafdc2546777567e19b\core.a(am_hal_clkgen.c.o)
                              C:\Users\lkjsg\AppData\Local\Temp\arduino\sketches\71C22855196332233239BB0A72A14669\libraries\SparkFun_HM01B0_Camera\platforms\apollo3\src\hm01b0_platform_apollo3.c.o (am_hal_clkgen_control)
C:\Users\lkjsg\AppData\Local\Temp\arduino\cores\SparkFun_apollo3_amap3adk_86e27dbb8e1a8fafdc2546777567e19b\core.a(am_hal_ctimer.c.o)
                              C:\Users\lkjsg\AppData\Local\Temp\arduino\sketches\71C22855196332233239BB0A72A14669\libraries\SparkFun_HM01B0_Camera\platforms\apollo3\src\hm01b0_platform_apollo3.c.o (am_hal_ctimer_config_trigger)
C:\Users\lkjsg\AppData\Local\Temp\arduino\cores\SparkFun_apollo3_amap3adk_86e27dbb8e1a8fafdc2546777567e19b\core.a(am_hal_debug.c.o)
                              C:\Users\lkjsg\AppData\Local\Temp\arduino\cores\SparkFun_apollo3_amap3adk_86e27dbb8e1a8fafdc2546777567e19b\core.a(am_hal_ctimer.c.o) (am_hal_debug_error)
C:\Users\lkjsg\AppData\Local\Temp\arduino\cores\SparkFun_apollo3_amap3adk_86e27dbb8e1a8fafdc2546777567e19b\core.a(am_hal_flash.c.o)
                              C:\Users\lkjsg\AppData\Local\Temp\arduino\cores\SparkFun_apollo3_amap3adk_86e27dbb8e1a8fafdc2546777567e19b\core.a(am_hal_clkgen.c.o) (am_hal_flash_delay)
C:\Users\lkjsg\AppData\Local\Temp\arduino\cores\SparkFun_apollo3_amap3adk_86e27dbb8e1a8fafdc2546777567e19b\core.a(am_hal_gpio.c.o)
                              C:\Users\lkjsg\AppData\Local\Temp\arduino\sketches\71C22855196332233239BB0A72A14669\libraries\SparkFun_HM01B0_Camera\platforms\apollo3\src\hm01b0_platform_apollo3.c.o (am_hal_gpio_pinconfig)
C:\Users\lkjsg\AppData\Local\Temp\arduino\cores\SparkFun_apollo3_amap3adk_86e27dbb8e1a8fafdc2546777567e19b\core.a(am_hal_interrupt.c.o)
                              C:\Users\lkjsg\AppData\Local\Temp\arduino\sketches\71C22855196332233239BB0A72A14669\libraries\SparkFun_HM01B0_Camera\hm01b0.c.o (am_hal_interrupt_master_disable)
C:\Users\lkjsg\AppData\Local\Temp\arduino\cores\SparkFun_apollo3_amap3adk_86e27dbb8e1a8fafdc2546777567e19b\core.a(am_hal_iom.c.o)
                              C:\Users\lkjsg\AppData\Local\Temp\arduino\sketches\71C22855196332233239BB0A72A14669\libraries\SparkFun_HM01B0_Camera\platforms\apollo3\src\hm01b0_platform_apollo3.c.o (am_hal_iom_initialize)
C:\Users\lkjsg\AppData\Local\Temp\arduino\cores\SparkFun_apollo3_amap3adk_86e27dbb8e1a8fafdc2546777567e19b\core.a(am_hal_itm.c.o)
                              C:\Users\lkjsg\AppData\Local\Temp\arduino\sketches\71C22855196332233239BB0A72A14669\core\bsp\am_bsp.c.o (am_hal_itm_enable)
C:\Users\lkjsg\AppData\Local\Temp\arduino\cores\SparkFun_apollo3_amap3adk_86e27dbb8e1a8fafdc2546777567e19b\core.a(am_hal_mcuctrl.c.o)
                              C:\Users\lkjsg\AppData\Local\Temp\arduino\sketches\71C22855196332233239BB0A72A14669\libraries\SparkFun_HM01B0_Camera\platforms\apollo3\src\hm01b0_platform_apollo3.c.o (am_hal_mcuctrl_control)
C:\Users\lkjsg\AppData\Local\Temp\arduino\cores\SparkFun_apollo3_amap3adk_86e27dbb8e1a8fafdc2546777567e19b\core.a(am_hal_pwrctrl.c.o)
                              C:\Users\lkjsg\AppData\Local\Temp\arduino\cores\SparkFun_apollo3_amap3adk_86e27dbb8e1a8fafdc2546777567e19b\core.a(am_hal_iom.c.o) (am_hal_pwrctrl_periph_enable)
C:\Users\lkjsg\AppData\Local\Temp\arduino\cores\SparkFun_apollo3_amap3adk_86e27dbb8e1a8fafdc2546777567e19b\core.a(am_hal_reset.c.o)
                              C:\Users\lkjsg\AppData\Local\Temp\arduino\cores\SparkFun_apollo3_amap3adk_86e27dbb8e1a8fafdc2546777567e19b\core.a(am_hal_clkgen.c.o) (gAmHalResetStatus)
C:\Users\lkjsg\AppData\Local\Temp\arduino\cores\SparkFun_apollo3_amap3adk_86e27dbb8e1a8fafdc2546777567e19b\core.a(am_hal_rtc.c.o)
                              C:\Users\lkjsg\AppData\Local\Temp\arduino\sketches\71C22855196332233239BB0A72A14669\core\bsp\am_bsp.c.o (am_hal_rtc_osc_disable)
C:\Users\lkjsg\AppData\Local\Temp\arduino\cores\SparkFun_apollo3_amap3adk_86e27dbb8e1a8fafdc2546777567e19b\core.a(am_hal_tpiu.c.o)
                              C:\Users\lkjsg\AppData\Local\Temp\arduino\sketches\71C22855196332233239BB0A72A14669\core\bsp\am_bsp.c.o (am_hal_tpiu_enable)
C:\Users\lkjsg\AppData\Local\Temp\arduino\cores\SparkFun_apollo3_amap3adk_86e27dbb8e1a8fafdc2546777567e19b\core.a(am_hal_uart.c.o)
                              C:\Users\lkjsg\AppData\Local\Temp\arduino\sketches\71C22855196332233239BB0A72A14669\core\bsp\am_bsp.c.o (am_hal_uart_initialize)
[...]
Memory Configuration

Name             Origin             Length             Attributes
FLASH            0x0000c000         0x000f0000         xr
SRAM             0x10000000         0x00060000         xrw
*default*        0x00000000         0xffffffff

Linker script and memory map

LOAD C:\Users\lkjsg\AppData\Local\Temp\arduino\sketches\71C22855196332233239BB0A72A14669\sketch\Example1_StopMotion.ino.cpp.o
LOAD C:\Users\lkjsg\AppData\Local\Temp\arduino\sketches\71C22855196332233239BB0A72A14669\libraries\SparkFun_HM01B0_Camera\hm01b0.c.o
LOAD C:\Users\lkjsg\AppData\Local\Temp\arduino\sketches\71C22855196332233239BB0A72A14669\libraries\SparkFun_HM01B0_Camera\hm01b0_arduino.cpp.o
LOAD C:\Users\lkjsg\AppData\Local\Temp\arduino\sketches\71C22855196332233239BB0A72A14669\libraries\SparkFun_HM01B0_Camera\platforms\apollo3\src\hm01b0_platform_apollo3 .cpp.o
LOAD C:\Users\lkjsg\AppData\Local\Temp\arduino\sketches\71C22855196332233239BB0A72A14669\libraries\SparkFun_HM01B0_Camera\platforms\apollo3\src\hm01b0_platform_apollo3.c.o
LOAD C:\Users\lkjsg\AppData\Local\Temp\arduino\sketches\71C22855196332233239BB0A72A14669\core\bsp\am_bsp.c.o
LOAD C:\Users\lkjsg\AppData\Local\Temp\arduino\sketches\71C22855196332233239BB0A72A14669\core\bsp\am_bsp_pins.c.o
LOAD C:\Users\lkjsg\AppData\Local\Temp\arduino\sketches\71C22855196332233239BB0A72A14669\core\config\variant.cpp.o
LOAD C:\Users\lkjsg\AppData\Local\Temp\arduino\sketches\71C22855196332233239BB0A72A14669\core\startup\startup_gcc.c.o
LOAD C:\Users\lkjsg\AppData\Local\Temp\arduino\cores\SparkFun_apollo3_amap3adk_86e27dbb8e1a8fafdc2546777567e19b\core.a
LOAD C:\Users\lkjsg\AppData\Local\Arduino15\packages\SparkFun\hardware\apollo3\1.2.1/cores/arduino/am_sdk_ap3/CMSIS/ARM/Lib/ARM\libarm_cortexM4lf_math.a
START GROUP
LOAD c:/users/lkjsg/appdata/local/arduino15/packages/sparkfun/tools/arm-none-eabi-gcc/8-2018-q4-major/bin/../lib/gcc/arm-none-eabi/8.2.1/../../../../arm-none-eabi/lib/thumb/v7e-m+fp/hard\libm.a
LOAD c:/users/lkjsg/appdata/local/arduino15/packages/sparkfun/tools/arm-none-eabi-gcc/8-2018-q4-major/bin/../lib/gcc/arm-none-eabi/8.2.1/../../../../arm-none-eabi/lib/thumb/v7e-m+fp/hard\libc_nano.a
LOAD c:/users/lkjsg/appdata/local/arduino15/packages/sparkfun/tools/arm-none-eabi-gcc/8-2018-q4-major/bin/../lib/gcc/arm-none-eabi/8.2.1/thumb/v7e-m+fp/hard\libgcc.a
END GROUP
LOAD c:/users/lkjsg/appdata/local/arduino15/packages/sparkfun/tools/arm-none-eabi-gcc/8-2018-q4-major/bin/../lib/gcc/arm-none-eabi/8.2.1/../../../../arm-none-eabi/lib/thumb/v7e-m+fp/hard\libstdc++_nano.a
LOAD c:/users/lkjsg/appdata/local/arduino15/packages/sparkfun/tools/arm-none-eabi-gcc/8-2018-q4-major/bin/../lib/gcc/arm-none-eabi/8.2.1/../../../../arm-none-eabi/lib/thumb/v7e-m+fp/hard\libc_nano.a
LOAD c:/users/lkjsg/appdata/local/arduino15/packages/sparkfun/tools/arm-none-eabi-gcc/8-2018-q4-major/bin/../lib/gcc/arm-none-eabi/8.2.1/../../../../arm-none-eabi/lib/thumb/v7e-m+fp/hard\libnosys.a
LOAD c:/users/lkjsg/appdata/local/arduino15/packages/sparkfun/tools/arm-none-eabi-gcc/8-2018-q4-major/bin/../lib/gcc/arm-none-eabi/8.2.1/../../../../arm-none-eabi/lib/thumb/v7e-m+fp/hard\libm.a

.text           0x0000c000     0x73b8
                0x0000c000                . = ALIGN (0x4)
 *(.isr_vector)
 .isr_vector    0x0000c000       0xd0 C:\Users\lkjsg\AppData\Local\Temp\arduino\sketches\71C22855196332233239BB0A72A14669\core\startup\startup_gcc.c.o
                0x0000c000                g_am_pfnVectors
 *(.patch)
 .patch         0x0000c0d0       0x30 C:\Users\lkjsg\AppData\Local\Temp\arduino\sketches\71C22855196332233239BB0A72A14669\core\startup\startup_gcc.c.o
                0x0000c0d0                __Patchable
 *(.text)
 .text          0x0000c100       0x10 c:/users/lkjsg/appdata/local/arduino15/packages/sparkfun/tools/arm-none-eabi-gcc/8-2018-q4-major/bin/../lib/gcc/arm-none-eabi/8.2.1/../../../../arm-none-eabi/lib/thumb/v7e-m+fp/hard\libc_nano.a(lib_a-strlen.o)
                0x0000c100                strlen
 .text          0x0000c110       0xa0 c:/users/lkjsg/appdata/local/arduino15/packages/sparkfun/tools/arm-none-eabi-gcc/8-2018-q4-major/bin/../lib/gcc/arm-none-eabi/8.2.1/../../../../arm-none-eabi/lib/thumb/v7e-m+fp/hard\libc_nano.a(lib_a-memchr.o)
                0x0000c110                memchr
 .text          0x0000c1b0      0x378 c:/users/lkjsg/appdata/local/arduino15/packages/sparkfun/tools/arm-none-eabi-gcc/8-2018-q4-major/bin/../lib/gcc/arm-none-eabi/8.2.1/thumb/v7e-m+fp/hard\libgcc.a(_arm_addsubdf3.o)
                0x0000c1b0                __aeabi_drsub
                0x0000c1b8                __aeabi_dsub
                0x0000c1b8                __subdf3
                0x0000c1bc                __aeabi_dadd
                0x0000c1bc                __adddf3
                0x0000c434                __floatunsidf
                0x0000c434                __aeabi_ui2d
                0x0000c454                __floatsidf
                0x0000c454                __aeabi_i2d
                0x0000c478                __aeabi_f2d
                0x0000c478                __extendsfdf2
                0x0000c4bc                __floatundidf
                0x0000c4bc                __aeabi_ul2d
                0x0000c4cc                __floatdidf
                0x0000c4cc                __aeabi_l2d
 .text          0x0000c528      0x424 c:/users/lkjsg/appdata/local/arduino15/packages/sparkfun/tools/arm-none-eabi-gcc/8-2018-q4-major/bin/../lib/gcc/arm-none-eabi/8.2.1/thumb/v7e-m+fp/hard\libgcc.a(_arm_muldivdf3.o)
                0x0000c528                __aeabi_dmul
                0x0000c528                __muldf3
                0x0000c77c                __divdf3
                0x0000c77c                __aeabi_ddiv
 .text          0x0000c94c      0x110 c:/users/lkjsg/appdata/local/arduino15/packages/sparkfun/tools/arm-none-eabi-gcc/8-2018-q4-major/bin/../lib/gcc/arm-none-eabi/8.2.1/thumb/v7e-m+fp/hard\libgcc.a(_arm_cmpdf2.o)
                0x0000c94c                __gtdf2
                0x0000c94c                __gedf2
                0x0000c954                __ltdf2
                0x0000c954                __ledf2
                0x0000c95c                __nedf2
                0x0000c95c                __eqdf2
                0x0000c95c                __cmpdf2
                0x0000c9d8                __aeabi_cdrcmple
                0x0000c9e8                __aeabi_cdcmpeq
                0x0000c9e8                __aeabi_cdcmple
                0x0000c9f8                __aeabi_dcmpeq
                0x0000ca0c                __aeabi_dcmplt
                0x0000ca20                __aeabi_dcmple
                0x0000ca34                __aeabi_dcmpge
                0x0000ca48                __aeabi_dcmpgt
 .text          0x0000ca5c       0x2c c:/users/lkjsg/appdata/local/arduino15/packages/sparkfun/tools/arm-none-eabi-gcc/8-2018-q4-major/bin/../lib/gcc/arm-none-eabi/8.2.1/thumb/v7e-m+fp/hard\libgcc.a(_arm_unorddf2.o)
                0x0000ca5c                __unorddf2
                0x0000ca5c                __aeabi_dcmpun
 .text          0x0000ca88       0x50 c:/users/lkjsg/appdata/local/arduino15/packages/sparkfun/tools/arm-none-eabi-gcc/8-2018-q4-major/bin/../lib/gcc/arm-none-eabi/8.2.1/thumb/v7e-m+fp/hard\libgcc.a(_arm_fixdfsi.o)
                0x0000ca88                __aeabi_d2iz
                0x0000ca88                __fixdfsi
 *(.text*)
 .text._Z9printWordm
                0x0000cad8       0x24 C:\Users\lkjsg\AppData\Local\Temp\arduino\sketches\71C22855196332233239BB0A72A14669\sketch\Example1_StopMotion.ino.cpp.o
                0x0000cad8                printWord(unsigned long)
 .text._Z9printByteh
                0x0000cafc       0x24 C:\Users\lkjsg\AppData\Local\Temp\arduino\sketches\71C22855196332233239BB0A72A14669\sketch\Example1_StopMotion.ino.cpp.o
                0x0000cafc                printByte(unsigned char)
 .text._Z16framebuffer_dumpv
                0x0000cb20       0x7c C:\Users\lkjsg\AppData\Local\Temp\arduino\sketches\71C22855196332233239BB0A72A14669\sketch\Example1_StopMotion.ino.cpp.o
                0x0000cb20                framebuffer_dump()
 .text.loop     0x0000cb9c       0x14 C:\Users\lkjsg\AppData\Local\Temp\arduino\sketches\71C22855196332233239BB0A72A14669\sketch\Example1_StopMotion.ino.cpp.o
                0x0000cb9c                loop
 .text.startup._GLOBAL__sub_I_myCamera
                0x0000cbb0       0x14 C:\Users\lkjsg\AppData\Local\Temp\arduino\sketches\71C22855196332233239BB0A72A14669\sketch\Example1_StopMotion.ino.cpp.o
 .text.setup    0x0000cbc4       0xb8 C:\Users\lkjsg\AppData\Local\Temp\arduino\sketches\71C22855196332233239BB0A72A14669\sketch\Example1_StopMotion.ino.cpp.o
                0x0000cbc4                setup
 .text.hm01b0_write_reg
                0x0000cc7c       0x16 C:\Users\lkjsg\AppData\Local\Temp\arduino\sketches\71C22855196332233239BB0A72A14669\libraries\SparkFun_HM01B0_Camera\hm01b0.c.o
                0x0000cc7c                hm01b0_write_reg
 .text.hm01b0_read_reg
                0x0000cc92       0x16 C:\Users\lkjsg\AppData\Local\Temp\arduino\sketches\71C22855196332233239BB0A72A14669\libraries\SparkFun_HM01B0_Camera\hm01b0.c.o
                0x0000cc92                hm01b0_read_reg
 .text.hm01b0_load_script
                0x0000cca8       0x2a C:\Users\lkjsg\AppData\Local\Temp\arduino\sketches\71C22855196332233239BB0A72A14669\libraries\SparkFun_HM01B0_Camera\hm01b0.c.o
                0x0000cca8                hm01b0_load_script
 .text.hm01b0_mclk_enable
                0x0000ccd2       0x10 C:\Users\lkjsg\AppData\Local\Temp\arduino\sketches\71C22855196332233239BB0A72A14669\libraries\SparkFun_HM01B0_Camera\hm01b0.c.o
                0x0000ccd2                hm01b0_mclk_enable
 .text.hm01b0_init_if
                0x0000cce2        0xe C:\Users\lkjsg\AppData\Local\Temp\arduino\sketches\71C22855196332233239BB0A72A14669\libraries\SparkFun_HM01B0_Camera\hm01b0.c.o
                0x0000cce2                hm01b0_init_if
 .text.hm01b0_deinit_if
                0x0000ccf0        0xe C:\Users\lkjsg\AppData\Local\Temp\arduino\sketches\71C22855196332233239BB0A72A14669\libraries\SparkFun_HM01B0_Camera\hm01b0.c.o
                0x0000ccf0                hm01b0_deinit_if
 .text.hm01b0_get_modelid
                0x0000ccfe       0x3c C:\Users\lkjsg\AppData\Local\Temp\arduino\sketches\71C22855196332233239BB0A72A14669\libraries\SparkFun_HM01B0_Camera\hm01b0.c.o
                0x0000ccfe                hm01b0_get_modelid
 .text.hm01b0_init_system
                0x0000cd3a        0x4 C:\Users\lkjsg\AppData\Local\Temp\arduino\sketches\71C22855196332233239BB0A72A14669\libraries\SparkFun_HM01B0_Camera\hm01b0.c.o
                0x0000cd3a                hm01b0_init_system
 .text.hm01b0_reset_sw
                0x0000cd3e       0x1a C:\Users\lkjsg\AppData\Local\Temp\arduino\sketches\71C22855196332233239BB0A72A14669\libraries\SparkFun_HM01B0_Camera\hm01b0.c.o
                0x0000cd3e                hm01b0_reset_sw
 .text.hm01b0_get_mode
                0x0000cd58       0x1e C:\Users\lkjsg\AppData\Local\Temp\arduino\sketches\71C22855196332233239BB0A72A14669\libraries\SparkFun_HM01B0_Camera\hm01b0.c.o
                0x0000cd58                hm01b0_get_mode
 .text.hm01b0_set_mode
                0x0000cd76       0x3a C:\Users\lkjsg\AppData\Local\Temp\arduino\sketches\71C22855196332233239BB0A72A14669\libraries\SparkFun_HM01B0_Camera\hm01b0.c.o
                0x0000cd76                hm01b0_set_mode
 .text.hm01b0_cmd_update
                0x0000cdb0       0x1a C:\Users\lkjsg\AppData\Local\Temp\arduino\sketches\71C22855196332233239BB0A72A14669\libraries\SparkFun_HM01B0_Camera\hm01b0.c.o
                0x0000cdb0                hm01b0_cmd_update
 .text.hm01b0_get_ae
                0x0000cdca       0x98 C:\Users\lkjsg\AppData\Local\Temp\arduino\sketches\71C22855196332233239BB0A72A14669\libraries\SparkFun_HM01B0_Camera\hm01b0.c.o
                0x0000cdca                hm01b0_get_ae
 *fill*         0x0000ce62        0x2 
 .text.hm01b0_blocking_read_oneframe
                0x0000ce64       0x5c C:\Users\lkjsg\AppData\Local\Temp\arduino\sketches\71C22855196332233239BB0A72A14669\libraries\SparkFun_HM01B0_Camera\hm01b0.c.o
                0x0000ce64                hm01b0_blocking_read_oneframe
 .text.hm01b0_cal_ae
                0x0000cec0       0x54 C:\Users\lkjsg\AppData\Local\Temp\arduino\sketches\71C22855196332233239BB0A72A14669\libraries\SparkFun_HM01B0_Camera\hm01b0.c.o
                0x0000cec0                hm01b0_cal_ae
 .text._ZN6HM01B0C2E13_hm01b0_cfg_t
                0x0000cf14       0x2c C:\Users\lkjsg\AppData\Local\Temp\arduino\sketches\71C22855196332233239BB0A72A14669\libraries\SparkFun_HM01B0_Camera\hm01b0_arduino.cpp.o
                0x0000cf14                HM01B0::HM01B0(_hm01b0_cfg_t)
                0x0000cf14                HM01B0::HM01B0(_hm01b0_cfg_t)
 .text._ZN6HM01B05beginEv
                0x0000cf40       0x64 C:\Users\lkjsg\AppData\Local\Temp\arduino\sketches\71C22855196332233239BB0A72A14669\libraries\SparkFun_HM01B0_Camera\hm01b0_arduino.cpp.o
                0x0000cf40                HM01B0::begin()
 .text._ZN6HM01B021calibrateAutoExposureEv
                0x0000cfa4       0x20 C:\Users\lkjsg\AppData\Local\Temp\arduino\sketches\71C22855196332233239BB0A72A14669\libraries\SparkFun_HM01B0_Camera\hm01b0_arduino.cpp.o
                0x0000cfa4                HM01B0::calibrateAutoExposure()
 .text._ZN6HM01B021getAutoExposureStatusEv
                0x0000cfc4       0x12 C:\Users\lkjsg\AppData\Local\Temp\arduino\sketches\71C22855196332233239BB0A72A14669\libraries\SparkFun_HM01B0_Camera\hm01b0_arduino.cpp.o
                0x0000cfc4                HM01B0::getAutoExposureStatus()
 *fill*         0x0000cfd6        0x2 
 .text._ZN6HM01B07captureEv
                0x0000cfd8       0x3c C:\Users\lkjsg\AppData\Local\Temp\arduino\sketches\71C22855196332233239BB0A72A14669\libraries\SparkFun_HM01B0_Camera\hm01b0_arduino.cpp.o
                0x0000cfd8                HM01B0::capture()
 .text.hm01b0_platform_apollo3_write
                0x0000d014       0x36 C:\Users\lkjsg\AppData\Local\Temp\arduino\sketches\71C22855196332233239BB0A72A14669\libraries\SparkFun_HM01B0_Camera\platforms\apollo3\src\hm01b0_platform_apollo3.c.o
                0x0000d014                hm01b0_platform_apollo3_write
 .text.hm01b0_platform_apollo3_read
                0x0000d04a       0x38 C:\Users\lkjsg\AppData\Local\Temp\arduino\sketches\71C22855196332233239BB0A72A14669\libraries\SparkFun_HM01B0_Camera\platforms\apollo3\src\hm01b0_platform_apollo3.c.o
                0x0000d04a                hm01b0_platform_apollo3_read
 *fill*         0x0000d082        0x2 
 .text.hm01b0_platform_apollo3_trig
                0x0000d084       0x28 C:\Users\lkjsg\AppData\Local\Temp\arduino\sketches\71C22855196332233239BB0A72A14669\libraries\SparkFun_HM01B0_Camera\platforms\apollo3\src\hm01b0_platform_apollo3.c.o
                0x0000d084                hm01b0_platform_apollo3_trig
 .text.hm01b0_platform_apollo3_mclk
                0x0000d0ac       0x66 C:\Users\lkjsg\AppData\Local\Temp\arduino\sketches\71C22855196332233239BB0A72A14669\libraries\SparkFun_HM01B0_Camera\platforms\apollo3\src\hm01b0_platform_apollo3.c.o
                0x0000d0ac                hm01b0_platform_apollo3_mclk
 .text.burst_mode_enable
                0x0000d112       0x48 C:\Users\lkjsg\AppData\Local\Temp\arduino\sketches\71C22855196332233239BB0A72A14669\libraries\SparkFun_HM01B0_Camera\platforms\apollo3\src\hm01b0_platform_apollo3.c.o
                0x0000d112                burst_mode_enable
 *fill*         0x0000d15a        0x2 
 .text.hm01b0_platform_apollo3_init
                0x0000d15c      0x2e8 C:\Users\lkjsg\AppData\Local\Temp\arduino\sketches\71C22855196332233239BB0A72A14669\libraries\SparkFun_HM01B0_Camera\platforms\apollo3\src\hm01b0_platform_apollo3.c.o
                0x0000d15c                hm01b0_platform_apollo3_init
 .text.hm01b0_platform_apollo3_deinit
                0x0000d444      0x19c C:\Users\lkjsg\AppData\Local\Temp\arduino\sketches\71C22855196332233239BB0A72A14669\libraries\SparkFun_HM01B0_Camera\platforms\apollo3\src\hm01b0_platform_apollo3.c.o
                0x0000d444                hm01b0_platform_apollo3_deinit
 .text.am_bsp_itm_printf_disable
                0x0000d5e0       0x10 C:\Users\lkjsg\AppData\Local\Temp\arduino\sketches\71C22855196332233239BB0A72A14669\core\bsp\am_bsp.c.o
                0x0000d5e0                am_bsp_itm_printf_disable
 .text.am_bsp_low_power_init
                0x0000d5f0       0x40 C:\Users\lkjsg\AppData\Local\Temp\arduino\sketches\71C22855196332233239BB0A72A14669\core\bsp\am_bsp.c.o
                0x0000d5f0                am_bsp_low_power_init
 .text.am_bsp_iom_pins_enable
                0x0000d630      0x214 C:\Users\lkjsg\AppData\Local\Temp\arduino\sketches\71C22855196332233239BB0A72A14669\core\bsp\am_bsp.c.o
                0x0000d630                am_bsp_iom_pins_enable
 .text.startup._GLOBAL__sub_I_ap3_variant_pinmap
                0x0000d844       0x20 C:\Users\lkjsg\AppData\Local\Temp\arduino\sketches\71C22855196332233239BB0A72A14669\core\config\variant.cpp.o
 .text.NMI_Handler
                0x0000d864        0x2 C:\Users\lkjsg\AppData\Local\Temp\arduino\sketches\71C22855196332233239BB0A72A14669\core\startup\startup_gcc.c.o
                0x0000d864                NMI_Handler
 .text.HardFault_Handler
                0x0000d866        0x2 C:\Users\lkjsg\AppData\Local\Temp\arduino\sketches\71C22855196332233239BB0A72A14669\core\startup\startup_gcc.c.o
                0x0000d866                UsageFault_Handler
                0x0000d866                MemManage_Handler
                0x0000d866                BusFault_Handler
                0x0000d866                HardFault_Handler
 .text.am_default_isr
                0x0000d868        0x2 C:\Users\lkjsg\AppData\Local\Temp\arduino\sketches\71C22855196332233239BB0A72A14669\core\startup\startup_gcc.c.o
                0x0000d868                DebugMon_Handler
                0x0000d868                am_iomaster4_isr
                0x0000d868                SysTick_Handler
                0x0000d868                PendSV_Handler
                0x0000d868                am_rtc_isr
                0x0000d868                am_stimer_cmpr3_isr
                0x0000d868                am_adc_isr
                0x0000d868                am_iomaster3_isr
                0x0000d868                am_clkgen_isr
                0x0000d868                am_software0_isr
                0x0000d868                am_stimer_cmpr5_isr
                0x0000d868                am_iomaster5_isr
                0x0000d868                am_ctimer_isr
                0x0000d868                am_mspi_isr
                0x0000d868                am_ioslave_acc_isr
                0x0000d868                am_software1_isr
                0x0000d868                am_pdm_isr
                0x0000d868                am_stimer_cmpr6_isr
                0x0000d868                am_iomaster1_isr
                0x0000d868                am_brownout_isr
                0x0000d868                am_vcomp_isr
                0x0000d868                am_stimer_cmpr1_isr
                0x0000d868                am_iomaster2_isr
                0x0000d868                SVC_Handler
                0x0000d868                am_stimer_cmpr2_isr
                0x0000d868                am_ioslave_ios_isr
                0x0000d868                am_stimer_cmpr7_isr
                0x0000d868                am_scard_isr
                0x0000d868                am_watchdog_isr
                0x0000d868                am_stimer_cmpr0_isr
                0x0000d868                am_software3_isr
                0x0000d868                am_iomaster0_isr
                0x0000d868                am_ble_isr
                0x0000d868                am_software2_isr
                0x0000d868                am_stimer_cmpr4_isr
                0x0000d868                am_default_isr
 *fill*         0x0000d86a        0x2 
 .text.Reset_Handler
                0x0000d86c       0x68 C:\Users\lkjsg\AppData\Local\Temp\arduino\sketches\71C22855196332233239BB0A72A14669\core\startup\startup_gcc.c.o
                0x0000d86c                Reset_Handler
 .text.am_hal_burst_mode_initialize
                0x0000d8d4       0x7c C:\Users\lkjsg\AppData\Local\Temp\arduino\cores\SparkFun_apollo3_amap3adk_86e27dbb8e1a8fafdc2546777567e19b\core.a(am_hal_burst.c.o)
                0x0000d8d4                am_hal_burst_mode_initialize
 .text.am_hal_burst_mode_enable
                0x0000d950       0x5c C:\Users\lkjsg\AppData\Local\Temp\arduino\cores\SparkFun_apollo3_amap3adk_86e27dbb8e1a8fafdc2546777567e19b\core.a(am_hal_burst.c.o)
                0x0000d950                am_hal_burst_mode_enable
 .text.am_hal_burst_mode_disable
                0x0000d9ac       0x58 C:\Users\lkjsg\AppData\Local\Temp\arduino\cores\SparkFun_apollo3_amap3adk_86e27dbb8e1a8fafdc2546777567e19b\core.a(am_hal_burst.c.o)
                0x0000d9ac                am_hal_burst_mode_disable
 .text.am_hal_clkgen_control
                0x0000da04       0xfc C:\Users\lkjsg\AppData\Local\Temp\arduino\cores\SparkFun_apollo3_amap3adk_86e27dbb8e1a8fafdc2546777567e19b\core.a(am_hal_clkgen.c.o)
                0x0000da04                am_hal_clkgen_control
 .text.am_hal_clkgen_status_get
                0x0000db00       0x34 C:\Users\lkjsg\AppData\Local\Temp\arduino\cores\SparkFun_apollo3_amap3adk_86e27dbb8e1a8fafdc2546777567e19b\core.a(am_hal_clkgen.c.o)
                0x0000db00                am_hal_clkgen_status_get
 .text.am_hal_ctimer_config_trigger
                0x0000db34       0x34 C:\Users\lkjsg\AppData\Local\Temp\arduino\cores\SparkFun_apollo3_amap3adk_86e27dbb8e1a8fafdc2546777567e19b\core.a(am_hal_ctimer.c.o)
                0x0000db34                am_hal_ctimer_config_trigger
 .text.am_hal_ctimer_start
                0x0000db68       0x54 C:\Users\lkjsg\AppData\Local\Temp\arduino\cores\SparkFun_apollo3_amap3adk_86e27dbb8e1a8fafdc2546777567e19b\core.a(am_hal_ctimer.c.o)
                0x0000db68                am_hal_ctimer_start
 .text.am_hal_ctimer_clear
                0x0000dbbc       0x28 C:\Users\lkjsg\AppData\Local\Temp\arduino\cores\SparkFun_apollo3_amap3adk_86e27dbb8e1a8fafdc2546777567e19b\core.a(am_hal_ctimer.c.o)
                0x0000dbbc                am_hal_ctimer_clear
 .text.am_hal_ctimer_config_single
                0x0000dbe4       0x70 C:\Users\lkjsg\AppData\Local\Temp\arduino\cores\SparkFun_apollo3_amap3adk_86e27dbb8e1a8fafdc2546777567e19b\core.a(am_hal_ctimer.c.o)
                0x0000dbe4                am_hal_ctimer_config_single
 .text.am_hal_ctimer_output_config
                0x0000dc54      0x16c C:\Users\lkjsg\AppData\Local\Temp\arduino\cores\SparkFun_apollo3_amap3adk_86e27dbb8e1a8fafdc2546777567e19b\core.a(am_hal_ctimer.c.o)
                0x0000dc54                am_hal_ctimer_output_config
 .text.am_hal_ctimer_compare_set
                0x0000ddc0       0x78 C:\Users\lkjsg\AppData\Local\Temp\arduino\cores\SparkFun_apollo3_amap3adk_86e27dbb8e1a8fafdc2546777567e19b\core.a(am_hal_ctimer.c.o)
                0x0000ddc0                am_hal_ctimer_compare_set
 .text.am_hal_flash_delay
                0x0000de38       0x20 C:\Users\lkjsg\AppData\Local\Temp\arduino\cores\SparkFun_apollo3_amap3adk_86e27dbb8e1a8fafdc2546777567e19b\core.a(am_hal_flash.c.o)
                0x0000de38                am_hal_flash_delay
 .text.am_hal_flash_delay_status_check
                0x0000de58       0x34 C:\Users\lkjsg\AppData\Local\Temp\arduino\cores\SparkFun_apollo3_amap3adk_86e27dbb8e1a8fafdc2546777567e19b\core.a(am_hal_flash.c.o)
                0x0000de58                am_hal_flash_delay_status_check
 .text.am_hal_flash_load_ui32
                0x0000de8c        0x8 C:\Users\lkjsg\AppData\Local\Temp\arduino\cores\SparkFun_apollo3_amap3adk_86e27dbb8e1a8fafdc2546777567e19b\core.a(am_hal_flash.c.o)
                0x0000de8c                am_hal_flash_load_ui32
 .text.am_hal_flash_store_ui32
                0x0000de94        0xc C:\Users\lkjsg\AppData\Local\Temp\arduino\cores\SparkFun_apollo3_amap3adk_86e27dbb8e1a8fafdc2546777567e19b\core.a(am_hal_flash.c.o)
                0x0000de94                am_hal_flash_store_ui32
 .text.am_hal_gpio_pinconfig
                0x0000dea0      0x234 C:\Users\lkjsg\AppData\Local\Temp\arduino\cores\SparkFun_apollo3_amap3adk_86e27dbb8e1a8fafdc2546777567e19b\core.a(am_hal_gpio.c.o)
                0x0000dea0                am_hal_gpio_pinconfig
 .text.am_hal_gpio_fast_pinconfig
                0x0000e0d4       0xc8 C:\Users\lkjsg\AppData\Local\Temp\arduino\cores\SparkFun_apollo3_amap3adk_86e27dbb8e1a8fafdc2546777567e19b\core.a(am_hal_gpio.c.o)
                0x0000e0d4                am_hal_gpio_fast_pinconfig
 .text.am_hal_gpio_state_write
                0x0000e19c       0x78 C:\Users\lkjsg\AppData\Local\Temp\arduino\cores\SparkFun_apollo3_amap3adk_86e27dbb8e1a8fafdc2546777567e19b\core.a(am_hal_gpio.c.o)
                0x0000e19c                am_hal_gpio_state_write
 .text.am_hal_gpio_interrupt_clear
                0x0000e214       0x38 C:\Users\lkjsg\AppData\Local\Temp\arduino\cores\SparkFun_apollo3_amap3adk_86e27dbb8e1a8fafdc2546777567e19b\core.a(am_hal_gpio.c.o)
                0x0000e214                am_hal_gpio_interrupt_clear
 .text.am_hal_gpio_interrupt_status_get
                0x0000e24c       0x48 C:\Users\lkjsg\AppData\Local\Temp\arduino\cores\SparkFun_apollo3_amap3adk_86e27dbb8e1a8fafdc2546777567e19b\core.a(am_hal_gpio.c.o)
                0x0000e24c                am_hal_gpio_interrupt_status_get
 .text.am_hal_interrupt_master_enable
                0x0000e294        0x8 C:\Users\lkjsg\AppData\Local\Temp\arduino\cores\SparkFun_apollo3_amap3adk_86e27dbb8e1a8fafdc2546777567e19b\core.a(am_hal_interrupt.c.o)
                0x0000e294                am_hal_interrupt_master_enable
 .text.am_hal_interrupt_master_disable
                0x0000e29c        0x8 C:\Users\lkjsg\AppData\Local\Temp\arduino\cores\SparkFun_apollo3_amap3adk_86e27dbb8e1a8fafdc2546777567e19b\core.a(am_hal_interrupt.c.o)
                0x0000e29c                am_hal_interrupt_master_disable
 .text.am_hal_interrupt_master_set
                0x0000e2a4        0x6 C:\Users\lkjsg\AppData\Local\Temp\arduino\cores\SparkFun_apollo3_amap3adk_86e27dbb8e1a8fafdc2546777567e19b\core.a(am_hal_interrupt.c.o)
                0x0000e2a4                am_hal_interrupt_master_set
 *fill*         0x0000e2aa        0x2 
 .text.build_cmd
                0x0000e2ac       0x3c C:\Users\lkjsg\AppData\Local\Temp\arduino\cores\SparkFun_apollo3_amap3adk_86e27dbb8e1a8fafdc2546777567e19b\core.a(am_hal_iom.c.o)
 .text.internal_iom_reset_on_error
                0x0000e2e8       0xec C:\Users\lkjsg\AppData\Local\Temp\arduino\cores\SparkFun_apollo3_amap3adk_86e27dbb8e1a8fafdc2546777567e19b\core.a(am_hal_iom.c.o)
 .text.internal_iom_get_int_err
                0x0000e3d4       0x40 C:\Users\lkjsg\AppData\Local\Temp\arduino\cores\SparkFun_apollo3_amap3adk_86e27dbb8e1a8fafdc2546777567e19b\core.a(am_hal_iom.c.o)
                0x0000e3d4                internal_iom_get_int_err
 .text.am_hal_iom_CQInit
                0x0000e414       0x34 C:\Users\lkjsg\AppData\Local\Temp\arduino\cores\SparkFun_apollo3_amap3adk_86e27dbb8e1a8fafdc2546777567e19b\core.a(am_hal_iom.c.o)
                0x0000e414                am_hal_iom_CQInit
 .text.am_hal_IOM_CQReset
                0x0000e448       0x1a C:\Users\lkjsg\AppData\Local\Temp\arduino\cores\SparkFun_apollo3_amap3adk_86e27dbb8e1a8fafdc2546777567e19b\core.a(am_hal_iom.c.o)
                0x0000e448                am_hal_IOM_CQReset
 .text.am_hal_iom_CQEnable
                0x0000e462       0x20 C:\Users\lkjsg\AppData\Local\Temp\arduino\cores\SparkFun_apollo3_amap3adk_86e27dbb8e1a8fafdc2546777567e19b\core.a(am_hal_iom.c.o)
                0x0000e462                am_hal_iom_CQEnable
 .text.validate_transaction
                0x0000e482       0x68 C:\Users\lkjsg\AppData\Local\Temp\arduino\cores\SparkFun_apollo3_amap3adk_86e27dbb8e1a8fafdc2546777567e19b\core.a(am_hal_iom.c.o)
                0x0000e482                validate_transaction
 *fill*         0x0000e4ea        0x2 
 .text.am_hal_iom_initialize
                0x0000e4ec       0x44 C:\Users\lkjsg\AppData\Local\Temp\arduino\cores\SparkFun_apollo3_amap3adk_86e27dbb8e1a8fafdc2546777567e19b\core.a(am_hal_iom.c.o)
                0x0000e4ec                am_hal_iom_initialize
 .text.am_hal_iom_enable
                0x0000e530       0xa8 C:\Users\lkjsg\AppData\Local\Temp\arduino\cores\SparkFun_apollo3_amap3adk_86e27dbb8e1a8fafdc2546777567e19b\core.a(am_hal_iom.c.o)
                0x0000e530                am_hal_iom_enable
 .text.am_hal_iom_disable
                0x0000e5d8       0x5c C:\Users\lkjsg\AppData\Local\Temp\arduino\cores\SparkFun_apollo3_amap3adk_86e27dbb8e1a8fafdc2546777567e19b\core.a(am_hal_iom.c.o)
                0x0000e5d8                am_hal_iom_disable
 .text.am_hal_iom_uninitialize
                0x0000e634       0x30 C:\Users\lkjsg\AppData\Local\Temp\arduino\cores\SparkFun_apollo3_amap3adk_86e27dbb8e1a8fafdc2546777567e19b\core.a(am_hal_iom.c.o)
                0x0000e634                am_hal_iom_uninitialize
 .text.am_hal_iom_power_ctrl
                0x0000e664      0x184 C:\Users\lkjsg\AppData\Local\Temp\arduino\cores\SparkFun_apollo3_amap3adk_86e27dbb8e1a8fafdc2546777567e19b\core.a(am_hal_iom.c.o)
                0x0000e664                am_hal_iom_power_ctrl
 .text.am_hal_iom_configure
                0x0000e7e8      0x260 C:\Users\lkjsg\AppData\Local\Temp\arduino\cores\SparkFun_apollo3_amap3adk_86e27dbb8e1a8fafdc2546777567e19b\core.a(am_hal_iom.c.o)
                0x0000e7e8                am_hal_iom_configure
 .text.am_hal_iom_blocking_transfer
                0x0000ea48      0x258 C:\Users\lkjsg\AppData\Local\Temp\arduino\cores\SparkFun_apollo3_amap3adk_86e27dbb8e1a8fafdc2546777567e19b\core.a(am_hal_iom.c.o)
                0x0000ea48                am_hal_iom_blocking_transfer
 .text.am_hal_itm_enable
                0x0000eca0       0x3c C:\Users\lkjsg\AppData\Local\Temp\arduino\cores\SparkFun_apollo3_amap3adk_86e27dbb8e1a8fafdc2546777567e19b\core.a(am_hal_itm.c.o)
                0x0000eca0                am_hal_itm_enable
 .text.am_hal_itm_not_busy
                0x0000ecdc       0x14 C:\Users\lkjsg\AppData\Local\Temp\arduino\cores\SparkFun_apollo3_amap3adk_86e27dbb8e1a8fafdc2546777567e19b\core.a(am_hal_itm.c.o)
                0x0000ecdc                am_hal_itm_not_busy
 .text.am_hal_itm_disable
                0x0000ecf0       0x6c C:\Users\lkjsg\AppData\Local\Temp\arduino\cores\SparkFun_apollo3_amap3adk_86e27dbb8e1a8fafdc2546777567e19b\core.a(am_hal_itm.c.o)
                0x0000ecf0                am_hal_itm_disable
 .text.am_hal_mcuctrl_control
                0x0000ed5c      0x154 C:\Users\lkjsg\AppData\Local\Temp\arduino\cores\SparkFun_apollo3_amap3adk_86e27dbb8e1a8fafdc2546777567e19b\core.a(am_hal_mcuctrl.c.o)
                0x0000ed5c                am_hal_mcuctrl_control
 .text.am_hal_pwrctrl_periph_enable
                0x0000eeb0       0x50 C:\Users\lkjsg\AppData\Local\Temp\arduino\cores\SparkFun_apollo3_amap3adk_86e27dbb8e1a8fafdc2546777567e19b\core.a(am_hal_pwrctrl.c.o)
                0x0000eeb0                am_hal_pwrctrl_periph_enable
 .text.am_hal_pwrctrl_periph_disable
                0x0000ef00       0x50 C:\Users\lkjsg\AppData\Local\Temp\arduino\cores\SparkFun_apollo3_amap3adk_86e27dbb8e1a8fafdc2546777567e19b\core.a(am_hal_pwrctrl.c.o)
                0x0000ef00                am_hal_pwrctrl_periph_disable
 .text.am_hal_pwrctrl_low_power_init
                0x0000ef50      0x140 C:\Users\lkjsg\AppData\Local\Temp\arduino\cores\SparkFun_apollo3_amap3adk_86e27dbb8e1a8fafdc2546777567e19b\core.a(am_hal_pwrctrl.c.o)
                0x0000ef50                am_hal_pwrctrl_low_power_init
 .text.am_hal_pwrctrl_blebuck_trim
                0x0000f090       0x50 C:\Users\lkjsg\AppData\Local\Temp\arduino\cores\SparkFun_apollo3_amap3adk_86e27dbb8e1a8fafdc2546777567e19b\core.a(am_hal_pwrctrl.c.o)
                0x0000f090                am_hal_pwrctrl_blebuck_trim
 .text.am_hal_rtc_osc_disable
                0x0000f0e0       0x14 C:\Users\lkjsg\AppData\Local\Temp\arduino\cores\SparkFun_apollo3_amap3adk_86e27dbb8e1a8fafdc2546777567e19b\core.a(am_hal_rtc.c.o)
                0x0000f0e0                am_hal_rtc_osc_disable
 .text.uart_fifo_read
                0x0000f0f4       0x34 C:\Users\lkjsg\AppData\Local\Temp\arduino\cores\SparkFun_apollo3_amap3adk_86e27dbb8e1a8fafdc2546777567e19b\core.a(am_hal_uart.c.o)
 .text.uart_fifo_write
                0x0000f128       0x2a C:\Users\lkjsg\AppData\Local\Temp\arduino\cores\SparkFun_apollo3_amap3adk_86e27dbb8e1a8fafdc2546777567e19b\core.a(am_hal_uart.c.o)
 *fill*         0x0000f152        0x2 
 .text.rx_queue_update
                0x0000f154       0x40 C:\Users\lkjsg\AppData\Local\Temp\arduino\cores\SparkFun_apollo3_amap3adk_86e27dbb8e1a8fafdc2546777567e19b\core.a(am_hal_uart.c.o)
 .text.tx_queue_update
                0x0000f194       0x52 C:\Users\lkjsg\AppData\Local\Temp\arduino\cores\SparkFun_apollo3_amap3adk_86e27dbb8e1a8fafdc2546777567e19b\core.a(am_hal_uart.c.o)
 .text.write_nonblocking.part.0
                0x0000f1e6       0x42 C:\Users\lkjsg\AppData\Local\Temp\arduino\cores\SparkFun_apollo3_amap3adk_86e27dbb8e1a8fafdc2546777567e19b\core.a(am_hal_uart.c.o)
 .text.read_nonblocking.part.1
                0x0000f228       0x46 C:\Users\lkjsg\AppData\Local\Temp\arduino\cores\SparkFun_apollo3_amap3adk_86e27dbb8e1a8fafdc2546777567e19b\core.a(am_hal_uart.c.o)
 *fill*         0x0000f26e        0x2 
 .text.am_hal_uart_initialize
                0x0000f270       0x48 C:\Users\lkjsg\AppData\Local\Temp\arduino\cores\SparkFun_apollo3_amap3adk_86e27dbb8e1a8fafdc2546777567e19b\core.a(am_hal_uart.c.o)
                0x0000f270                am_hal_uart_initialize
 .text.am_hal_uart_deinitialize
                0x0000f2b8       0x28 C:\Users\lkjsg\AppData\Local\Temp\arduino\cores\SparkFun_apollo3_amap3adk_86e27dbb8e1a8fafdc2546777567e19b\core.a(am_hal_uart.c.o)
                0x0000f2b8                am_hal_uart_deinitialize
 .text.am_hal_uart_transfer
                0x0000f2e0      0x150 C:\Users\lkjsg\AppData\Local\Temp\arduino\cores\SparkFun_apollo3_amap3adk_86e27dbb8e1a8fafdc2546777567e19b\core.a(am_hal_uart.c.o)
                0x0000f2e0                am_hal_uart_transfer
 .text.am_hal_uart_tx_flush
                0x0000f430       0x48 C:\Users\lkjsg\AppData\Local\Temp\arduino\cores\SparkFun_apollo3_amap3adk_86e27dbb8e1a8fafdc2546777567e19b\core.a(am_hal_uart.c.o)
                0x0000f430                am_hal_uart_tx_flush
 .text.am_hal_uart_interrupt_service
                0x0000f478       0x8c C:\Users\lkjsg\AppData\Local\Temp\arduino\cores\SparkFun_apollo3_amap3adk_86e27dbb8e1a8fafdc2546777567e19b\core.a(am_hal_uart.c.o)
                0x0000f478                am_hal_uart_interrupt_service
 .text.am_hal_uart_interrupt_enable
                0x0000f504       0x28 C:\Users\lkjsg\AppData\Local\Temp\arduino\cores\SparkFun_apollo3_amap3adk_86e27dbb8e1a8fafdc2546777567e19b\core.a(am_hal_uart.c.o)
                0x0000f504                am_hal_uart_interrupt_enable
 .text.am_hal_uart_interrupt_disable
                0x0000f52c       0x2c C:\Users\lkjsg\AppData\Local\Temp\arduino\cores\SparkFun_apollo3_amap3adk_86e27dbb8e1a8fafdc2546777567e19b\core.a(am_hal_uart.c.o)
                0x0000f52c                am_hal_uart_interrupt_disable
 .text.am_hal_uart_configure
                0x0000f558      0x1bc C:\Users\lkjsg\AppData\Local\Temp\arduino\cores\SparkFun_apollo3_amap3adk_86e27dbb8e1a8fafdc2546777567e19b\core.a(am_hal_uart.c.o)
                0x0000f558                am_hal_uart_configure
 .text.am_hal_uart_interrupt_clear
                0x0000f714       0x24 C:\Users\lkjsg\AppData\Local\Temp\arduino\cores\SparkFun_apollo3_amap3adk_86e27dbb8e1a8fafdc2546777567e19b\core.a(am_hal_uart.c.o)
                0x0000f714                am_hal_uart_interrupt_clear
 .text.am_hal_uart_power_control
                0x0000f738       0xc4 C:\Users\lkjsg\AppData\Local\Temp\arduino\cores\SparkFun_apollo3_amap3adk_86e27dbb8e1a8fafdc2546777567e19b\core.a(am_hal_uart.c.o)
                0x0000f738                am_hal_uart_power_control
 .text.am_hal_uart_interrupt_status_get
                0x0000f7fc       0x30 C:\Users\lkjsg\AppData\Local\Temp\arduino\cores\SparkFun_apollo3_amap3adk_86e27dbb8e1a8fafdc2546777567e19b\core.a(am_hal_uart.c.o)
                0x0000f7fc                am_hal_uart_interrupt_status_get
 .text.am_util_stdio_printf_init
                0x0000f82c        0xc C:\Users\lkjsg\AppData\Local\Temp\arduino\cores\SparkFun_apollo3_amap3adk_86e27dbb8e1a8fafdc2546777567e19b\core.a(am_util_stdio.c.o)
                0x0000f82c                am_util_stdio_printf_init
 .text._ZN5Print5writeEPKc
                0x0000f838       0x20 C:\Users\lkjsg\AppData\Local\Temp\arduino\cores\SparkFun_apollo3_amap3adk_86e27dbb8e1a8fafdc2546777567e19b\core.a(Print.cpp.o)
                0x0000f838                Print::write(char const*)
 .text._ZN5Print5printERK6String
                0x0000f858        0xa C:\Users\lkjsg\AppData\Local\Temp\arduino\cores\SparkFun_apollo3_amap3adk_86e27dbb8e1a8fafdc2546777567e19b\core.a(Print.cpp.o)
                0x0000f858                Print::print(String const&)
 .text._ZN5Print5printEPKc
                0x0000f862        0x8 C:\Users\lkjsg\AppData\Local\Temp\arduino\cores\SparkFun_apollo3_amap3adk_86e27dbb8e1a8fafdc2546777567e19b\core.a(Print.cpp.o)
                0x0000f862                Print::print(char const*)
 *fill*         0x0000f86a        0x2 
 .text._ZN5Print7printlnEv
                0x0000f86c       0x10 C:\Users\lkjsg\AppData\Local\Temp\arduino\cores\SparkFun_apollo3_amap3adk_86e27dbb8e1a8fafdc2546777567e19b\core.a(Print.cpp.o)
                0x0000f86c                Print::println()
 .text._ZN5Print7printlnEPKc
                0x0000f87c       0x14 C:\Users\lkjsg\AppData\Local\Temp\arduino\cores\SparkFun_apollo3_amap3adk_86e27dbb8e1a8fafdc2546777567e19b\core.a(Print.cpp.o)
                0x0000f87c                Print::println(char const*)
 .text._ZN6StringD2Ev
                0x0000f890        0xe C:\Users\lkjsg\AppData\Local\Temp\arduino\cores\SparkFun_apollo3_amap3adk_86e27dbb8e1a8fafdc2546777567e19b\core.a(WString.cpp.o)
                0x0000f890                String::~String()
                0x0000f890                String::~String()
 .text._ZN6String10invalidateEv
                0x0000f89e       0x16 C:\Users\lkjsg\AppData\Local\Temp\arduino\cores\SparkFun_apollo3_amap3adk_86e27dbb8e1a8fafdc2546777567e19b\core.a(WString.cpp.o)
                0x0000f89e                String::invalidate()
 .text._ZN6String12changeBufferEj
                0x0000f8b4       0x18 C:\Users\lkjsg\AppData\Local\Temp\arduino\cores\SparkFun_apollo3_amap3adk_86e27dbb8e1a8fafdc2546777567e19b\core.a(WString.cpp.o)
                0x0000f8b4                String::changeBuffer(unsigned int)
 .text._ZN6String7reserveEj
                0x0000f8cc       0x28 C:\Users\lkjsg\AppData\Local\Temp\arduino\cores\SparkFun_apollo3_amap3adk_86e27dbb8e1a8fafdc2546777567e19b\core.a(WString.cpp.o)
                0x0000f8cc                String::reserve(unsigned int)
 .text._ZN6String4copyEPKcj
                0x0000f8f4       0x26 C:\Users\lkjsg\AppData\Local\Temp\arduino\cores\SparkFun_apollo3_amap3adk_86e27dbb8e1a8fafdc2546777567e19b\core.a(WString.cpp.o)
                0x0000f8f4                String::copy(char const*, unsigned int)
 .text._ZN6StringC2EPKc
                0x0000f91a       0x24 C:\Users\lkjsg\AppData\Local\Temp\arduino\cores\SparkFun_apollo3_amap3adk_86e27dbb8e1a8fafdc2546777567e19b\core.a(WString.cpp.o)
                0x0000f91a                String::String(char const*)
                0x0000f91a                String::String(char const*)
 .text._ZN6StringaSEPKc
                0x0000f93e       0x22 C:\Users\lkjsg\AppData\Local\Temp\arduino\cores\SparkFun_apollo3_amap3adk_86e27dbb8e1a8fafdc2546777567e19b\core.a(WString.cpp.o)
                0x0000f93e                String::operator=(char const*)
 .text._ZN6StringC2Eih
                0x0000f960       0x24 C:\Users\lkjsg\AppData\Local\Temp\arduino\cores\SparkFun_apollo3_amap3adk_86e27dbb8e1a8fafdc2546777567e19b\core.a(WString.cpp.o)
                0x0000f960                String::String(int, unsigned char)
                0x0000f960                String::String(int, unsigned char)
 .text._ZN6String6concatEPKcj
                0x0000f984       0x2e C:\Users\lkjsg\AppData\Local\Temp\arduino\cores\SparkFun_apollo3_amap3adk_86e27dbb8e1a8fafdc2546777567e19b\core.a(WString.cpp.o)
                0x0000f984                String::concat(char const*, unsigned int)
 .text._ZplRK15StringSumHelperRK6String
                0x0000f9b2       0x18 C:\Users\lkjsg\AppData\Local\Temp\arduino\cores\SparkFun_apollo3_amap3adk_86e27dbb8e1a8fafdc2546777567e19b\core.a(WString.cpp.o)
                0x0000f9b2                operator+(StringSumHelper const&, String const&)
 .text._ZplRK15StringSumHelperPKc
                0x0000f9ca       0x28 C:\Users\lkjsg\AppData\Local\Temp\arduino\cores\SparkFun_apollo3_amap3adk_86e27dbb8e1a8fafdc2546777567e19b\core.a(WString.cpp.o)
                0x0000f9ca                operator+(StringSumHelper const&, char const*)
 .text.ltoa     0x0000f9f2       0x6a C:\Users\lkjsg\AppData\Local\Temp\arduino\cores\SparkFun_apollo3_amap3adk_86e27dbb8e1a8fafdc2546777567e19b\core.a(itoa.c.o)
                0x0000f9f2                ltoa
 .text.itoa     0x0000fa5c        0x4 C:\Users\lkjsg\AppData\Local\Temp\arduino\cores\SparkFun_apollo3_amap3adk_86e27dbb8e1a8fafdc2546777567e19b\core.a(itoa.c.o)
                0x0000fa5c                itoa
 .text._Z16ap3_variant_initv
                0x0000fa60        0x2 C:\Users\lkjsg\AppData\Local\Temp\arduino\cores\SparkFun_apollo3_amap3adk_86e27dbb8e1a8fafdc2546777567e19b\core.a(main.cpp.o)
                0x0000fa60                ap3_variant_init()
 .text._init    0x0000fa62        0x2 C:\Users\lkjsg\AppData\Local\Temp\arduino\cores\SparkFun_apollo3_amap3adk_86e27dbb8e1a8fafdc2546777567e19b\core.a(main.cpp.o)
                0x0000fa62                _init
 .text.startup.main
                0x0000fa64       0x18 C:\Users\lkjsg\AppData\Local\Temp\arduino\cores\SparkFun_apollo3_amap3adk_86e27dbb8e1a8fafdc2546777567e19b\core.a(main.cpp.o)
                0x0000fa64                main
 .text._Z5delaym
                0x0000fa7c        0x4 C:\Users\lkjsg\AppData\Local\Temp\arduino\cores\SparkFun_apollo3_amap3adk_86e27dbb8e1a8fafdc2546777567e19b\core.a(ap3_timing.cpp.o)
                0x0000fa7c                delay(unsigned long)
 .text.am_stimer_isr
                0x0000fa80       0x18 C:\Users\lkjsg\AppData\Local\Temp\arduino\cores\SparkFun_apollo3_amap3adk_86e27dbb8e1a8fafdc2546777567e19b\core.a(ap3_timing.cpp.o)
                0x0000fa80                am_stimer_isr
 .text._ZN4UartcvbEv
                0x0000fa98        0x4 C:\Users\lkjsg\AppData\Local\Temp\arduino\cores\SparkFun_apollo3_amap3adk_86e27dbb8e1a8fafdc2546777567e19b\core.a(ap3_uart.cpp.o)
                0x0000fa98                Uart::operator bool()
 .text._ZN4Uart5beginEm
                0x0000fa9c        0x8 C:\Users\lkjsg\AppData\Local\Temp\arduino\cores\SparkFun_apollo3_amap3adk_86e27dbb8e1a8fafdc2546777567e19b\core.a(ap3_uart.cpp.o)
                0x0000fa9c                Uart::begin(unsigned long)
 .text._ZN4Uart5writeEh
                0x0000faa4       0x18 C:\Users\lkjsg\AppData\Local\Temp\arduino\cores\SparkFun_apollo3_amap3adk_86e27dbb8e1a8fafdc2546777567e19b\core.a(ap3_uart.cpp.o)
                0x0000faa4                Uart::write(unsigned char)
 .text._ZN4Uart9availableEv
                0x0000fabc       0x16 C:\Users\lkjsg\AppData\Local\Temp\arduino\cores\SparkFun_apollo3_amap3adk_86e27dbb8e1a8fafdc2546777567e19b\core.a(ap3_uart.cpp.o)
                0x0000fabc                Uart::available()
 .text._ZN4Uart17availableForWriteEv
                0x0000fad2       0x30 C:\Users\lkjsg\AppData\Local\Temp\arduino\cores\SparkFun_apollo3_amap3adk_86e27dbb8e1a8fafdc2546777567e19b\core.a(ap3_uart.cpp.o)
                0x0000fad2                Uart::availableForWrite()
 .text._ZN4Uart4peekEv
                0x0000fb02       0x1c C:\Users\lkjsg\AppData\Local\Temp\arduino\cores\SparkFun_apollo3_amap3adk_86e27dbb8e1a8fafdc2546777567e19b\core.a(ap3_uart.cpp.o)
                0x0000fb02                Uart::peek()
 .text._ZN4Uart4readEv
                0x0000fb1e       0x2a C:\Users\lkjsg\AppData\Local\Temp\arduino\cores\SparkFun_apollo3_amap3adk_86e27dbb8e1a8fafdc2546777567e19b\core.a(ap3_uart.cpp.o)
                0x0000fb1e                Uart::read()
 .text._ZN4Uart3endEv
                0x0000fb48       0x48 C:\Users\lkjsg\AppData\Local\Temp\arduino\cores\SparkFun_apollo3_amap3adk_86e27dbb8e1a8fafdc2546777567e19b\core.a(ap3_uart.cpp.o)
                0x0000fb48                Uart::end()
 .text._ZN4Uart5flushEv
                0x0000fb90        0xa C:\Users\lkjsg\AppData\Local\Temp\arduino\cores\SparkFun_apollo3_amap3adk_86e27dbb8e1a8fafdc2546777567e19b\core.a(ap3_uart.cpp.o)
                0x0000fb90                Uart::flush()
 .text._ZN4Uart5writeEPKhj
                0x0000fb9a       0x7e C:\Users\lkjsg\AppData\Local\Temp\arduino\cores\SparkFun_apollo3_amap3adk_86e27dbb8e1a8fafdc2546777567e19b\core.a(ap3_uart.cpp.o)
                0x0000fb9a                Uart::write(unsigned char const*, unsigned int)
 .text._ZN4UartC2Ehhhhh
                0x0000fc18       0xa4 C:\Users\lkjsg\AppData\Local\Temp\arduino\cores\SparkFun_apollo3_amap3adk_86e27dbb8e1a8fafdc2546777567e19b\core.a(ap3_uart.cpp.o)
                0x0000fc18                Uart::Uart(unsigned char, unsigned char, unsigned char, unsigned char, unsigned char)
                0x0000fc18                Uart::Uart(unsigned char, unsigned char, unsigned char, unsigned char, unsigned char)
 .text._ZN4Uart10set_configE23HardwareSerial_Config_e
                0x0000fcbc      0x192 C:\Users\lkjsg\AppData\Local\Temp\arduino\cores\SparkFun_apollo3_amap3adk_86e27dbb8e1a8fafdc2546777567e19b\core.a(ap3_uart.cpp.o)
                0x0000fcbc                Uart::set_config(HardwareSerial_Config_e)
 *fill*         0x0000fe4e        0x2 
 .text._Z20ap3_uart_pad_funcselh19ap3_uart_pad_type_ehPh
                0x0000fe50       0x60 C:\Users\lkjsg\AppData\Local\Temp\arduino\cores\SparkFun_apollo3_amap3adk_86e27dbb8e1a8fafdc2546777567e19b\core.a(ap3_uart.cpp.o)
                0x0000fe50                ap3_uart_pad_funcsel(unsigned char, ap3_uart_pad_type_e, unsigned char, unsigned char*)
 .text._ZN4Uart6_beginEv
                0x0000feb0      0x238 C:\Users\lkjsg\AppData\Local\Temp\arduino\cores\SparkFun_apollo3_amap3adk_86e27dbb8e1a8fafdc2546777567e19b\core.a(ap3_uart.cpp.o)
                0x0000feb0                Uart::_begin()
 .text._ZN4Uart5beginEmt
                0x000100e8       0x20 C:\Users\lkjsg\AppData\Local\Temp\arduino\cores\SparkFun_apollo3_amap3adk_86e27dbb8e1a8fafdc2546777567e19b\core.a(ap3_uart.cpp.o)
                0x000100e8                Uart::begin(unsigned long, unsigned short)
 .text._ZN4Uart8uart_isrEv
                0x00010108       0x7c C:\Users\lkjsg\AppData\Local\Temp\arduino\cores\SparkFun_apollo3_amap3adk_86e27dbb8e1a8fafdc2546777567e19b\core.a(ap3_uart.cpp.o)
                0x00010108                Uart::uart_isr()
 .text.am_uart_isr
                0x00010184       0x14 C:\Users\lkjsg\AppData\Local\Temp\arduino\cores\SparkFun_apollo3_amap3adk_86e27dbb8e1a8fafdc2546777567e19b\core.a(ap3_uart.cpp.o)
                0x00010184                am_uart_isr
 .text.am_uart1_isr
                0x00010198       0x14 C:\Users\lkjsg\AppData\Local\Temp\arduino\cores\SparkFun_apollo3_amap3adk_86e27dbb8e1a8fafdc2546777567e19b\core.a(ap3_uart.cpp.o)
                0x00010198                am_uart1_isr
 .text.set_LPMMODE.part.0
                0x000101ac       0x34 C:\Users\lkjsg\AppData\Local\Temp\arduino\cores\SparkFun_apollo3_amap3adk_86e27dbb8e1a8fafdc2546777567e19b\core.a(am_hal_cachectrl.c.o)
 .text.set_SEDELAY.part.1
                0x000101e0       0x34 C:\Users\lkjsg\AppData\Local\Temp\arduino\cores\SparkFun_apollo3_amap3adk_86e27dbb8e1a8fafdc2546777567e19b\core.a(am_hal_cachectrl.c.o)
 .text.set_RDWAIT.part.2
                0x00010214       0x3c C:\Users\lkjsg\AppData\Local\Temp\arduino\cores\SparkFun_apollo3_amap3adk_86e27dbb8e1a8fafdc2546777567e19b\core.a(am_hal_cachectrl.c.o)
 .text.am_hal_cachectrl_config
                0x00010250       0x44 C:\Users\lkjsg\AppData\Local\Temp\arduino\cores\SparkFun_apollo3_amap3adk_86e27dbb8e1a8fafdc2546777567e19b\core.a(am_hal_cachectrl.c.o)
                0x00010250                am_hal_cachectrl_config
 .text.am_hal_cachectrl_enable
                0x00010294       0x14 C:\Users\lkjsg\AppData\Local\Temp\arduino\cores\SparkFun_apollo3_amap3adk_86e27dbb8e1a8fafdc2546777567e19b\core.a(am_hal_cachectrl.c.o)
                0x00010294                am_hal_cachectrl_enable
 .text.am_hal_cachectrl_control
                0x000102a8      0x14c C:\Users\lkjsg\AppData\Local\Temp\arduino\cores\SparkFun_apollo3_amap3adk_86e27dbb8e1a8fafdc2546777567e19b\core.a(am_hal_cachectrl.c.o)
                0x000102a8                am_hal_cachectrl_control
 .text.update_indices
                0x000103f4       0x38 C:\Users\lkjsg\AppData\Local\Temp\arduino\cores\SparkFun_apollo3_amap3adk_86e27dbb8e1a8fafdc2546777567e19b\core.a(am_hal_cmdq.c.o)
 .text.am_hal_cmdq_init
                0x0001042c       0xac C:\Users\lkjsg\AppData\Local\Temp\arduino\cores\SparkFun_apollo3_amap3adk_86e27dbb8e1a8fafdc2546777567e19b\core.a(am_hal_cmdq.c.o)
                0x0001042c                am_hal_cmdq_init
 .text.am_hal_cmdq_enable
                0x000104d8       0x38 C:\Users\lkjsg\AppData\Local\Temp\arduino\cores\SparkFun_apollo3_amap3adk_86e27dbb8e1a8fafdc2546777567e19b\core.a(am_hal_cmdq.c.o)
                0x000104d8                am_hal_cmdq_enable
 .text.am_hal_cmdq_term
                0x00010510       0x54 C:\Users\lkjsg\AppData\Local\Temp\arduino\cores\SparkFun_apollo3_amap3adk_86e27dbb8e1a8fafdc2546777567e19b\core.a(am_hal_cmdq.c.o)
                0x00010510                am_hal_cmdq_term
 .text.am_hal_queue_init
                0x00010564       0x12 C:\Users\lkjsg\AppData\Local\Temp\arduino\cores\SparkFun_apollo3_amap3adk_86e27dbb8e1a8fafdc2546777567e19b\core.a(am_hal_queue.c.o)
                0x00010564                am_hal_queue_init
 .text.am_hal_queue_item_add
                0x00010576       0x56 C:\Users\lkjsg\AppData\Local\Temp\arduino\cores\SparkFun_apollo3_amap3adk_86e27dbb8e1a8fafdc2546777567e19b\core.a(am_hal_queue.c.o)
                0x00010576                am_hal_queue_item_add
 .text.am_hal_queue_item_get
                0x000105cc       0x52 C:\Users\lkjsg\AppData\Local\Temp\arduino\cores\SparkFun_apollo3_amap3adk_86e27dbb8e1a8fafdc2546777567e19b\core.a(am_hal_queue.c.o)
                0x000105cc                am_hal_queue_item_get
 *fill*         0x0001061e        0x2 
 .text.am_hal_stimer_config
                0x00010620       0x14 C:\Users\lkjsg\AppData\Local\Temp\arduino\cores\SparkFun_apollo3_amap3adk_86e27dbb8e1a8fafdc2546777567e19b\core.a(am_hal_stimer.c.o)
                0x00010620                am_hal_stimer_config
 .text.am_hal_stimer_int_enable
                0x00010634       0x14 C:\Users\lkjsg\AppData\Local\Temp\arduino\cores\SparkFun_apollo3_amap3adk_86e27dbb8e1a8fafdc2546777567e19b\core.a(am_hal_stimer.c.o)
                0x00010634                am_hal_stimer_int_enable
 .text.am_hal_stimer_int_clear
                0x00010648        0xc C:\Users\lkjsg\AppData\Local\Temp\arduino\cores\SparkFun_apollo3_amap3adk_86e27dbb8e1a8fafdc2546777567e19b\core.a(am_hal_stimer.c.o)
                0x00010648                am_hal_stimer_int_clear
 .text.am_util_delay_ms
                0x00010654       0x1e C:\Users\lkjsg\AppData\Local\Temp\arduino\cores\SparkFun_apollo3_amap3adk_86e27dbb8e1a8fafdc2546777567e19b\core.a(am_util_delay.c.o)
                0x00010654                am_util_delay_ms
 *fill*         0x00010672        0x2 
 .text._Z16ap3_gpio_pin2padh
                0x00010674        0xc C:\Users\lkjsg\AppData\Local\Temp\arduino\cores\SparkFun_apollo3_amap3adk_86e27dbb8e1a8fafdc2546777567e19b\core.a(ap3_gpio.cpp.o)
                0x00010674                ap3_gpio_pin2pad(unsigned char)
 .text._Z7padModeh20am_hal_gpio_pincfg_tP9ap3_err_t
                0x00010680       0x38 C:\Users\lkjsg\AppData\Local\Temp\arduino\cores\SparkFun_apollo3_amap3adk_86e27dbb8e1a8fafdc2546777567e19b\core.a(ap3_gpio.cpp.o)
                0x00010680                padMode(unsigned char, am_hal_gpio_pincfg_t, ap3_err_t*)
 .text._Z7pinModeh20am_hal_gpio_pincfg_tP9ap3_err_t
                0x000106b8        0xc C:\Users\lkjsg\AppData\Local\Temp\arduino\cores\SparkFun_apollo3_amap3adk_86e27dbb8e1a8fafdc2546777567e19b\core.a(ap3_gpio.cpp.o)
                0x000106b8                pinMode(unsigned char, am_hal_gpio_pincfg_t, ap3_err_t*)
 .text._Z12digitalWritehh
                0x000106c4       0x30 C:\Users\lkjsg\AppData\Local\Temp\arduino\cores\SparkFun_apollo3_amap3adk_86e27dbb8e1a8fafdc2546777567e19b\core.a(ap3_gpio.cpp.o)
                0x000106c4                digitalWrite(unsigned char, unsigned char)
 .text._Z11digitalReadh
                0x000106f4       0x58 C:\Users\lkjsg\AppData\Local\Temp\arduino\cores\SparkFun_apollo3_amap3adk_86e27dbb8e1a8fafdc2546777567e19b\core.a(ap3_gpio.cpp.o)
                0x000106f4                digitalRead(unsigned char)
 .text.am_gpio_isr
                0x0001074c       0xd4 C:\Users\lkjsg\AppData\Local\Temp\arduino\cores\SparkFun_apollo3_amap3adk_86e27dbb8e1a8fafdc2546777567e19b\core.a(ap3_gpio.cpp.o)
                0x0001074c                am_gpio_isr
 .text._Z8ap3_initv
                0x00010820       0x48 C:\Users\lkjsg\AppData\Local\Temp\arduino\cores\SparkFun_apollo3_amap3adk_86e27dbb8e1a8fafdc2546777567e19b\core.a(ap3_initialization.cpp.o)
                0x00010820                ap3_init()
 .text.__libc_init_array
                0x00010868       0x48 c:/users/lkjsg/appdata/local/arduino15/packages/sparkfun/tools/arm-none-eabi-gcc/8-2018-q4-major/bin/../lib/gcc/arm-none-eabi/8.2.1/../../../../arm-none-eabi/lib/thumb/v7e-m+fp/hard\libc_nano.a(lib_a-init.o)
                0x00010868                __libc_init_array
 .text.malloc   0x000108b0       0x10 c:/users/lkjsg/appdata/local/arduino15/packages/sparkfun/tools/arm-none-eabi-gcc/8-2018-q4-major/bin/../lib/gcc/arm-none-eabi/8.2.1/../../../../arm-none-eabi/lib/thumb/v7e-m+fp/hard\libc_nano.a(lib_a-malloc.o)
                0x000108b0                malloc
 .text.free     0x000108c0       0x10 c:/users/lkjsg/appdata/local/arduino15/packages/sparkfun/tools/arm-none-eabi-gcc/8-2018-q4-major/bin/../lib/gcc/arm-none-eabi/8.2.1/../../../../arm-none-eabi/lib/thumb/v7e-m+fp/hard\libc_nano.a(lib_a-malloc.o)
                0x000108c0                free
 .text.memcpy   0x000108d0       0x1c c:/users/lkjsg/appdata/local/arduino15/packages/sparkfun/tools/arm-none-eabi-gcc/8-2018-q4-major/bin/../lib/gcc/arm-none-eabi/8.2.1/../../../../arm-none-eabi/lib/thumb/v7e-m+fp/hard\libc_nano.a(lib_a-memcpy-stub.o)
                0x000108d0                memcpy
 .text.memmove  0x000108ec       0x34 c:/users/lkjsg/appdata/local/arduino15/packages/sparkfun/tools/arm-none-eabi-gcc/8-2018-q4-major/bin/../lib/gcc/arm-none-eabi/8.2.1/../../../../arm-none-eabi/lib/thumb/v7e-m+fp/hard\libc_nano.a(lib_a-memmove.o)
                0x000108ec                memmove
 .text.memset   0x00010920       0x10 c:/users/lkjsg/appdata/local/arduino15/packages/sparkfun/tools/arm-none-eabi-gcc/8-2018-q4-major/bin/../lib/gcc/arm-none-eabi/8.2.1/../../../../arm-none-eabi/lib/thumb/v7e-m+fp/hard\libc_nano.a(lib_a-memset.o)
                0x00010920                memset
 .text._free_r  0x00010930       0x9c c:/users/lkjsg/appdata/local/arduino15/packages/sparkfun/tools/arm-none-eabi-gcc/8-2018-q4-major/bin/../lib/gcc/arm-none-eabi/8.2.1/../../../../arm-none-eabi/lib/thumb/v7e-m+fp/hard\libc_nano.a(lib_a-nano-freer.o)
                0x00010930                _free_r
 .text._malloc_r
                0x000109cc       0xb4 c:/users/lkjsg/appdata/local/arduino15/packages/sparkfun/tools/arm-none-eabi-gcc/8-2018-q4-major/bin/../lib/gcc/arm-none-eabi/8.2.1/../../../../arm-none-eabi/lib/thumb/v7e-m+fp/hard\libc_nano.a(lib_a-nano-mallocr.o)
                0x000109cc                _malloc_r
 .text.__cvt    0x00010a80       0xba c:/users/lkjsg/appdata/local/arduino15/packages/sparkfun/tools/arm-none-eabi-gcc/8-2018-q4-major/bin/../lib/gcc/arm-none-eabi/8.2.1/../../../../arm-none-eabi/lib/thumb/v7e-m+fp/hard\libc_nano.a(lib_a-nano-vfprintf_float.o)
                0x00010a80                __cvt
 .text.__exponent
                0x00010b3a       0x64 c:/users/lkjsg/appdata/local/arduino15/packages/sparkfun/tools/arm-none-eabi-gcc/8-2018-q4-major/bin/../lib/gcc/arm-none-eabi/8.2.1/../../../../arm-none-eabi/lib/thumb/v7e-m+fp/hard\libc_nano.a(lib_a-nano-vfprintf_float.o)
                0x00010b3a                __exponent
 *fill*         0x00010b9e        0x2 
 .text._printf_float
                0x00010ba0      0x45c c:/users/lkjsg/appdata/local/arduino15/packages/sparkfun/tools/arm-none-eabi-gcc/8-2018-q4-major/bin/../lib/gcc/arm-none-eabi/8.2.1/../../../../arm-none-eabi/lib/thumb/v7e-m+fp/hard\libc_nano.a(lib_a-nano-vfprintf_float.o)
                0x00010ba0                _printf_float
 .text._printf_common
                0x00010ffc       0xea c:/users/lkjsg/appdata/local/arduino15/packages/sparkfun/tools/arm-none-eabi-gcc/8-2018-q4-major/bin/../lib/gcc/arm-none-eabi/8.2.1/../../../../arm-none-eabi/lib/thumb/v7e-m+fp/hard\libc_nano.a(lib_a-nano-vfprintf_i.o)
                0x00010ffc                _printf_common
 *fill*         0x000110e6        0x2 
 .text._printf_i
                0x000110e8      0x228 c:/users/lkjsg/appdata/local/arduino15/packages/sparkfun/tools/arm-none-eabi-gcc/8-2018-q4-major/bin/../lib/gcc/arm-none-eabi/8.2.1/../../../../arm-none-eabi/lib/thumb/v7e-m+fp/hard\libc_nano.a(lib_a-nano-vfprintf_i.o)
                0x000110e8                _printf_i
 .text.realloc  0x00011310       0x10 c:/users/lkjsg/appdata/local/arduino15/packages/sparkfun/tools/arm-none-eabi-gcc/8-2018-q4-major/bin/../lib/gcc/arm-none-eabi/8.2.1/../../../../arm-none-eabi/lib/thumb/v7e-m+fp/hard\libc_nano.a(lib_a-realloc.o)
                0x00011310                realloc
 .text._sbrk_r  0x00011320       0x20 c:/users/lkjsg/appdata/local/arduino15/packages/sparkfun/tools/arm-none-eabi-gcc/8-2018-q4-major/bin/../lib/gcc/arm-none-eabi/8.2.1/../../../../arm-none-eabi/lib/thumb/v7e-m+fp/hard\libc_nano.a(lib_a-sbrkr.o)
                0x00011320                _sbrk_r
 .text.sprintf  0x00011340       0x40 c:/users/lkjsg/appdata/local/arduino15/packages/sparkfun/tools/arm-none-eabi-gcc/8-2018-q4-major/bin/../lib/gcc/arm-none-eabi/8.2.1/../../../../arm-none-eabi/lib/thumb/v7e-m+fp/hard\libc_nano.a(lib_a-sprintf.o)
                0x00011340                siprintf
                0x00011340                sprintf
 .text.strcpy   0x00011380       0x10 c:/users/lkjsg/appdata/local/arduino15/packages/sparkfun/tools/arm-none-eabi-gcc/8-2018-q4-major/bin/../lib/gcc/arm-none-eabi/8.2.1/../../../../arm-none-eabi/lib/thumb/v7e-m+fp/hard\libc_nano.a(lib_a-strcpy.o)
                0x00011380                strcpy
 .text.quorem   0x00011390      0x112 c:/users/lkjsg/appdata/local/arduino15/packages/sparkfun/tools/arm-none-eabi-gcc/8-2018-q4-major/bin/../lib/gcc/arm-none-eabi/8.2.1/../../../../arm-none-eabi/lib/thumb/v7e-m+fp/hard\libc_nano.a(lib_a-dtoa.o)
 *fill*         0x000114a2        0x6 
 .text._dtoa_r  0x000114a8      0xb74 c:/users/lkjsg/appdata/local/arduino15/packages/sparkfun/tools/arm-none-eabi-gcc/8-2018-q4-major/bin/../lib/gcc/arm-none-eabi/8.2.1/../../../../arm-none-eabi/lib/thumb/v7e-m+fp/hard\libc_nano.a(lib_a-dtoa.o)
                0x000114a8                _dtoa_r
 .text._localeconv_r
                0x0001201c        0x8 c:/users/lkjsg/appdata/local/arduino15/packages/sparkfun/tools/arm-none-eabi-gcc/8-2018-q4-major/bin/../lib/gcc/arm-none-eabi/8.2.1/../../../../arm-none-eabi/lib/thumb/v7e-m+fp/hard\libc_nano.a(lib_a-localeconv.o)
                0x0001201c                _localeconv_r
 .text.__ascii_mbtowc
                0x00012024       0x24 c:/users/lkjsg/appdata/local/arduino15/packages/sparkfun/tools/arm-none-eabi-gcc/8-2018-q4-major/bin/../lib/gcc/arm-none-eabi/8.2.1/../../../../arm-none-eabi/lib/thumb/v7e-m+fp/hard\libc_nano.a(lib_a-mbtowc_r.o)
                0x00012024                __ascii_mbtowc
 .text.__malloc_lock
                0x00012048        0xc c:/users/lkjsg/appdata/local/arduino15/packages/sparkfun/tools/arm-none-eabi-gcc/8-2018-q4-major/bin/../lib/gcc/arm-none-eabi/8.2.1/../../../../arm-none-eabi/lib/thumb/v7e-m+fp/hard\libc_nano.a(lib_a-mlock.o)
                0x00012048                __malloc_lock
 .text.__malloc_unlock
                0x00012054        0xc c:/users/lkjsg/appdata/local/arduino15/packages/sparkfun/tools/arm-none-eabi-gcc/8-2018-q4-major/bin/../lib/gcc/arm-none-eabi/8.2.1/../../../../arm-none-eabi/lib/thumb/v7e-m+fp/hard\libc_nano.a(lib_a-mlock.o)
                0x00012054                __malloc_unlock
 .text._Balloc  0x00012060       0x68 c:/users/lkjsg/appdata/local/arduino15/packages/sparkfun/tools/arm-none-eabi-gcc/8-2018-q4-major/bin/../lib/gcc/arm-none-eabi/8.2.1/../../../../arm-none-eabi/lib/thumb/v7e-m+fp/hard\libc_nano.a(lib_a-mprec.o)
                0x00012060                _Balloc
 .text._Bfree   0x000120c8       0x2e c:/users/lkjsg/appdata/local/arduino15/packages/sparkfun/tools/arm-none-eabi-gcc/8-2018-q4-major/bin/../lib/gcc/arm-none-eabi/8.2.1/../../../../arm-none-eabi/lib/thumb/v7e-m+fp/hard\libc_nano.a(lib_a-mprec.o)
                0x000120c8                _Bfree
 .text.__multadd
                0x000120f6       0x76 c:/users/lkjsg/appdata/local/arduino15/packages/sparkfun/tools/arm-none-eabi-gcc/8-2018-q4-major/bin/../lib/gcc/arm-none-eabi/8.2.1/../../../../arm-none-eabi/lib/thumb/v7e-m+fp/hard\libc_nano.a(lib_a-mprec.o)
                0x000120f6                __multadd
 .text.__hi0bits
                0x0001216c       0x40 c:/users/lkjsg/appdata/local/arduino15/packages/sparkfun/tools/arm-none-eabi-gcc/8-2018-q4-major/bin/../lib/gcc/arm-none-eabi/8.2.1/../../../../arm-none-eabi/lib/thumb/v7e-m+fp/hard\libc_nano.a(lib_a-mprec.o)
                0x0001216c                __hi0bits
 .text.__lo0bits
                0x000121ac       0x60 c:/users/lkjsg/appdata/local/arduino15/packages/sparkfun/tools/arm-none-eabi-gcc/8-2018-q4-major/bin/../lib/gcc/arm-none-eabi/8.2.1/../../../../arm-none-eabi/lib/thumb/v7e-m+fp/hard\libc_nano.a(lib_a-mprec.o)
                0x000121ac                __lo0bits
 .text.__i2b    0x0001220c       0x12 c:/users/lkjsg/appdata/local/arduino15/packages/sparkfun/tools/arm-none-eabi-gcc/8-2018-q4-major/bin/../lib/gcc/arm-none-eabi/8.2.1/../../../../arm-none-eabi/lib/thumb/v7e-m+fp/hard\libc_nano.a(lib_a-mprec.o)
                0x0001220c                __i2b
 .text.__multiply
                0x0001221e      0x120 c:/users/lkjsg/appdata/local/arduino15/packages/sparkfun/tools/arm-none-eabi-gcc/8-2018-q4-major/bin/../lib/gcc/arm-none-eabi/8.2.1/../../../../arm-none-eabi/lib/thumb/v7e-m+fp/hard\libc_nano.a(lib_a-mprec.o)
                0x0001221e                __multiply
 *fill*         0x0001233e        0x2 
 .text.__pow5mult
                0x00012340       0x9c c:/users/lkjsg/appdata/local/arduino15/packages/sparkfun/tools/arm-none-eabi-gcc/8-2018-q4-major/bin/../lib/gcc/arm-none-eabi/8.2.1/../../../../arm-none-eabi/lib/thumb/v7e-m+fp/hard\libc_nano.a(lib_a-mprec.o)
                0x00012340                __pow5mult
 .text.__lshift
                0x000123dc       0xa6 c:/users/lkjsg/appdata/local/arduino15/packages/sparkfun/tools/arm-none-eabi-gcc/8-2018-q4-major/bin/../lib/gcc/arm-none-eabi/8.2.1/../../../../arm-none-eabi/lib/thumb/v7e-m+fp/hard\libc_nano.a(lib_a-mprec.o)
                0x000123dc                __lshift
 .text.__mcmp   0x00012482       0x34 c:/users/lkjsg/appdata/local/arduino15/packages/sparkfun/tools/arm-none-eabi-gcc/8-2018-q4-major/bin/../lib/gcc/arm-none-eabi/8.2.1/../../../../arm-none-eabi/lib/thumb/v7e-m+fp/hard\libc_nano.a(lib_a-mprec.o)
                0x00012482                __mcmp
 .text.__mdiff  0x000124b6       0xba c:/users/lkjsg/appdata/local/arduino15/packages/sparkfun/tools/arm-none-eabi-gcc/8-2018-q4-major/bin/../lib/gcc/arm-none-eabi/8.2.1/../../../../arm-none-eabi/lib/thumb/v7e-m+fp/hard\libc_nano.a(lib_a-mprec.o)
                0x000124b6                __mdiff
 .text.__d2b    0x00012570       0x9c c:/users/lkjsg/appdata/local/arduino15/packages/sparkfun/tools/arm-none-eabi-gcc/8-2018-q4-major/bin/../lib/gcc/arm-none-eabi/8.2.1/../../../../arm-none-eabi/lib/thumb/v7e-m+fp/hard\libc_nano.a(lib_a-mprec.o)
                0x00012570                __d2b
 .text._calloc_r
                0x0001260c       0x1c c:/users/lkjsg/appdata/local/arduino15/packages/sparkfun/tools/arm-none-eabi-gcc/8-2018-q4-major/bin/../lib/gcc/arm-none-eabi/8.2.1/../../../../arm-none-eabi/lib/thumb/v7e-m+fp/hard\libc_nano.a(lib_a-nano-callocr.o)
                0x0001260c                _calloc_r
 .text._realloc_r
                0x00012628       0x4c c:/users/lkjsg/appdata/local/arduino15/packages/sparkfun/tools/arm-none-eabi-gcc/8-2018-q4-major/bin/../lib/gcc/arm-none-eabi/8.2.1/../../../../arm-none-eabi/lib/thumb/v7e-m+fp/hard\libc_nano.a(lib_a-nano-reallocr.o)
                0x00012628                _realloc_r
 .text.__ssputs_r
                0x00012674       0xb6 c:/users/lkjsg/appdata/local/arduino15/packages/sparkfun/tools/arm-none-eabi-gcc/8-2018-q4-major/bin/../lib/gcc/arm-none-eabi/8.2.1/../../../../arm-none-eabi/lib/thumb/v7e-m+fp/hard\libc_nano.a(lib_a-nano-svfprintf.o)
                0x00012674                __ssputs_r
 *fill*         0x0001272a        0x2 
 .text._svfprintf_r
                0x0001272c      0x1f0 c:/users/lkjsg/appdata/local/arduino15/packages/sparkfun/tools/arm-none-eabi-gcc/8-2018-q4-major/bin/../lib/gcc/arm-none-eabi/8.2.1/../../../../arm-none-eabi/lib/thumb/v7e-m+fp/hard\libc_nano.a(lib_a-nano-svfprintf.o)
                0x0001272c                _svfiprintf_r
                0x0001272c                _svfprintf_r
 .text.__ascii_wctomb
                0x0001291c       0x1a c:/users/lkjsg/appdata/local/arduino15/packages/sparkfun/tools/arm-none-eabi-gcc/8-2018-q4-major/bin/../lib/gcc/arm-none-eabi/8.2.1/../../../../arm-none-eabi/lib/thumb/v7e-m+fp/hard\libc_nano.a(lib_a-wctomb_r.o)
                0x0001291c                __ascii_wctomb
 .text.__retarget_lock_acquire_recursive
                0x00012936        0x2 c:/users/lkjsg/appdata/local/arduino15/packages/sparkfun/tools/arm-none-eabi-gcc/8-2018-q4-major/bin/../lib/gcc/arm-none-eabi/8.2.1/../../../../arm-none-eabi/lib/thumb/v7e-m+fp/hard\libc_nano.a(lib_a-lock.o)
                0x00012936                __retarget_lock_acquire_recursive
 .text.__retarget_lock_release_recursive
                0x00012938        0x2 c:/users/lkjsg/appdata/local/arduino15/packages/sparkfun/tools/arm-none-eabi-gcc/8-2018-q4-major/bin/../lib/gcc/arm-none-eabi/8.2.1/../../../../arm-none-eabi/lib/thumb/v7e-m+fp/hard\libc_nano.a(lib_a-lock.o)
                0x00012938                __retarget_lock_release_recursive
 .text._malloc_usable_size_r
                0x0001293a       0x10 c:/users/lkjsg/appdata/local/arduino15/packages/sparkfun/tools/arm-none-eabi-gcc/8-2018-q4-major/bin/../lib/gcc/arm-none-eabi/8.2.1/../../../../arm-none-eabi/lib/thumb/v7e-m+fp/hard\libc_nano.a(lib_a-nano-msizer.o)
                0x0001293a                _malloc_usable_size_r
 *fill*         0x0001294a        0x2 
 .text._sbrk    0x0001294c       0x1c c:/users/lkjsg/appdata/local/arduino15/packages/sparkfun/tools/arm-none-eabi-gcc/8-2018-q4-major/bin/../lib/gcc/arm-none-eabi/8.2.1/../../../../arm-none-eabi/lib/thumb/v7e-m+fp/hard\libnosys.a(sbrk.o)
                0x0001294c                _sbrk
                0x00012968                . = ALIGN (0x4)
                0x00012968                __init_array_start = .
 *(.init_array)
 .init_array    0x00012968        0x4 C:\Users\lkjsg\AppData\Local\Temp\arduino\sketches\71C22855196332233239BB0A72A14669\sketch\Example1_StopMotion.ino.cpp.o
 .init_array    0x0001296c        0x4 C:\Users\lkjsg\AppData\Local\Temp\arduino\sketches\71C22855196332233239BB0A72A14669\core\config\variant.cpp.o
 *(.ctors)
                0x00012970                __init_array_end = .
 *(.rodata)
 *(.rodata*)
 .rodata._Z16framebuffer_dumpv.str1.1
                0x00012970       0x22 C:\Users\lkjsg\AppData\Local\Temp\arduino\sketches\71C22855196332233239BB0A72A14669\sketch\Example1_StopMotion.ino.cpp.o
                                 0x24 (size before relaxing)
 .rodata._Z9printByteh.str1.1
                0x00012992        0x5 C:\Users\lkjsg\AppData\Local\Temp\arduino\sketches\71C22855196332233239BB0A72A14669\sketch\Example1_StopMotion.ino.cpp.o
 .rodata._Z9printWordm.str1.1
                0x00012997        0x5 C:\Users\lkjsg\AppData\Local\Temp\arduino\sketches\71C22855196332233239BB0A72A14669\sketch\Example1_StopMotion.ino.cpp.o
 .rodata.setup.str1.1
                0x0001299c       0x7a C:\Users\lkjsg\AppData\Local\Temp\arduino\sketches\71C22855196332233239BB0A72A14669\sketch\Example1_StopMotion.ino.cpp.o
                                 0x7c (size before relaxing)
 .rodata._ZL17sHM01B0InitScript
                0x00012a16      0x118 C:\Users\lkjsg\AppData\Local\Temp\arduino\sketches\71C22855196332233239BB0A72A14669\libraries\SparkFun_HM01B0_Camera\hm01b0_arduino.cpp.o
 *fill*         0x00012b2e        0x2 
 .rodata.g_AM_BSP_GPIO_IOM0_CS
                0x00012b30        0x4 C:\Users\lkjsg\AppData\Local\Temp\arduino\sketches\71C22855196332233239BB0A72A14669\core\bsp\am_bsp_pins.c.o
                0x00012b30                g_AM_BSP_GPIO_IOM0_CS
 .rodata.g_AM_BSP_GPIO_IOM0_MISO
                0x00012b34        0x4 C:\Users\lkjsg\AppData\Local\Temp\arduino\sketches\71C22855196332233239BB0A72A14669\core\bsp\am_bsp_pins.c.o
                0x00012b34                g_AM_BSP_GPIO_IOM0_MISO
 .rodata.g_AM_BSP_GPIO_IOM0_MOSI
                0x00012b38        0x4 C:\Users\lkjsg\AppData\Local\Temp\arduino\sketches\71C22855196332233239BB0A72A14669\core\bsp\am_bsp_pins.c.o
                0x00012b38                g_AM_BSP_GPIO_IOM0_MOSI
 .rodata.g_AM_BSP_GPIO_IOM0_SCK
                0x00012b3c        0x4 C:\Users\lkjsg\AppData\Local\Temp\arduino\sketches\71C22855196332233239BB0A72A14669\core\bsp\am_bsp_pins.c.o
                0x00012b3c                g_AM_BSP_GPIO_IOM0_SCK
 .rodata.g_AM_BSP_GPIO_IOM0_SCL
                0x00012b40        0x4 C:\Users\lkjsg\AppData\Local\Temp\arduino\sketches\71C22855196332233239BB0A72A14669\core\bsp\am_bsp_pins.c.o
                0x00012b40                g_AM_BSP_GPIO_IOM0_SCL
 .rodata.g_AM_BSP_GPIO_IOM0_SDA
                0x00012b44        0x4 C:\Users\lkjsg\AppData\Local\Temp\arduino\sketches\71C22855196332233239BB0A72A14669\core\bsp\am_bsp_pins.c.o
                0x00012b44                g_AM_BSP_GPIO_IOM0_SDA
 .rodata.g_AM_BSP_GPIO_IOM1_CS
                0x00012b48        0x4 C:\Users\lkjsg\AppData\Local\Temp\arduino\sketches\71C22855196332233239BB0A72A14669\core\bsp\am_bsp_pins.c.o
                0x00012b48                g_AM_BSP_GPIO_IOM1_CS
 .rodata.g_AM_BSP_GPIO_IOM1_MISO
                0x00012b4c        0x4 C:\Users\lkjsg\AppData\Local\Temp\arduino\sketches\71C22855196332233239BB0A72A14669\core\bsp\am_bsp_pins.c.o
                0x00012b4c                g_AM_BSP_GPIO_IOM1_MISO
 .rodata.g_AM_BSP_GPIO_IOM1_MOSI
                0x00012b50        0x4 C:\Users\lkjsg\AppData\Local\Temp\arduino\sketches\71C22855196332233239BB0A72A14669\core\bsp\am_bsp_pins.c.o
                0x00012b50                g_AM_BSP_GPIO_IOM1_MOSI
 .rodata.g_AM_BSP_GPIO_IOM1_SCK
                0x00012b54        0x4 C:\Users\lkjsg\AppData\Local\Temp\arduino\sketches\71C22855196332233239BB0A72A14669\core\bsp\am_bsp_pins.c.o
                0x00012b54                g_AM_BSP_GPIO_IOM1_SCK
 .rodata.g_AM_BSP_GPIO_IOM1_SCL
                0x00012b58        0x4 C:\Users\lkjsg\AppData\Local\Temp\arduino\sketches\71C22855196332233239BB0A72A14669\core\bsp\am_bsp_pins.c.o
                0x00012b58                g_AM_BSP_GPIO_IOM1_SCL
 .rodata.g_AM_BSP_GPIO_IOM1_SDA
                0x00012b5c        0x4 C:\Users\lkjsg\AppData\Local\Temp\arduino\sketches\71C22855196332233239BB0A72A14669\core\bsp\am_bsp_pins.c.o
                0x00012b5c                g_AM_BSP_GPIO_IOM1_SDA
 .rodata.g_AM_BSP_GPIO_IOM2_CS
                0x00012b60        0x4 C:\Users\lkjsg\AppData\Local\Temp\arduino\sketches\71C22855196332233239BB0A72A14669\core\bsp\am_bsp_pins.c.o
                0x00012b60                g_AM_BSP_GPIO_IOM2_CS
 .rodata.g_AM_BSP_GPIO_IOM2_MISO
                0x00012b64        0x4 C:\Users\lkjsg\AppData\Local\Temp\arduino\sketches\71C22855196332233239BB0A72A14669\core\bsp\am_bsp_pins.c.o
                0x00012b64                g_AM_BSP_GPIO_IOM2_MISO
 .rodata.g_AM_BSP_GPIO_IOM2_MOSI
                0x00012b68        0x4 C:\Users\lkjsg\AppData\Local\Temp\arduino\sketches\71C22855196332233239BB0A72A14669\core\bsp\am_bsp_pins.c.o
                0x00012b68                g_AM_BSP_GPIO_IOM2_MOSI
 .rodata.g_AM_BSP_GPIO_IOM2_SCK
                0x00012b6c        0x4 C:\Users\lkjsg\AppData\Local\Temp\arduino\sketches\71C22855196332233239BB0A72A14669\core\bsp\am_bsp_pins.c.o
                0x00012b6c                g_AM_BSP_GPIO_IOM2_SCK
 .rodata.g_AM_BSP_GPIO_IOM2_SCL
                0x00012b70        0x4 C:\Users\lkjsg\AppData\Local\Temp\arduino\sketches\71C22855196332233239BB0A72A14669\core\bsp\am_bsp_pins.c.o
                0x00012b70                g_AM_BSP_GPIO_IOM2_SCL
 .rodata.g_AM_BSP_GPIO_IOM2_SDA
                0x00012b74        0x4 C:\Users\lkjsg\AppData\Local\Temp\arduino\sketches\71C22855196332233239BB0A72A14669\core\bsp\am_bsp_pins.c.o
                0x00012b74                g_AM_BSP_GPIO_IOM2_SDA
 .rodata.g_AM_BSP_GPIO_IOM3_CS
                0x00012b78        0x4 C:\Users\lkjsg\AppData\Local\Temp\arduino\sketches\71C22855196332233239BB0A72A14669\core\bsp\am_bsp_pins.c.o
                0x00012b78                g_AM_BSP_GPIO_IOM3_CS
 .rodata.g_AM_BSP_GPIO_IOM3_MISO
                0x00012b7c        0x4 C:\Users\lkjsg\AppData\Local\Temp\arduino\sketches\71C22855196332233239BB0A72A14669\core\bsp\am_bsp_pins.c.o
                0x00012b7c                g_AM_BSP_GPIO_IOM3_MISO
 .rodata.g_AM_BSP_GPIO_IOM3_MOSI
                0x00012b80        0x4 C:\Users\lkjsg\AppData\Local\Temp\arduino\sketches\71C22855196332233239BB0A72A14669\core\bsp\am_bsp_pins.c.o
                0x00012b80                g_AM_BSP_GPIO_IOM3_MOSI
 .rodata.g_AM_BSP_GPIO_IOM3_SCK
                0x00012b84        0x4 C:\Users\lkjsg\AppData\Local\Temp\arduino\sketches\71C22855196332233239BB0A72A14669\core\bsp\am_bsp_pins.c.o
                0x00012b84                g_AM_BSP_GPIO_IOM3_SCK
 .rodata.g_AM_BSP_GPIO_IOM3_SCL
                0x00012b88        0x4 C:\Users\lkjsg\AppData\Local\Temp\arduino\sketches\71C22855196332233239BB0A72A14669\core\bsp\am_bsp_pins.c.o
                0x00012b88                g_AM_BSP_GPIO_IOM3_SCL
 .rodata.g_AM_BSP_GPIO_IOM3_SDA
                0x00012b8c        0x4 C:\Users\lkjsg\AppData\Local\Temp\arduino\sketches\71C22855196332233239BB0A72A14669\core\bsp\am_bsp_pins.c.o
                0x00012b8c                g_AM_BSP_GPIO_IOM3_SDA
 .rodata.g_AM_BSP_GPIO_IOM4_CS
                0x00012b90        0x4 C:\Users\lkjsg\AppData\Local\Temp\arduino\sketches\71C22855196332233239BB0A72A14669\core\bsp\am_bsp_pins.c.o
                0x00012b90                g_AM_BSP_GPIO_IOM4_CS
 .rodata.g_AM_BSP_GPIO_IOM4_MISO
                0x00012b94        0x4 C:\Users\lkjsg\AppData\Local\Temp\arduino\sketches\71C22855196332233239BB0A72A14669\core\bsp\am_bsp_pins.c.o
                0x00012b94                g_AM_BSP_GPIO_IOM4_MISO
 .rodata.g_AM_BSP_GPIO_IOM4_MOSI
                0x00012b98        0x4 C:\Users\lkjsg\AppData\Local\Temp\arduino\sketches\71C22855196332233239BB0A72A14669\core\bsp\am_bsp_pins.c.o
                0x00012b98                g_AM_BSP_GPIO_IOM4_MOSI
 .rodata.g_AM_BSP_GPIO_IOM4_SCK
                0x00012b9c        0x4 C:\Users\lkjsg\AppData\Local\Temp\arduino\sketches\71C22855196332233239BB0A72A14669\core\bsp\am_bsp_pins.c.o
                0x00012b9c                g_AM_BSP_GPIO_IOM4_SCK
 .rodata.g_AM_BSP_GPIO_IOM4_SCL
                0x00012ba0        0x4 C:\Users\lkjsg\AppData\Local\Temp\arduino\sketches\71C22855196332233239BB0A72A14669\core\bsp\am_bsp_pins.c.o
                0x00012ba0                g_AM_BSP_GPIO_IOM4_SCL
 .rodata.g_AM_BSP_GPIO_IOM4_SDA
                0x00012ba4        0x4 C:\Users\lkjsg\AppData\Local\Temp\arduino\sketches\71C22855196332233239BB0A72A14669\core\bsp\am_bsp_pins.c.o
                0x00012ba4                g_AM_BSP_GPIO_IOM4_SDA
 .rodata.g_AM_BSP_GPIO_IOM5_CS
                0x00012ba8        0x4 C:\Users\lkjsg\AppData\Local\Temp\arduino\sketches\71C22855196332233239BB0A72A14669\core\bsp\am_bsp_pins.c.o
                0x00012ba8                g_AM_BSP_GPIO_IOM5_CS
 .rodata.g_AM_BSP_GPIO_IOM5_MISO
                0x00012bac        0x4 C:\Users\lkjsg\AppData\Local\Temp\arduino\sketches\71C22855196332233239BB0A72A14669\core\bsp\am_bsp_pins.c.o
                0x00012bac                g_AM_BSP_GPIO_IOM5_MISO
 .rodata.g_AM_BSP_GPIO_IOM5_MOSI
                0x00012bb0        0x4 C:\Users\lkjsg\AppData\Local\Temp\arduino\sketches\71C22855196332233239BB0A72A14669\core\bsp\am_bsp_pins.c.o
                0x00012bb0                g_AM_BSP_GPIO_IOM5_MOSI
 .rodata.g_AM_BSP_GPIO_IOM5_SCK
                0x00012bb4        0x4 C:\Users\lkjsg\AppData\Local\Temp\arduino\sketches\71C22855196332233239BB0A72A14669\core\bsp\am_bsp_pins.c.o
                0x00012bb4                g_AM_BSP_GPIO_IOM5_SCK
 .rodata.g_AM_BSP_GPIO_IOM5_SCL
                0x00012bb8        0x4 C:\Users\lkjsg\AppData\Local\Temp\arduino\sketches\71C22855196332233239BB0A72A14669\core\bsp\am_bsp_pins.c.o
                0x00012bb8                g_AM_BSP_GPIO_IOM5_SCL
 .rodata.g_AM_BSP_GPIO_IOM5_SDA
                0x00012bbc        0x4 C:\Users\lkjsg\AppData\Local\Temp\arduino\sketches\71C22855196332233239BB0A72A14669\core\bsp\am_bsp_pins.c.o
                0x00012bbc                g_AM_BSP_GPIO_IOM5_SDA
 .rodata.ap3_variant_pinmap
                0x00012bc0       0x32 C:\Users\lkjsg\AppData\Local\Temp\arduino\sketches\71C22855196332233239BB0A72A14669\core\config\variant.cpp.o
                0x00012bc0                ap3_variant_pinmap
 .rodata.CTx_tbl
                0x00012bf2       0x40 C:\Users\lkjsg\AppData\Local\Temp\arduino\cores\SparkFun_apollo3_amap3adk_86e27dbb8e1a8fafdc2546777567e19b\core.a(am_hal_ctimer.c.o)
 .rodata.outcfg_tbl
                0x00012c32       0x80 C:\Users\lkjsg\AppData\Local\Temp\arduino\cores\SparkFun_apollo3_amap3adk_86e27dbb8e1a8fafdc2546777567e19b\core.a(am_hal_ctimer.c.o)
 *fill*         0x00012cb2        0x2 
 .rodata.g_AM_HAL_GPIO_DISABLE
                0x00012cb4        0x4 C:\Users\lkjsg\AppData\Local\Temp\arduino\cores\SparkFun_apollo3_amap3adk_86e27dbb8e1a8fafdc2546777567e19b\core.a(am_hal_gpio.c.o)
                0x00012cb4                g_AM_HAL_GPIO_DISABLE
 .rodata.g_AM_HAL_GPIO_INPUT
                0x00012cb8        0x4 C:\Users\lkjsg\AppData\Local\Temp\arduino\cores\SparkFun_apollo3_amap3adk_86e27dbb8e1a8fafdc2546777567e19b\core.a(am_hal_gpio.c.o)
                0x00012cb8                g_AM_HAL_GPIO_INPUT
 .rodata.g_AM_HAL_GPIO_OUTPUT
                0x00012cbc        0x4 C:\Users\lkjsg\AppData\Local\Temp\arduino\cores\SparkFun_apollo3_amap3adk_86e27dbb8e1a8fafdc2546777567e19b\core.a(am_hal_gpio.c.o)
                0x00012cbc                g_AM_HAL_GPIO_OUTPUT
 .rodata.g_ui8Bit76Capabilities
                0x00012cc0       0x32 C:\Users\lkjsg\AppData\Local\Temp\arduino\cores\SparkFun_apollo3_amap3adk_86e27dbb8e1a8fafdc2546777567e19b\core.a(am_hal_gpio.c.o)
 .rodata.g_ui8Inpen
                0x00012cf2       0x32 C:\Users\lkjsg\AppData\Local\Temp\arduino\cores\SparkFun_apollo3_amap3adk_86e27dbb8e1a8fafdc2546777567e19b\core.a(am_hal_gpio.c.o)
 .rodata.g_ui8NCEtable
                0x00012d24       0xc8 C:\Users\lkjsg\AppData\Local\Temp\arduino\cores\SparkFun_apollo3_amap3adk_86e27dbb8e1a8fafdc2546777567e19b\core.a(am_hal_gpio.c.o)
 .rodata.g_ui8nCEpins
                0x00012dec       0x32 C:\Users\lkjsg\AppData\Local\Temp\arduino\cores\SparkFun_apollo3_amap3adk_86e27dbb8e1a8fafdc2546777567e19b\core.a(am_hal_gpio.c.o)
 *fill*         0x00012e1e        0x2 
 .rodata.am_hal_pwrctrl_peripheral_control
                0x00012e20       0xb4 C:\Users\lkjsg\AppData\Local\Temp\arduino\cores\SparkFun_apollo3_amap3adk_86e27dbb8e1a8fafdc2546777567e19b\core.a(am_hal_pwrctrl.c.o)
                0x00012e20                am_hal_pwrctrl_peripheral_control
 .rodata.CSWTCH.19
                0x00012ed4       0x10 C:\Users\lkjsg\AppData\Local\Temp\arduino\cores\SparkFun_apollo3_amap3adk_86e27dbb8e1a8fafdc2546777567e19b\core.a(am_hal_uart.c.o)
 .rodata._ZN5Print7printlnEv.str1.1
                0x00012ee4        0x3 C:\Users\lkjsg\AppData\Local\Temp\arduino\cores\SparkFun_apollo3_amap3adk_86e27dbb8e1a8fafdc2546777567e19b\core.a(Print.cpp.o)
 *fill*         0x00012ee7        0x1 
 .rodata.CSWTCH.35
                0x00012ee8       0x10 C:\Users\lkjsg\AppData\Local\Temp\arduino\cores\SparkFun_apollo3_amap3adk_86e27dbb8e1a8fafdc2546777567e19b\core.a(ap3_uart.cpp.o)
 .rodata.CSWTCH.36
                0x00012ef8        0x4 C:\Users\lkjsg\AppData\Local\Temp\arduino\cores\SparkFun_apollo3_amap3adk_86e27dbb8e1a8fafdc2546777567e19b\core.a(ap3_uart.cpp.o)
 .rodata.CSWTCH.37
                0x00012efc       0x10 C:\Users\lkjsg\AppData\Local\Temp\arduino\cores\SparkFun_apollo3_amap3adk_86e27dbb8e1a8fafdc2546777567e19b\core.a(ap3_uart.cpp.o)
 .rodata.CSWTCH.38
                0x00012f0c        0x4 C:\Users\lkjsg\AppData\Local\Temp\arduino\cores\SparkFun_apollo3_amap3adk_86e27dbb8e1a8fafdc2546777567e19b\core.a(ap3_uart.cpp.o)
 .rodata._ZTV4Uart
                0x00012f10       0x34 C:\Users\lkjsg\AppData\Local\Temp\arduino\cores\SparkFun_apollo3_amap3adk_86e27dbb8e1a8fafdc2546777567e19b\core.a(ap3_uart.cpp.o)
                0x00012f10                vtable for Uart
 .rodata.ap3_uart0_cts_map
                0x00012f44       0x10 C:\Users\lkjsg\AppData\Local\Temp\arduino\cores\SparkFun_apollo3_amap3adk_86e27dbb8e1a8fafdc2546777567e19b\core.a(ap3_uart_structures.c.o)
                0x00012f44                ap3_uart0_cts_map
 .rodata.ap3_uart0_rts_map
                0x00012f54       0x10 C:\Users\lkjsg\AppData\Local\Temp\arduino\cores\SparkFun_apollo3_amap3adk_86e27dbb8e1a8fafdc2546777567e19b\core.a(ap3_uart_structures.c.o)
                0x00012f54                ap3_uart0_rts_map
 .rodata.ap3_uart0_rx_map
                0x00012f64       0x18 C:\Users\lkjsg\AppData\Local\Temp\arduino\cores\SparkFun_apollo3_amap3adk_86e27dbb8e1a8fafdc2546777567e19b\core.a(ap3_uart_structures.c.o)
                0x00012f64                ap3_uart0_rx_map
 .rodata.ap3_uart0_tx_map
                0x00012f7c       0x18 C:\Users\lkjsg\AppData\Local\Temp\arduino\cores\SparkFun_apollo3_amap3adk_86e27dbb8e1a8fafdc2546777567e19b\core.a(ap3_uart_structures.c.o)
                0x00012f7c                ap3_uart0_tx_map
 .rodata.ap3_uart1_cts_map
                0x00012f94       0x10 C:\Users\lkjsg\AppData\Local\Temp\arduino\cores\SparkFun_apollo3_amap3adk_86e27dbb8e1a8fafdc2546777567e19b\core.a(ap3_uart_structures.c.o)
                0x00012f94                ap3_uart1_cts_map
 .rodata.ap3_uart1_rts_map
                0x00012fa4       0x10 C:\Users\lkjsg\AppData\Local\Temp\arduino\cores\SparkFun_apollo3_amap3adk_86e27dbb8e1a8fafdc2546777567e19b\core.a(ap3_uart_structures.c.o)
                0x00012fa4                ap3_uart1_rts_map
 .rodata.ap3_uart1_rx_map
                0x00012fb4       0x1a C:\Users\lkjsg\AppData\Local\Temp\arduino\cores\SparkFun_apollo3_amap3adk_86e27dbb8e1a8fafdc2546777567e19b\core.a(ap3_uart_structures.c.o)
                0x00012fb4                ap3_uart1_rx_map
 .rodata.ap3_uart1_tx_map
                0x00012fce       0x18 C:\Users\lkjsg\AppData\Local\Temp\arduino\cores\SparkFun_apollo3_amap3adk_86e27dbb8e1a8fafdc2546777567e19b\core.a(ap3_uart_structures.c.o)
                0x00012fce                ap3_uart1_tx_map
 *fill*         0x00012fe6        0x2 
 .rodata.ap3_uart_config_default
                0x00012fe8       0x28 C:\Users\lkjsg\AppData\Local\Temp\arduino\cores\SparkFun_apollo3_amap3adk_86e27dbb8e1a8fafdc2546777567e19b\core.a(ap3_uart_structures.c.o)
                0x00012fe8                ap3_uart_config_default
 .rodata.am_hal_cachectrl_defaults
                0x00013010        0x3 C:\Users\lkjsg\AppData\Local\Temp\arduino\cores\SparkFun_apollo3_amap3adk_86e27dbb8e1a8fafdc2546777567e19b\core.a(am_hal_cachectrl.c.o)
                0x00013010                am_hal_cachectrl_defaults
 *fill*         0x00013013        0x1 
 .rodata.gAmHalCmdQReg
                0x00013014      0x140 C:\Users\lkjsg\AppData\Local\Temp\arduino\cores\SparkFun_apollo3_amap3adk_86e27dbb8e1a8fafdc2546777567e19b\core.a(am_hal_cmdq.c.o)
 .rodata.AP3_GPIO_PINCFG_NULL
                0x00013154        0x4 C:\Users\lkjsg\AppData\Local\Temp\arduino\cores\SparkFun_apollo3_amap3adk_86e27dbb8e1a8fafdc2546777567e19b\core.a(ap3_gpio_structures.c.o)
                0x00013154                AP3_GPIO_PINCFG_NULL
 .rodata._printf_float.str1.1
                0x00013158       0x12 c:/users/lkjsg/appdata/local/arduino15/packages/sparkfun/tools/arm-none-eabi-gcc/8-2018-q4-major/bin/../lib/gcc/arm-none-eabi/8.2.1/../../../../arm-none-eabi/lib/thumb/v7e-m+fp/hard\libc_nano.a(lib_a-nano-vfprintf_float.o)
 .rodata._printf_i.str1.1
                0x0001316a       0x22 c:/users/lkjsg/appdata/local/arduino15/packages/sparkfun/tools/arm-none-eabi-gcc/8-2018-q4-major/bin/../lib/gcc/arm-none-eabi/8.2.1/../../../../arm-none-eabi/lib/thumb/v7e-m+fp/hard\libc_nano.a(lib_a-nano-vfprintf_i.o)
 .rodata._ctype_
                0x0001318c      0x101 c:/users/lkjsg/appdata/local/arduino15/packages/sparkfun/tools/arm-none-eabi-gcc/8-2018-q4-major/bin/../lib/gcc/arm-none-eabi/8.2.1/../../../../arm-none-eabi/lib/thumb/v7e-m+fp/hard\libc_nano.a(lib_a-ctype_.o)
                0x0001318c                _ctype_
 .rodata._dtoa_r.str1.1
                0x0001328d        0xd c:/users/lkjsg/appdata/local/arduino15/packages/sparkfun/tools/arm-none-eabi-gcc/8-2018-q4-major/bin/../lib/gcc/arm-none-eabi/8.2.1/../../../../arm-none-eabi/lib/thumb/v7e-m+fp/hard\libc_nano.a(lib_a-dtoa.o)
                                  0xf (size before relaxing)
 .rodata._setlocale_r.str1.1
                0x0001329a        0x8 c:/users/lkjsg/appdata/local/arduino15/packages/sparkfun/tools/arm-none-eabi-gcc/8-2018-q4-major/bin/../lib/gcc/arm-none-eabi/8.2.1/../../../../arm-none-eabi/lib/thumb/v7e-m+fp/hard\libc_nano.a(lib_a-locale.o)
                                  0x9 (size before relaxing)
 .rodata.str1.1
                0x000132a2        0x8 c:/users/lkjsg/appdata/local/arduino15/packages/sparkfun/tools/arm-none-eabi-gcc/8-2018-q4-major/bin/../lib/gcc/arm-none-eabi/8.2.1/../../../../arm-none-eabi/lib/thumb/v7e-m+fp/hard\libc_nano.a(lib_a-locale.o)
                                  0x2 (size before relaxing)
 *fill*         0x000132a2        0x6 
 .rodata.__mprec_bigtens
                0x000132a8       0x28 c:/users/lkjsg/appdata/local/arduino15/packages/sparkfun/tools/arm-none-eabi-gcc/8-2018-q4-major/bin/../lib/gcc/arm-none-eabi/8.2.1/../../../../arm-none-eabi/lib/thumb/v7e-m+fp/hard\libc_nano.a(lib_a-mprec.o)
                0x000132a8                __mprec_bigtens
 .rodata.__mprec_tens
                0x000132d0       0xc8 c:/users/lkjsg/appdata/local/arduino15/packages/sparkfun/tools/arm-none-eabi-gcc/8-2018-q4-major/bin/../lib/gcc/arm-none-eabi/8.2.1/../../../../arm-none-eabi/lib/thumb/v7e-m+fp/hard\libc_nano.a(lib_a-mprec.o)
                0x000132d0                __mprec_tens
 .rodata.p05.7454
                0x00013398        0xc c:/users/lkjsg/appdata/local/arduino15/packages/sparkfun/tools/arm-none-eabi-gcc/8-2018-q4-major/bin/../lib/gcc/arm-none-eabi/8.2.1/../../../../arm-none-eabi/lib/thumb/v7e-m+fp/hard\libc_nano.a(lib_a-mprec.o)
 .rodata._svfprintf_r.str1.1
                0x000133a4       0x11 c:/users/lkjsg/appdata/local/arduino15/packages/sparkfun/tools/arm-none-eabi-gcc/8-2018-q4-major/bin/../lib/gcc/arm-none-eabi/8.2.1/../../../../arm-none-eabi/lib/thumb/v7e-m+fp/hard\libc_nano.a(lib_a-nano-svfprintf.o)
                0x000133b8                . = ALIGN (0x4)
 *fill*         0x000133b5        0x3 
                0x000133b8                _etext = .

.glue_7         0x000133b8        0x0
 .glue_7        0x000133b8        0x0 linker stubs

.glue_7t        0x000133b8        0x0
 .glue_7t       0x000133b8        0x0 linker stubs

.vfp11_veneer   0x000133b8        0x0
 .vfp11_veneer  0x000133b8        0x0 linker stubs

.v4_bx          0x000133b8        0x0
 .v4_bx         0x000133b8        0x0 linker stubs

.iplt           0x000133b8        0x0
 .iplt          0x000133b8        0x0 C:\Users\lkjsg\AppData\Local\Temp\arduino\sketches\71C22855196332233239BB0A72A14669\sketch\Example1_StopMotion.ino.cpp.o

.rel.dyn        0x000133b8        0x0
 .rel.iplt      0x000133b8        0x0 C:\Users\lkjsg\AppData\Local\Temp\arduino\sketches\71C22855196332233239BB0A72A14669\sketch\Example1_StopMotion.ino.cpp.o

.stack          0x10000000    0x14000
                0x10000000                . = ALIGN (0x8)
 *(.stack)
 .stack         0x10000000    0x14000 C:\Users\lkjsg\AppData\Local\Temp\arduino\sketches\71C22855196332233239BB0A72A14669\core\startup\startup_gcc.c.o
 *(.stack*)
                0x10014000                . = ALIGN (0x8)

.data           0x10014000      0x274 load address 0x000133b8
                0x10014000                . = ALIGN (0x4)
                0x10014000                _sdata = .
 *(.data)
 *(.data*)
 .data.hm01b0_cfg
                0x10014000        0x4 C:\Users\lkjsg\AppData\Local\Temp\arduino\sketches\71C22855196332233239BB0A72A14669\libraries\SparkFun_HM01B0_Camera\platforms\apollo3\src\hm01b0_platform_apollo3.c.o
                0x10014000                hm01b0_cfg
 .data.hm01b0_platform_apollo3_args
                0x10014004       0x40 C:\Users\lkjsg\AppData\Local\Temp\arduino\sketches\71C22855196332233239BB0A72A14669\libraries\SparkFun_HM01B0_Camera\platforms\apollo3\src\hm01b0_platform_apollo3.c.o
                0x10014004                hm01b0_platform_apollo3_args
 .data.hm01b0_platform_apollo3_if
                0x10014044       0x1c C:\Users\lkjsg\AppData\Local\Temp\arduino\sketches\71C22855196332233239BB0A72A14669\libraries\SparkFun_HM01B0_Camera\platforms\apollo3\src\hm01b0_platform_apollo3.c.o
                0x10014044                hm01b0_platform_apollo3_if
 .data.am_bsp_psLEDs
                0x10014060        0x8 C:\Users\lkjsg\AppData\Local\Temp\arduino\sketches\71C22855196332233239BB0A72A14669\core\bsp\am_bsp.c.o
                0x10014060                am_bsp_psLEDs
 .data.g_ui8ClkSrc
                0x10014068       0x10 C:\Users\lkjsg\AppData\Local\Temp\arduino\cores\SparkFun_apollo3_amap3adk_86e27dbb8e1a8fafdc2546777567e19b\core.a(am_hal_ctimer.c.o)
 .data.SRAM_write_ui32
                0x10014078        0xc C:\Users\lkjsg\AppData\Local\Temp\arduino\cores\SparkFun_apollo3_amap3adk_86e27dbb8e1a8fafdc2546777567e19b\core.a(am_hal_flash.c.o)
                0x10014078                SRAM_write_ui32
 .data.ap3_analog_configure_map
                0x10014084       0x1e C:\Users\lkjsg\AppData\Local\Temp\arduino\cores\SparkFun_apollo3_amap3adk_86e27dbb8e1a8fafdc2546777567e19b\core.a(ap3_analog_structures.c.o)
                0x10014084                ap3_analog_configure_map
 *fill*         0x100140a2        0x2 
 .data._impure_ptr
                0x100140a4        0x4 c:/users/lkjsg/appdata/local/arduino15/packages/sparkfun/tools/arm-none-eabi-gcc/8-2018-q4-major/bin/../lib/gcc/arm-none-eabi/8.2.1/../../../../arm-none-eabi/lib/thumb/v7e-m+fp/hard\libc_nano.a(lib_a-impure.o)
                0x100140a4                _impure_ptr
 .data.impure_data
                0x100140a8       0x60 c:/users/lkjsg/appdata/local/arduino15/packages/sparkfun/tools/arm-none-eabi-gcc/8-2018-q4-major/bin/../lib/gcc/arm-none-eabi/8.2.1/../../../../arm-none-eabi/lib/thumb/v7e-m+fp/hard\libc_nano.a(lib_a-impure.o)
 .data.__global_locale
                0x10014108      0x16c c:/users/lkjsg/appdata/local/arduino15/packages/sparkfun/tools/arm-none-eabi-gcc/8-2018-q4-major/bin/../lib/gcc/arm-none-eabi/8.2.1/../../../../arm-none-eabi/lib/thumb/v7e-m+fp/hard\libc_nano.a(lib_a-locale.o)
                0x10014108                __global_locale
                0x10014274                . = ALIGN (0x4)
                0x10014274                _edata = .
                0x000133b8                _init_data = LOADADDR (.data)

.igot.plt       0x10014274        0x0 load address 0x0001362c
 .igot.plt      0x10014274        0x0 C:\Users\lkjsg\AppData\Local\Temp\arduino\sketches\71C22855196332233239BB0A72A14669\sketch\Example1_StopMotion.ino.cpp.o

.bss            0x10014274    0x1adc4 load address 0x0001362c
                0x10014274                . = ALIGN (0x4)
                0x10014274                _sbss = .
 *(.bss)
 *(.bss*)
 .bss.myCamera  0x10014274    0x134dc C:\Users\lkjsg\AppData\Local\Temp\arduino\sketches\71C22855196332233239BB0A72A14669\sketch\Example1_StopMotion.ino.cpp.o
                0x10014274                myCamera
 .bss.Serial    0x10027750     0x4058 C:\Users\lkjsg\AppData\Local\Temp\arduino\sketches\71C22855196332233239BB0A72A14669\core\config\variant.cpp.o
                0x10027750                Serial
 .bss.g_am_hal_burst_mode_available
                0x1002b7a8        0x1 C:\Users\lkjsg\AppData\Local\Temp\arduino\cores\SparkFun_apollo3_amap3adk_86e27dbb8e1a8fafdc2546777567e19b\core.a(am_hal_burst.c.o)
                0x1002b7a8                g_am_hal_burst_mode_available
 *fill*         0x1002b7a9        0x3 
 .bss.gAmHalResetStatus