Archive member included to satisfy reference by file (symbol)

C:\Users\lkjsg\AppData\Local\Temp\arduino\cores\SparkFun_apollo3_amap3adk_86e27dbb8e1a8fafdc2546777567e19b\core.a(am_hal_clkgen.c.o)
                              C:\Users\lkjsg\AppData\Local\Temp\arduino\sketches\080145F39B1377D1238F79A0FE29746B\core\bsp\am_bsp.c.o (am_hal_clkgen_control)
C:\Users\lkjsg\AppData\Local\Temp\arduino\cores\SparkFun_apollo3_amap3adk_86e27dbb8e1a8fafdc2546777567e19b\core.a(am_hal_flash.c.o)
                              C:\Users\lkjsg\AppData\Local\Temp\arduino\cores\SparkFun_apollo3_amap3adk_86e27dbb8e1a8fafdc2546777567e19b\core.a(am_hal_clkgen.c.o) (am_hal_flash_delay)
C:\Users\lkjsg\AppData\Local\Temp\arduino\cores\SparkFun_apollo3_amap3adk_86e27dbb8e1a8fafdc2546777567e19b\core.a(am_hal_gpio.c.o)
                              C:\Users\lkjsg\AppData\Local\Temp\arduino\sketches\080145F39B1377D1238F79A0FE29746B\core\bsp\am_bsp.c.o (am_hal_gpio_pinconfig)
C:\Users\lkjsg\AppData\Local\Temp\arduino\cores\SparkFun_apollo3_amap3adk_86e27dbb8e1a8fafdc2546777567e19b\core.a(am_hal_interrupt.c.o)
                              C:\Users\lkjsg\AppData\Local\Temp\arduino\cores\SparkFun_apollo3_amap3adk_86e27dbb8e1a8fafdc2546777567e19b\core.a(am_hal_gpio.c.o) (am_hal_interrupt_master_disable)
C:\Users\lkjsg\AppData\Local\Temp\arduino\cores\SparkFun_apollo3_amap3adk_86e27dbb8e1a8fafdc2546777567e19b\core.a(am_hal_itm.c.o)
                              C:\Users\lkjsg\AppData\Local\Temp\arduino\sketches\080145F39B1377D1238F79A0FE29746B\core\bsp\am_bsp.c.o (am_hal_itm_enable)
C:\Users\lkjsg\AppData\Local\Temp\arduino\cores\SparkFun_apollo3_amap3adk_86e27dbb8e1a8fafdc2546777567e19b\core.a(am_hal_pdm.c.o)
                              C:\Users\lkjsg\AppData\Local\Temp\arduino\sketches\080145F39B1377D1238F79A0FE29746B\libraries\PDM\PDM.cpp.o (am_hal_pdm_initialize)
C:\Users\lkjsg\AppData\Local\Temp\arduino\cores\SparkFun_apollo3_amap3adk_86e27dbb8e1a8fafdc2546777567e19b\core.a(am_hal_pwrctrl.c.o)
                              C:\Users\lkjsg\AppData\Local\Temp\arduino\cores\SparkFun_apollo3_amap3adk_86e27dbb8e1a8fafdc2546777567e19b\core.a(am_hal_pdm.c.o) (am_hal_pwrctrl_periph_enable)
C:\Users\lkjsg\AppData\Local\Temp\arduino\cores\SparkFun_apollo3_amap3adk_86e27dbb8e1a8fafdc2546777567e19b\core.a(am_hal_reset.c.o)
                              C:\Users\lkjsg\AppData\Local\Temp\arduino\cores\SparkFun_apollo3_amap3adk_86e27dbb8e1a8fafdc2546777567e19b\core.a(am_hal_clkgen.c.o) (gAmHalResetStatus)
C:\Users\lkjsg\AppData\Local\Temp\arduino\cores\SparkFun_apollo3_amap3adk_86e27dbb8e1a8fafdc2546777567e19b\core.a(am_hal_rtc.c.o)
                              C:\Users\lkjsg\AppData\Local\Temp\arduino\sketches\080145F39B1377D1238F79A0FE29746B\core\bsp\am_bsp.c.o (am_hal_rtc_osc_disable)
C:\Users\lkjsg\AppData\Local\Temp\arduino\cores\SparkFun_apollo3_amap3adk_86e27dbb8e1a8fafdc2546777567e19b\core.a(am_hal_tpiu.c.o)
                              C:\Users\lkjsg\AppData\Local\Temp\arduino\sketches\080145F39B1377D1238F79A0FE29746B\core\bsp\am_bsp.c.o (am_hal_tpiu_enable)
C:\Users\lkjsg\AppData\Local\Temp\arduino\cores\SparkFun_apollo3_amap3adk_86e27dbb8e1a8fafdc2546777567e19b\core.a(am_hal_uart.c.o)
                              C:\Users\lkjsg\AppData\Local\Temp\arduino\sketches\080145F39B1377D1238F79A0FE29746B\core\bsp\am_bsp.c.o (am_hal_uart_initialize)
C:\Users\lkjsg\AppData\Local\Temp\arduino\cores\SparkFun_apollo3_amap3adk_86e27dbb8e1a8fafdc2546777567e19b\core.a(am_util_delay.c.o)
                              C:\Users\lkjsg\AppData\Local\Temp\arduino\sketches\080145F39B1377D1238F79A0FE29746B\libraries\PDM\PDM.cpp.o (am_util_delay_ms)
C:\Users\lkjsg\AppData\Local\Temp\arduino\cores\SparkFun_apollo3_amap3adk_86e27dbb8e1a8fafdc2546777567e19b\core.a(am_util_stdio.c.o)
                              C:\Users\lkjsg\AppData\Local\Temp\arduino\sketches\080145F39B1377D1238F79A0FE29746B\core\bsp\am_bsp.c.o (am_util_stdio_printf_init)
C:\Users\lkjsg\AppData\Local\Temp\arduino\cores\SparkFun_apollo3_amap3adk_86e27dbb8e1a8fafdc2546777567e19b\core.a(Print.cpp.o)
                              C:\Users\lkjsg\AppData\Local\Temp\arduino\sketches\080145F39B1377D1238F79A0FE29746B\sketch\Example4_RecordToWav.ino.cpp.o (Print::println(char const*))
C:\Users\lkjsg\AppData\Local\Temp\arduino\cores\SparkFun_apollo3_amap3adk_86e27dbb8e1a8fafdc2546777567e19b\core.a(ap3_gpio.cpp.o)
                              C:\Users\lkjsg\AppData\Local\Temp\arduino\sketches\080145F39B1377D1238F79A0FE29746B\libraries\PDM\PDM.cpp.o (ap3_gpio_pin2pad(unsigned char))
C:\Users\lkjsg\AppData\Local\Temp\arduino\cores\SparkFun_apollo3_amap3adk_86e27dbb8e1a8fafdc2546777567e19b\core.a(ap3_gpio_structures.c.o)
                              C:\Users\lkjsg\AppData\Local\Temp\arduino\cores\SparkFun_apollo3_amap3adk_86e27dbb8e1a8fafdc2546777567e19b\core.a(ap3_gpio.cpp.o) (g_AM_HAL_GPIO_INPUT_PULLDOWN)
[...]
Memory Configuration

Name             Origin             Length             Attributes
FLASH            0x0000c000         0x000f0000         xr
SRAM             0x10000000         0x00060000         xrw
*default*        0x00000000         0xffffffff

Linker script and memory map

LOAD C:\Users\lkjsg\AppData\Local\Temp\arduino\sketches\080145F39B1377D1238F79A0FE29746B\sketch\Example4_RecordToWav.ino.cpp.o
LOAD C:\Users\lkjsg\AppData\Local\Temp\arduino\sketches\080145F39B1377D1238F79A0FE29746B\libraries\PDM\PDM.cpp.o
LOAD C:\Users\lkjsg\AppData\Local\Temp\arduino\sketches\080145F39B1377D1238F79A0FE29746B\core\bsp\am_bsp.c.o
LOAD C:\Users\lkjsg\AppData\Local\Temp\arduino\sketches\080145F39B1377D1238F79A0FE29746B\core\bsp\am_bsp_pins.c.o
LOAD C:\Users\lkjsg\AppData\Local\Temp\arduino\sketches\080145F39B1377D1238F79A0FE29746B\core\config\variant.cpp.o
LOAD C:\Users\lkjsg\AppData\Local\Temp\arduino\sketches\080145F39B1377D1238F79A0FE29746B\core\startup\startup_gcc.c.o
LOAD C:\Users\lkjsg\AppData\Local\Temp\arduino\cores\SparkFun_apollo3_amap3adk_86e27dbb8e1a8fafdc2546777567e19b\core.a
LOAD C:\Users\lkjsg\AppData\Local\Arduino15\packages\SparkFun\hardware\apollo3\1.2.1/cores/arduino/am_sdk_ap3/CMSIS/ARM/Lib/ARM\libarm_cortexM4lf_math.a
START GROUP
LOAD c:/users/lkjsg/appdata/local/arduino15/packages/sparkfun/tools/arm-none-eabi-gcc/8-2018-q4-major/bin/../lib/gcc/arm-none-eabi/8.2.1/../../../../arm-none-eabi/lib/thumb/v7e-m+fp/hard\libm.a
LOAD c:/users/lkjsg/appdata/local/arduino15/packages/sparkfun/tools/arm-none-eabi-gcc/8-2018-q4-major/bin/../lib/gcc/arm-none-eabi/8.2.1/../../../../arm-none-eabi/lib/thumb/v7e-m+fp/hard\libc_nano.a
LOAD c:/users/lkjsg/appdata/local/arduino15/packages/sparkfun/tools/arm-none-eabi-gcc/8-2018-q4-major/bin/../lib/gcc/arm-none-eabi/8.2.1/thumb/v7e-m+fp/hard\libgcc.a
END GROUP
LOAD c:/users/lkjsg/appdata/local/arduino15/packages/sparkfun/tools/arm-none-eabi-gcc/8-2018-q4-major/bin/../lib/gcc/arm-none-eabi/8.2.1/../../../../arm-none-eabi/lib/thumb/v7e-m+fp/hard\libstdc++_nano.a
LOAD c:/users/lkjsg/appdata/local/arduino15/packages/sparkfun/tools/arm-none-eabi-gcc/8-2018-q4-major/bin/../lib/gcc/arm-none-eabi/8.2.1/../../../../arm-none-eabi/lib/thumb/v7e-m+fp/hard\libc_nano.a
LOAD c:/users/lkjsg/appdata/local/arduino15/packages/sparkfun/tools/arm-none-eabi-gcc/8-2018-q4-major/bin/../lib/gcc/arm-none-eabi/8.2.1/../../../../arm-none-eabi/lib/thumb/v7e-m+fp/hard\libnosys.a
LOAD c:/users/lkjsg/appdata/local/arduino15/packages/sparkfun/tools/arm-none-eabi-gcc/8-2018-q4-major/bin/../lib/gcc/arm-none-eabi/8.2.1/../../../../arm-none-eabi/lib/thumb/v7e-m+fp/hard\libm.a

.text           0x0000c000     0x2894
                0x0000c000                . = ALIGN (0x4)
 *(.isr_vector)
 .isr_vector    0x0000c000       0xd0 C:\Users\lkjsg\AppData\Local\Temp\arduino\sketches\080145F39B1377D1238F79A0FE29746B\core\startup\startup_gcc.c.o
                0x0000c000                g_am_pfnVectors
 *(.patch)
 .patch         0x0000c0d0       0x30 C:\Users\lkjsg\AppData\Local\Temp\arduino\sketches\080145F39B1377D1238F79A0FE29746B\core\startup\startup_gcc.c.o
                0x0000c0d0                __Patchable
 *(.text)
 .text          0x0000c100       0x10 c:/users/lkjsg/appdata/local/arduino15/packages/sparkfun/tools/arm-none-eabi-gcc/8-2018-q4-major/bin/../lib/gcc/arm-none-eabi/8.2.1/../../../../arm-none-eabi/lib/thumb/v7e-m+fp/hard\libc_nano.a(lib_a-strlen.o)
                0x0000c100                strlen
 *(.text*)
 .text.startup._GLOBAL__sub_I_myPDM
                0x0000c110       0x24 C:\Users\lkjsg\AppData\Local\Temp\arduino\sketches\080145F39B1377D1238F79A0FE29746B\sketch\Example4_RecordToWav.ino.cpp.o
 .text.setup    0x0000c134       0x5c C:\Users\lkjsg\AppData\Local\Temp\arduino\sketches\080145F39B1377D1238F79A0FE29746B\sketch\Example4_RecordToWav.ino.cpp.o
                0x0000c134                setup
 .text.loop     0x0000c190       0x34 C:\Users\lkjsg\AppData\Local\Temp\arduino\sketches\080145F39B1377D1238F79A0FE29746B\sketch\Example4_RecordToWav.ino.cpp.o
                0x0000c190                loop
 .text._ZN7AP3_PDM9availableEv
                0x0000c1c4       0x1a C:\Users\lkjsg\AppData\Local\Temp\arduino\sketches\080145F39B1377D1238F79A0FE29746B\libraries\PDM\PDM.cpp.o
                0x0000c1c4                AP3_PDM::available()
 .text._ZN7AP3_PDM12updateConfigE19am_hal_pdm_config_t
                0x0000c1de       0x38 C:\Users\lkjsg\AppData\Local\Temp\arduino\sketches\080145F39B1377D1238F79A0FE29746B\libraries\PDM\PDM.cpp.o
                0x0000c1de                AP3_PDM::updateConfig(am_hal_pdm_config_t)
 *fill*         0x0000c216        0x2 
 .text._Z19ap3_pdm_pad_funcsel18ap3_pdm_pad_type_ehPh
                0x0000c218       0x3c C:\Users\lkjsg\AppData\Local\Temp\arduino\sketches\080145F39B1377D1238F79A0FE29746B\libraries\PDM\PDM.cpp.o
                0x0000c218                ap3_pdm_pad_funcsel(ap3_pdm_pad_type_e, unsigned char, unsigned char*)
 .text._ZN7AP3_PDM6_beginEv
                0x0000c254      0x104 C:\Users\lkjsg\AppData\Local\Temp\arduino\sketches\080145F39B1377D1238F79A0FE29746B\libraries\PDM\PDM.cpp.o
                0x0000c254                AP3_PDM::_begin()
 .text._ZN7AP3_PDM5beginEhh
                0x0000c358       0x38 C:\Users\lkjsg\AppData\Local\Temp\arduino\sketches\080145F39B1377D1238F79A0FE29746B\libraries\PDM\PDM.cpp.o
                0x0000c358                AP3_PDM::begin(unsigned char, unsigned char)
 .text._ZN7AP3_PDM7getDataEPtm
                0x0000c390       0x64 C:\Users\lkjsg\AppData\Local\Temp\arduino\sketches\080145F39B1377D1238F79A0FE29746B\libraries\PDM\PDM.cpp.o
                0x0000c390                AP3_PDM::getData(unsigned short*, unsigned long)
 .text.am_pdm_isr
                0x0000c3f4       0xa0 C:\Users\lkjsg\AppData\Local\Temp\arduino\sketches\080145F39B1377D1238F79A0FE29746B\libraries\PDM\PDM.cpp.o
                0x0000c3f4                am_pdm_isr
 .text.am_bsp_itm_printf_disable
                0x0000c494       0x10 C:\Users\lkjsg\AppData\Local\Temp\arduino\sketches\080145F39B1377D1238F79A0FE29746B\core\bsp\am_bsp.c.o
                0x0000c494                am_bsp_itm_printf_disable
 .text.am_bsp_low_power_init
                0x0000c4a4       0x40 C:\Users\lkjsg\AppData\Local\Temp\arduino\sketches\080145F39B1377D1238F79A0FE29746B\core\bsp\am_bsp.c.o
                0x0000c4a4                am_bsp_low_power_init
 .text.startup._GLOBAL__sub_I_ap3_variant_pinmap
                0x0000c4e4       0x20 C:\Users\lkjsg\AppData\Local\Temp\arduino\sketches\080145F39B1377D1238F79A0FE29746B\core\config\variant.cpp.o
 .text.NMI_Handler
                0x0000c504        0x2 C:\Users\lkjsg\AppData\Local\Temp\arduino\sketches\080145F39B1377D1238F79A0FE29746B\core\startup\startup_gcc.c.o
                0x0000c504                NMI_Handler
 .text.HardFault_Handler
                0x0000c506        0x2 C:\Users\lkjsg\AppData\Local\Temp\arduino\sketches\080145F39B1377D1238F79A0FE29746B\core\startup\startup_gcc.c.o
                0x0000c506                UsageFault_Handler
                0x0000c506                MemManage_Handler
                0x0000c506                BusFault_Handler
                0x0000c506                HardFault_Handler
 .text.am_default_isr
                0x0000c508        0x2 C:\Users\lkjsg\AppData\Local\Temp\arduino\sketches\080145F39B1377D1238F79A0FE29746B\core\startup\startup_gcc.c.o
                0x0000c508                DebugMon_Handler
                0x0000c508                am_iomaster4_isr
                0x0000c508                SysTick_Handler
                0x0000c508                PendSV_Handler
                0x0000c508                am_rtc_isr
                0x0000c508                am_stimer_cmpr3_isr
                0x0000c508                am_adc_isr
                0x0000c508                am_iomaster3_isr
                0x0000c508                am_clkgen_isr
                0x0000c508                am_software0_isr
                0x0000c508                am_stimer_cmpr5_isr
                0x0000c508                am_iomaster5_isr
                0x0000c508                am_ctimer_isr
                0x0000c508                am_mspi_isr
                0x0000c508                am_ioslave_acc_isr
                0x0000c508                am_software1_isr
                0x0000c508                am_stimer_cmpr6_isr
                0x0000c508                am_iomaster1_isr
                0x0000c508                am_brownout_isr
                0x0000c508                am_vcomp_isr
                0x0000c508                am_stimer_cmpr1_isr
                0x0000c508                am_iomaster2_isr
                0x0000c508                SVC_Handler
                0x0000c508                am_stimer_cmpr2_isr
                0x0000c508                am_ioslave_ios_isr
                0x0000c508                am_stimer_cmpr7_isr
                0x0000c508                am_scard_isr
                0x0000c508                am_watchdog_isr
                0x0000c508                am_stimer_cmpr0_isr
                0x0000c508                am_software3_isr
                0x0000c508                am_iomaster0_isr
                0x0000c508                am_ble_isr
                0x0000c508                am_software2_isr
                0x0000c508                am_stimer_cmpr4_isr
                0x0000c508                am_default_isr
 *fill*         0x0000c50a        0x2 
 .text.Reset_Handler
                0x0000c50c       0x68 C:\Users\lkjsg\AppData\Local\Temp\arduino\sketches\080145F39B1377D1238F79A0FE29746B\core\startup\startup_gcc.c.o
                0x0000c50c                Reset_Handler
 .text.am_hal_clkgen_control
                0x0000c574       0xfc C:\Users\lkjsg\AppData\Local\Temp\arduino\cores\SparkFun_apollo3_amap3adk_86e27dbb8e1a8fafdc2546777567e19b\core.a(am_hal_clkgen.c.o)
                0x0000c574                am_hal_clkgen_control
 .text.am_hal_clkgen_status_get
                0x0000c670       0x34 C:\Users\lkjsg\AppData\Local\Temp\arduino\cores\SparkFun_apollo3_amap3adk_86e27dbb8e1a8fafdc2546777567e19b\core.a(am_hal_clkgen.c.o)
                0x0000c670                am_hal_clkgen_status_get
 .text.am_hal_flash_delay
                0x0000c6a4       0x20 C:\Users\lkjsg\AppData\Local\Temp\arduino\cores\SparkFun_apollo3_amap3adk_86e27dbb8e1a8fafdc2546777567e19b\core.a(am_hal_flash.c.o)
                0x0000c6a4                am_hal_flash_delay
 .text.am_hal_flash_delay_status_check
                0x0000c6c4       0x34 C:\Users\lkjsg\AppData\Local\Temp\arduino\cores\SparkFun_apollo3_amap3adk_86e27dbb8e1a8fafdc2546777567e19b\core.a(am_hal_flash.c.o)
                0x0000c6c4                am_hal_flash_delay_status_check
 .text.am_hal_flash_load_ui32
                0x0000c6f8        0x8 C:\Users\lkjsg\AppData\Local\Temp\arduino\cores\SparkFun_apollo3_amap3adk_86e27dbb8e1a8fafdc2546777567e19b\core.a(am_hal_flash.c.o)
                0x0000c6f8                am_hal_flash_load_ui32
 .text.am_hal_flash_store_ui32
                0x0000c700        0xc C:\Users\lkjsg\AppData\Local\Temp\arduino\cores\SparkFun_apollo3_amap3adk_86e27dbb8e1a8fafdc2546777567e19b\core.a(am_hal_flash.c.o)
                0x0000c700                am_hal_flash_store_ui32
 .text.am_hal_gpio_pinconfig
                0x0000c70c      0x234 C:\Users\lkjsg\AppData\Local\Temp\arduino\cores\SparkFun_apollo3_amap3adk_86e27dbb8e1a8fafdc2546777567e19b\core.a(am_hal_gpio.c.o)
                0x0000c70c                am_hal_gpio_pinconfig
 .text.am_hal_gpio_state_write
                0x0000c940       0x78 C:\Users\lkjsg\AppData\Local\Temp\arduino\cores\SparkFun_apollo3_amap3adk_86e27dbb8e1a8fafdc2546777567e19b\core.a(am_hal_gpio.c.o)
                0x0000c940                am_hal_gpio_state_write
 .text.am_hal_gpio_interrupt_clear
                0x0000c9b8       0x38 C:\Users\lkjsg\AppData\Local\Temp\arduino\cores\SparkFun_apollo3_amap3adk_86e27dbb8e1a8fafdc2546777567e19b\core.a(am_hal_gpio.c.o)
                0x0000c9b8                am_hal_gpio_interrupt_clear
 .text.am_hal_gpio_interrupt_status_get
                0x0000c9f0       0x48 C:\Users\lkjsg\AppData\Local\Temp\arduino\cores\SparkFun_apollo3_amap3adk_86e27dbb8e1a8fafdc2546777567e19b\core.a(am_hal_gpio.c.o)
                0x0000c9f0                am_hal_gpio_interrupt_status_get
 .text.am_hal_interrupt_master_enable
                0x0000ca38        0x8 C:\Users\lkjsg\AppData\Local\Temp\arduino\cores\SparkFun_apollo3_amap3adk_86e27dbb8e1a8fafdc2546777567e19b\core.a(am_hal_interrupt.c.o)
                0x0000ca38                am_hal_interrupt_master_enable
 .text.am_hal_interrupt_master_disable
                0x0000ca40        0x8 C:\Users\lkjsg\AppData\Local\Temp\arduino\cores\SparkFun_apollo3_amap3adk_86e27dbb8e1a8fafdc2546777567e19b\core.a(am_hal_interrupt.c.o)
                0x0000ca40                am_hal_interrupt_master_disable
 .text.am_hal_interrupt_master_set
                0x0000ca48        0x6 C:\Users\lkjsg\AppData\Local\Temp\arduino\cores\SparkFun_apollo3_amap3adk_86e27dbb8e1a8fafdc2546777567e19b\core.a(am_hal_interrupt.c.o)
                0x0000ca48                am_hal_interrupt_master_set
 *fill*         0x0000ca4e        0x2 
 .text.am_hal_itm_enable
                0x0000ca50       0x3c C:\Users\lkjsg\AppData\Local\Temp\arduino\cores\SparkFun_apollo3_amap3adk_86e27dbb8e1a8fafdc2546777567e19b\core.a(am_hal_itm.c.o)
                0x0000ca50                am_hal_itm_enable
 .text.am_hal_itm_not_busy
                0x0000ca8c       0x14 C:\Users\lkjsg\AppData\Local\Temp\arduino\cores\SparkFun_apollo3_amap3adk_86e27dbb8e1a8fafdc2546777567e19b\core.a(am_hal_itm.c.o)
                0x0000ca8c                am_hal_itm_not_busy
 .text.am_hal_itm_disable
                0x0000caa0       0x6c C:\Users\lkjsg\AppData\Local\Temp\arduino\cores\SparkFun_apollo3_amap3adk_86e27dbb8e1a8fafdc2546777567e19b\core.a(am_hal_itm.c.o)
                0x0000caa0                am_hal_itm_disable
 .text.am_hal_pdm_initialize
                0x0000cb0c       0x38 C:\Users\lkjsg\AppData\Local\Temp\arduino\cores\SparkFun_apollo3_amap3adk_86e27dbb8e1a8fafdc2546777567e19b\core.a(am_hal_pdm.c.o)
                0x0000cb0c                am_hal_pdm_initialize
 .text.am_hal_pdm_power_control
                0x0000cb44       0x70 C:\Users\lkjsg\AppData\Local\Temp\arduino\cores\SparkFun_apollo3_amap3adk_86e27dbb8e1a8fafdc2546777567e19b\core.a(am_hal_pdm.c.o)
                0x0000cb44                am_hal_pdm_power_control
 .text.am_hal_pdm_configure
                0x0000cbb4      0x104 C:\Users\lkjsg\AppData\Local\Temp\arduino\cores\SparkFun_apollo3_amap3adk_86e27dbb8e1a8fafdc2546777567e19b\core.a(am_hal_pdm.c.o)
                0x0000cbb4                am_hal_pdm_configure
 .text.am_hal_pdm_enable
                0x0000ccb8       0x30 C:\Users\lkjsg\AppData\Local\Temp\arduino\cores\SparkFun_apollo3_amap3adk_86e27dbb8e1a8fafdc2546777567e19b\core.a(am_hal_pdm.c.o)
                0x0000ccb8                am_hal_pdm_enable
 .text.am_hal_pdm_dma_start
                0x0000cce8       0x88 C:\Users\lkjsg\AppData\Local\Temp\arduino\cores\SparkFun_apollo3_amap3adk_86e27dbb8e1a8fafdc2546777567e19b\core.a(am_hal_pdm.c.o)
                0x0000cce8                am_hal_pdm_dma_start
 .text.am_hal_pdm_fifo_flush
                0x0000cd70       0x24 C:\Users\lkjsg\AppData\Local\Temp\arduino\cores\SparkFun_apollo3_amap3adk_86e27dbb8e1a8fafdc2546777567e19b\core.a(am_hal_pdm.c.o)
                0x0000cd70                am_hal_pdm_fifo_flush
 .text.am_hal_pdm_interrupt_enable
                0x0000cd94       0x28 C:\Users\lkjsg\AppData\Local\Temp\arduino\cores\SparkFun_apollo3_amap3adk_86e27dbb8e1a8fafdc2546777567e19b\core.a(am_hal_pdm.c.o)
                0x0000cd94                am_hal_pdm_interrupt_enable
 .text.am_hal_pdm_interrupt_clear
                0x0000cdbc       0x20 C:\Users\lkjsg\AppData\Local\Temp\arduino\cores\SparkFun_apollo3_amap3adk_86e27dbb8e1a8fafdc2546777567e19b\core.a(am_hal_pdm.c.o)
                0x0000cdbc                am_hal_pdm_interrupt_clear
 .text.am_hal_pdm_interrupt_status_get
                0x0000cddc       0x30 C:\Users\lkjsg\AppData\Local\Temp\arduino\cores\SparkFun_apollo3_amap3adk_86e27dbb8e1a8fafdc2546777567e19b\core.a(am_hal_pdm.c.o)
                0x0000cddc                am_hal_pdm_interrupt_status_get
 .text.am_hal_pwrctrl_periph_enable
                0x0000ce0c       0x50 C:\Users\lkjsg\AppData\Local\Temp\arduino\cores\SparkFun_apollo3_amap3adk_86e27dbb8e1a8fafdc2546777567e19b\core.a(am_hal_pwrctrl.c.o)
                0x0000ce0c                am_hal_pwrctrl_periph_enable
 .text.am_hal_pwrctrl_periph_disable
                0x0000ce5c       0x50 C:\Users\lkjsg\AppData\Local\Temp\arduino\cores\SparkFun_apollo3_amap3adk_86e27dbb8e1a8fafdc2546777567e19b\core.a(am_hal_pwrctrl.c.o)
                0x0000ce5c                am_hal_pwrctrl_periph_disable
 .text.am_hal_pwrctrl_low_power_init
                0x0000ceac      0x140 C:\Users\lkjsg\AppData\Local\Temp\arduino\cores\SparkFun_apollo3_amap3adk_86e27dbb8e1a8fafdc2546777567e19b\core.a(am_hal_pwrctrl.c.o)
                0x0000ceac                am_hal_pwrctrl_low_power_init
 .text.am_hal_rtc_osc_disable
                0x0000cfec       0x14 C:\Users\lkjsg\AppData\Local\Temp\arduino\cores\SparkFun_apollo3_amap3adk_86e27dbb8e1a8fafdc2546777567e19b\core.a(am_hal_rtc.c.o)
                0x0000cfec                am_hal_rtc_osc_disable
 .text.uart_fifo_read
                0x0000d000       0x34 C:\Users\lkjsg\AppData\Local\Temp\arduino\cores\SparkFun_apollo3_amap3adk_86e27dbb8e1a8fafdc2546777567e19b\core.a(am_hal_uart.c.o)
 .text.uart_fifo_write
                0x0000d034       0x2a C:\Users\lkjsg\AppData\Local\Temp\arduino\cores\SparkFun_apollo3_amap3adk_86e27dbb8e1a8fafdc2546777567e19b\core.a(am_hal_uart.c.o)
 *fill*         0x0000d05e        0x2 
 .text.rx_queue_update
                0x0000d060       0x40 C:\Users\lkjsg\AppData\Local\Temp\arduino\cores\SparkFun_apollo3_amap3adk_86e27dbb8e1a8fafdc2546777567e19b\core.a(am_hal_uart.c.o)
 .text.tx_queue_update
                0x0000d0a0       0x52 C:\Users\lkjsg\AppData\Local\Temp\arduino\cores\SparkFun_apollo3_amap3adk_86e27dbb8e1a8fafdc2546777567e19b\core.a(am_hal_uart.c.o)
 .text.write_nonblocking.part.0
                0x0000d0f2       0x42 C:\Users\lkjsg\AppData\Local\Temp\arduino\cores\SparkFun_apollo3_amap3adk_86e27dbb8e1a8fafdc2546777567e19b\core.a(am_hal_uart.c.o)
 .text.read_nonblocking.part.1
                0x0000d134       0x46 C:\Users\lkjsg\AppData\Local\Temp\arduino\cores\SparkFun_apollo3_amap3adk_86e27dbb8e1a8fafdc2546777567e19b\core.a(am_hal_uart.c.o)
 *fill*         0x0000d17a        0x2 
 .text.am_hal_uart_initialize
                0x0000d17c       0x48 C:\Users\lkjsg\AppData\Local\Temp\arduino\cores\SparkFun_apollo3_amap3adk_86e27dbb8e1a8fafdc2546777567e19b\core.a(am_hal_uart.c.o)
                0x0000d17c                am_hal_uart_initialize
 .text.am_hal_uart_deinitialize
                0x0000d1c4       0x28 C:\Users\lkjsg\AppData\Local\Temp\arduino\cores\SparkFun_apollo3_amap3adk_86e27dbb8e1a8fafdc2546777567e19b\core.a(am_hal_uart.c.o)
                0x0000d1c4                am_hal_uart_deinitialize
 .text.am_hal_uart_transfer
                0x0000d1ec      0x150 C:\Users\lkjsg\AppData\Local\Temp\arduino\cores\SparkFun_apollo3_amap3adk_86e27dbb8e1a8fafdc2546777567e19b\core.a(am_hal_uart.c.o)
                0x0000d1ec                am_hal_uart_transfer
 .text.am_hal_uart_tx_flush
                0x0000d33c       0x48 C:\Users\lkjsg\AppData\Local\Temp\arduino\cores\SparkFun_apollo3_amap3adk_86e27dbb8e1a8fafdc2546777567e19b\core.a(am_hal_uart.c.o)
                0x0000d33c                am_hal_uart_tx_flush
 .text.am_hal_uart_interrupt_service
                0x0000d384       0x8c C:\Users\lkjsg\AppData\Local\Temp\arduino\cores\SparkFun_apollo3_amap3adk_86e27dbb8e1a8fafdc2546777567e19b\core.a(am_hal_uart.c.o)
                0x0000d384                am_hal_uart_interrupt_service
 .text.am_hal_uart_interrupt_enable
                0x0000d410       0x28 C:\Users\lkjsg\AppData\Local\Temp\arduino\cores\SparkFun_apollo3_amap3adk_86e27dbb8e1a8fafdc2546777567e19b\core.a(am_hal_uart.c.o)
                0x0000d410                am_hal_uart_interrupt_enable
 .text.am_hal_uart_interrupt_disable
                0x0000d438       0x2c C:\Users\lkjsg\AppData\Local\Temp\arduino\cores\SparkFun_apollo3_amap3adk_86e27dbb8e1a8fafdc2546777567e19b\core.a(am_hal_uart.c.o)
                0x0000d438                am_hal_uart_interrupt_disable
 .text.am_hal_uart_configure
                0x0000d464      0x1bc C:\Users\lkjsg\AppData\Local\Temp\arduino\cores\SparkFun_apollo3_amap3adk_86e27dbb8e1a8fafdc2546777567e19b\core.a(am_hal_uart.c.o)
                0x0000d464                am_hal_uart_configure
 .text.am_hal_uart_interrupt_clear
                0x0000d620       0x24 C:\Users\lkjsg\AppData\Local\Temp\arduino\cores\SparkFun_apollo3_amap3adk_86e27dbb8e1a8fafdc2546777567e19b\core.a(am_hal_uart.c.o)
                0x0000d620                am_hal_uart_interrupt_clear
 .text.am_hal_uart_power_control
                0x0000d644       0xc4 C:\Users\lkjsg\AppData\Local\Temp\arduino\cores\SparkFun_apollo3_amap3adk_86e27dbb8e1a8fafdc2546777567e19b\core.a(am_hal_uart.c.o)
                0x0000d644                am_hal_uart_power_control
 .text.am_hal_uart_interrupt_status_get
                0x0000d708       0x30 C:\Users\lkjsg\AppData\Local\Temp\arduino\cores\SparkFun_apollo3_amap3adk_86e27dbb8e1a8fafdc2546777567e19b\core.a(am_hal_uart.c.o)
                0x0000d708                am_hal_uart_interrupt_status_get
 .text.am_util_delay_ms
                0x0000d738       0x1e C:\Users\lkjsg\AppData\Local\Temp\arduino\cores\SparkFun_apollo3_amap3adk_86e27dbb8e1a8fafdc2546777567e19b\core.a(am_util_delay.c.o)
                0x0000d738                am_util_delay_ms
 *fill*         0x0000d756        0x2 
 .text.am_util_stdio_printf_init
                0x0000d758        0xc C:\Users\lkjsg\AppData\Local\Temp\arduino\cores\SparkFun_apollo3_amap3adk_86e27dbb8e1a8fafdc2546777567e19b\core.a(am_util_stdio.c.o)
                0x0000d758                am_util_stdio_printf_init
 .text._ZN5Print5writeEPKc
                0x0000d764       0x20 C:\Users\lkjsg\AppData\Local\Temp\arduino\cores\SparkFun_apollo3_amap3adk_86e27dbb8e1a8fafdc2546777567e19b\core.a(Print.cpp.o)
                0x0000d764                Print::write(char const*)
 .text._ZN5Print7printlnEv
                0x0000d784       0x10 C:\Users\lkjsg\AppData\Local\Temp\arduino\cores\SparkFun_apollo3_amap3adk_86e27dbb8e1a8fafdc2546777567e19b\core.a(Print.cpp.o)
                0x0000d784                Print::println()
 .text._ZN5Print7printlnEPKc
                0x0000d794       0x14 C:\Users\lkjsg\AppData\Local\Temp\arduino\cores\SparkFun_apollo3_amap3adk_86e27dbb8e1a8fafdc2546777567e19b\core.a(Print.cpp.o)
                0x0000d794                Print::println(char const*)
 .text._Z16ap3_gpio_pin2padh
                0x0000d7a8        0xc C:\Users\lkjsg\AppData\Local\Temp\arduino\cores\SparkFun_apollo3_amap3adk_86e27dbb8e1a8fafdc2546777567e19b\core.a(ap3_gpio.cpp.o)
                0x0000d7a8                ap3_gpio_pin2pad(unsigned char)
 .text._Z7padModeh20am_hal_gpio_pincfg_tP9ap3_err_t
                0x0000d7b4       0x38 C:\Users\lkjsg\AppData\Local\Temp\arduino\cores\SparkFun_apollo3_amap3adk_86e27dbb8e1a8fafdc2546777567e19b\core.a(ap3_gpio.cpp.o)
                0x0000d7b4                padMode(unsigned char, am_hal_gpio_pincfg_t, ap3_err_t*)
 .text._Z7pinModeh20am_hal_gpio_pincfg_tP9ap3_err_t
                0x0000d7ec        0xc C:\Users\lkjsg\AppData\Local\Temp\arduino\cores\SparkFun_apollo3_amap3adk_86e27dbb8e1a8fafdc2546777567e19b\core.a(ap3_gpio.cpp.o)
                0x0000d7ec                pinMode(unsigned char, am_hal_gpio_pincfg_t, ap3_err_t*)
 .text._Z12digitalWritehh
                0x0000d7f8       0x30 C:\Users\lkjsg\AppData\Local\Temp\arduino\cores\SparkFun_apollo3_amap3adk_86e27dbb8e1a8fafdc2546777567e19b\core.a(ap3_gpio.cpp.o)
                0x0000d7f8                digitalWrite(unsigned char, unsigned char)
 .text._Z11digitalReadh
                0x0000d828       0x58 C:\Users\lkjsg\AppData\Local\Temp\arduino\cores\SparkFun_apollo3_amap3adk_86e27dbb8e1a8fafdc2546777567e19b\core.a(ap3_gpio.cpp.o)
                0x0000d828                digitalRead(unsigned char)
 .text.am_gpio_isr
                0x0000d880       0xd4 C:\Users\lkjsg\AppData\Local\Temp\arduino\cores\SparkFun_apollo3_amap3adk_86e27dbb8e1a8fafdc2546777567e19b\core.a(ap3_gpio.cpp.o)
                0x0000d880                am_gpio_isr
 .text._Z16ap3_variant_initv
                0x0000d954        0x2 C:\Users\lkjsg\AppData\Local\Temp\arduino\cores\SparkFun_apollo3_amap3adk_86e27dbb8e1a8fafdc2546777567e19b\core.a(main.cpp.o)
                0x0000d954                ap3_variant_init()
 .text._init    0x0000d956        0x2 C:\Users\lkjsg\AppData\Local\Temp\arduino\cores\SparkFun_apollo3_amap3adk_86e27dbb8e1a8fafdc2546777567e19b\core.a(main.cpp.o)
                0x0000d956                _init
 .text.startup.main
                0x0000d958       0x18 C:\Users\lkjsg\AppData\Local\Temp\arduino\cores\SparkFun_apollo3_amap3adk_86e27dbb8e1a8fafdc2546777567e19b\core.a(main.cpp.o)
                0x0000d958                main
 .text._Z5delaym
                0x0000d970        0x4 C:\Users\lkjsg\AppData\Local\Temp\arduino\cores\SparkFun_apollo3_amap3adk_86e27dbb8e1a8fafdc2546777567e19b\core.a(ap3_timing.cpp.o)
                0x0000d970                delay(unsigned long)
 .text.am_stimer_isr
                0x0000d974       0x18 C:\Users\lkjsg\AppData\Local\Temp\arduino\cores\SparkFun_apollo3_amap3adk_86e27dbb8e1a8fafdc2546777567e19b\core.a(ap3_timing.cpp.o)
                0x0000d974                am_stimer_isr
 .text._ZN4UartcvbEv
                0x0000d98c        0x4 C:\Users\lkjsg\AppData\Local\Temp\arduino\cores\SparkFun_apollo3_amap3adk_86e27dbb8e1a8fafdc2546777567e19b\core.a(ap3_uart.cpp.o)
                0x0000d98c                Uart::operator bool()
 .text._ZN4Uart5beginEm
                0x0000d990        0x8 C:\Users\lkjsg\AppData\Local\Temp\arduino\cores\SparkFun_apollo3_amap3adk_86e27dbb8e1a8fafdc2546777567e19b\core.a(ap3_uart.cpp.o)
                0x0000d990                Uart::begin(unsigned long)
 .text._ZN4Uart5writeEh
                0x0000d998       0x18 C:\Users\lkjsg\AppData\Local\Temp\arduino\cores\SparkFun_apollo3_amap3adk_86e27dbb8e1a8fafdc2546777567e19b\core.a(ap3_uart.cpp.o)
                0x0000d998                Uart::write(unsigned char)
 .text._ZN4Uart9availableEv
                0x0000d9b0       0x16 C:\Users\lkjsg\AppData\Local\Temp\arduino\cores\SparkFun_apollo3_amap3adk_86e27dbb8e1a8fafdc2546777567e19b\core.a(ap3_uart.cpp.o)
                0x0000d9b0                Uart::available()
 .text._ZN4Uart17availableForWriteEv
                0x0000d9c6       0x30 C:\Users\lkjsg\AppData\Local\Temp\arduino\cores\SparkFun_apollo3_amap3adk_86e27dbb8e1a8fafdc2546777567e19b\core.a(ap3_uart.cpp.o)
                0x0000d9c6                Uart::availableForWrite()
 .text._ZN4Uart4peekEv
                0x0000d9f6       0x1c C:\Users\lkjsg\AppData\Local\Temp\arduino\cores\SparkFun_apollo3_amap3adk_86e27dbb8e1a8fafdc2546777567e19b\core.a(ap3_uart.cpp.o)
                0x0000d9f6                Uart::peek()
 .text._ZN4Uart4readEv
                0x0000da12       0x2a C:\Users\lkjsg\AppData\Local\Temp\arduino\cores\SparkFun_apollo3_amap3adk_86e27dbb8e1a8fafdc2546777567e19b\core.a(ap3_uart.cpp.o)
                0x0000da12                Uart::read()
 .text._ZN4Uart3endEv
                0x0000da3c       0x48 C:\Users\lkjsg\AppData\Local\Temp\arduino\cores\SparkFun_apollo3_amap3adk_86e27dbb8e1a8fafdc2546777567e19b\core.a(ap3_uart.cpp.o)
                0x0000da3c                Uart::end()
 .text._ZN4Uart5flushEv
                0x0000da84        0xa C:\Users\lkjsg\AppData\Local\Temp\arduino\cores\SparkFun_apollo3_amap3adk_86e27dbb8e1a8fafdc2546777567e19b\core.a(ap3_uart.cpp.o)
                0x0000da84                Uart::flush()
 .text._ZN4Uart5writeEPKhj
                0x0000da8e       0x7e C:\Users\lkjsg\AppData\Local\Temp\arduino\cores\SparkFun_apollo3_amap3adk_86e27dbb8e1a8fafdc2546777567e19b\core.a(ap3_uart.cpp.o)
                0x0000da8e                Uart::write(unsigned char const*, unsigned int)
 .text._ZN4UartC2Ehhhhh
                0x0000db0c       0xa4 C:\Users\lkjsg\AppData\Local\Temp\arduino\cores\SparkFun_apollo3_amap3adk_86e27dbb8e1a8fafdc2546777567e19b\core.a(ap3_uart.cpp.o)
                0x0000db0c                Uart::Uart(unsigned char, unsigned char, unsigned char, unsigned char, unsigned char)
                0x0000db0c                Uart::Uart(unsigned char, unsigned char, unsigned char, unsigned char, unsigned char)
 .text._ZN4Uart10set_configE23HardwareSerial_Config_e
                0x0000dbb0      0x192 C:\Users\lkjsg\AppData\Local\Temp\arduino\cores\SparkFun_apollo3_amap3adk_86e27dbb8e1a8fafdc2546777567e19b\core.a(ap3_uart.cpp.o)
                0x0000dbb0                Uart::set_config(HardwareSerial_Config_e)
 *fill*         0x0000dd42        0x2 
 .text._Z20ap3_uart_pad_funcselh19ap3_uart_pad_type_ehPh
                0x0000dd44       0x60 C:\Users\lkjsg\AppData\Local\Temp\arduino\cores\SparkFun_apollo3_amap3adk_86e27dbb8e1a8fafdc2546777567e19b\core.a(ap3_uart.cpp.o)
                0x0000dd44                ap3_uart_pad_funcsel(unsigned char, ap3_uart_pad_type_e, unsigned char, unsigned char*)
 .text._ZN4Uart6_beginEv
                0x0000dda4      0x238 C:\Users\lkjsg\AppData\Local\Temp\arduino\cores\SparkFun_apollo3_amap3adk_86e27dbb8e1a8fafdc2546777567e19b\core.a(ap3_uart.cpp.o)
                0x0000dda4                Uart::_begin()
 .text._ZN4Uart5beginEmt
                0x0000dfdc       0x20 C:\Users\lkjsg\AppData\Local\Temp\arduino\cores\SparkFun_apollo3_amap3adk_86e27dbb8e1a8fafdc2546777567e19b\core.a(ap3_uart.cpp.o)
                0x0000dfdc                Uart::begin(unsigned long, unsigned short)
 .text._ZN4Uart8uart_isrEv
                0x0000dffc       0x7c C:\Users\lkjsg\AppData\Local\Temp\arduino\cores\SparkFun_apollo3_amap3adk_86e27dbb8e1a8fafdc2546777567e19b\core.a(ap3_uart.cpp.o)
                0x0000dffc                Uart::uart_isr()
 .text.am_uart_isr
                0x0000e078       0x14 C:\Users\lkjsg\AppData\Local\Temp\arduino\cores\SparkFun_apollo3_amap3adk_86e27dbb8e1a8fafdc2546777567e19b\core.a(ap3_uart.cpp.o)
                0x0000e078                am_uart_isr
 .text.am_uart1_isr
                0x0000e08c       0x14 C:\Users\lkjsg\AppData\Local\Temp\arduino\cores\SparkFun_apollo3_amap3adk_86e27dbb8e1a8fafdc2546777567e19b\core.a(ap3_uart.cpp.o)
                0x0000e08c                am_uart1_isr
 .text.set_LPMMODE.part.0
                0x0000e0a0       0x34 C:\Users\lkjsg\AppData\Local\Temp\arduino\cores\SparkFun_apollo3_amap3adk_86e27dbb8e1a8fafdc2546777567e19b\core.a(am_hal_cachectrl.c.o)
 .text.set_SEDELAY.part.1
                0x0000e0d4       0x34 C:\Users\lkjsg\AppData\Local\Temp\arduino\cores\SparkFun_apollo3_amap3adk_86e27dbb8e1a8fafdc2546777567e19b\core.a(am_hal_cachectrl.c.o)
 .text.set_RDWAIT.part.2
                0x0000e108       0x3c C:\Users\lkjsg\AppData\Local\Temp\arduino\cores\SparkFun_apollo3_amap3adk_86e27dbb8e1a8fafdc2546777567e19b\core.a(am_hal_cachectrl.c.o)
 .text.am_hal_cachectrl_config
                0x0000e144       0x44 C:\Users\lkjsg\AppData\Local\Temp\arduino\cores\SparkFun_apollo3_amap3adk_86e27dbb8e1a8fafdc2546777567e19b\core.a(am_hal_cachectrl.c.o)
                0x0000e144                am_hal_cachectrl_config
 .text.am_hal_cachectrl_enable
                0x0000e188       0x14 C:\Users\lkjsg\AppData\Local\Temp\arduino\cores\SparkFun_apollo3_amap3adk_86e27dbb8e1a8fafdc2546777567e19b\core.a(am_hal_cachectrl.c.o)
                0x0000e188                am_hal_cachectrl_enable
 .text.am_hal_cachectrl_control
                0x0000e19c      0x14c C:\Users\lkjsg\AppData\Local\Temp\arduino\cores\SparkFun_apollo3_amap3adk_86e27dbb8e1a8fafdc2546777567e19b\core.a(am_hal_cachectrl.c.o)
                0x0000e19c                am_hal_cachectrl_control
 .text.am_hal_queue_init
                0x0000e2e8       0x12 C:\Users\lkjsg\AppData\Local\Temp\arduino\cores\SparkFun_apollo3_amap3adk_86e27dbb8e1a8fafdc2546777567e19b\core.a(am_hal_queue.c.o)
                0x0000e2e8                am_hal_queue_init
 .text.am_hal_queue_item_add
                0x0000e2fa       0x56 C:\Users\lkjsg\AppData\Local\Temp\arduino\cores\SparkFun_apollo3_amap3adk_86e27dbb8e1a8fafdc2546777567e19b\core.a(am_hal_queue.c.o)
                0x0000e2fa                am_hal_queue_item_add
 .text.am_hal_queue_item_get
                0x0000e350       0x52 C:\Users\lkjsg\AppData\Local\Temp\arduino\cores\SparkFun_apollo3_amap3adk_86e27dbb8e1a8fafdc2546777567e19b\core.a(am_hal_queue.c.o)
                0x0000e350                am_hal_queue_item_get
 *fill*         0x0000e3a2        0x2 
 .text.am_hal_stimer_config
                0x0000e3a4       0x14 C:\Users\lkjsg\AppData\Local\Temp\arduino\cores\SparkFun_apollo3_amap3adk_86e27dbb8e1a8fafdc2546777567e19b\core.a(am_hal_stimer.c.o)
                0x0000e3a4                am_hal_stimer_config
 .text.am_hal_stimer_int_enable
                0x0000e3b8       0x14 C:\Users\lkjsg\AppData\Local\Temp\arduino\cores\SparkFun_apollo3_amap3adk_86e27dbb8e1a8fafdc2546777567e19b\core.a(am_hal_stimer.c.o)
                0x0000e3b8                am_hal_stimer_int_enable
 .text.am_hal_stimer_int_clear
                0x0000e3cc        0xc C:\Users\lkjsg\AppData\Local\Temp\arduino\cores\SparkFun_apollo3_amap3adk_86e27dbb8e1a8fafdc2546777567e19b\core.a(am_hal_stimer.c.o)
                0x0000e3cc                am_hal_stimer_int_clear
 .text._Z8ap3_initv
                0x0000e3d8       0x48 C:\Users\lkjsg\AppData\Local\Temp\arduino\cores\SparkFun_apollo3_amap3adk_86e27dbb8e1a8fafdc2546777567e19b\core.a(ap3_initialization.cpp.o)
                0x0000e3d8                ap3_init()
 .text.__libc_init_array
                0x0000e420       0x48 c:/users/lkjsg/appdata/local/arduino15/packages/sparkfun/tools/arm-none-eabi-gcc/8-2018-q4-major/bin/../lib/gcc/arm-none-eabi/8.2.1/../../../../arm-none-eabi/lib/thumb/v7e-m+fp/hard\libc_nano.a(lib_a-init.o)
                0x0000e420                __libc_init_array
 .text.memset   0x0000e468       0x10 c:/users/lkjsg/appdata/local/arduino15/packages/sparkfun/tools/arm-none-eabi-gcc/8-2018-q4-major/bin/../lib/gcc/arm-none-eabi/8.2.1/../../../../arm-none-eabi/lib/thumb/v7e-m+fp/hard\libc_nano.a(lib_a-memset.o)
                0x0000e468                memset
                0x0000e478                . = ALIGN (0x4)
                0x0000e478                __init_array_start = .
 *(.init_array)
 .init_array    0x0000e478        0x4 C:\Users\lkjsg\AppData\Local\Temp\arduino\sketches\080145F39B1377D1238F79A0FE29746B\sketch\Example4_RecordToWav.ino.cpp.o
 .init_array    0x0000e47c        0x4 C:\Users\lkjsg\AppData\Local\Temp\arduino\sketches\080145F39B1377D1238F79A0FE29746B\core\config\variant.cpp.o
 *(.ctors)
                0x0000e480                __init_array_end = .
 *(.rodata)
 *(.rodata*)
 .rodata.setup.str1.1
                0x0000e480       0x3a C:\Users\lkjsg\AppData\Local\Temp\arduino\sketches\080145F39B1377D1238F79A0FE29746B\sketch\Example4_RecordToWav.ino.cpp.o
 .rodata._ZL16ap3_pdm_data_map
                0x0000e4ba        0xc C:\Users\lkjsg\AppData\Local\Temp\arduino\sketches\080145F39B1377D1238F79A0FE29746B\libraries\PDM\PDM.cpp.o
 .rodata._ZL17ap3_pdm_clock_map
                0x0000e4c6        0xc C:\Users\lkjsg\AppData\Local\Temp\arduino\sketches\080145F39B1377D1238F79A0FE29746B\libraries\PDM\PDM.cpp.o
 *fill*         0x0000e4d2        0x2 
 .rodata._ZL22ap3_pdm_config_default
                0x0000e4d4       0x20 C:\Users\lkjsg\AppData\Local\Temp\arduino\sketches\080145F39B1377D1238F79A0FE29746B\libraries\PDM\PDM.cpp.o
 .rodata.am_pdm_isr.str1.1
                0x0000e4f4        0xd C:\Users\lkjsg\AppData\Local\Temp\arduino\sketches\080145F39B1377D1238F79A0FE29746B\libraries\PDM\PDM.cpp.o
 .rodata.ap3_variant_pinmap
                0x0000e501       0x32 C:\Users\lkjsg\AppData\Local\Temp\arduino\sketches\080145F39B1377D1238F79A0FE29746B\core\config\variant.cpp.o
                0x0000e501                ap3_variant_pinmap
 *fill*         0x0000e533        0x1 
 .rodata.g_AM_HAL_GPIO_DISABLE
                0x0000e534        0x4 C:\Users\lkjsg\AppData\Local\Temp\arduino\cores\SparkFun_apollo3_amap3adk_86e27dbb8e1a8fafdc2546777567e19b\core.a(am_hal_gpio.c.o)
                0x0000e534                g_AM_HAL_GPIO_DISABLE
 .rodata.g_AM_HAL_GPIO_OUTPUT
                0x0000e538        0x4 C:\Users\lkjsg\AppData\Local\Temp\arduino\cores\SparkFun_apollo3_amap3adk_86e27dbb8e1a8fafdc2546777567e19b\core.a(am_hal_gpio.c.o)
                0x0000e538                g_AM_HAL_GPIO_OUTPUT
 .rodata.g_ui8Bit76Capabilities
                0x0000e53c       0x32 C:\Users\lkjsg\AppData\Local\Temp\arduino\cores\SparkFun_apollo3_amap3adk_86e27dbb8e1a8fafdc2546777567e19b\core.a(am_hal_gpio.c.o)
 .rodata.g_ui8Inpen
                0x0000e56e       0x32 C:\Users\lkjsg\AppData\Local\Temp\arduino\cores\SparkFun_apollo3_amap3adk_86e27dbb8e1a8fafdc2546777567e19b\core.a(am_hal_gpio.c.o)
 .rodata.g_ui8NCEtable
                0x0000e5a0       0xc8 C:\Users\lkjsg\AppData\Local\Temp\arduino\cores\SparkFun_apollo3_amap3adk_86e27dbb8e1a8fafdc2546777567e19b\core.a(am_hal_gpio.c.o)
 .rodata.g_ui8nCEpins
                0x0000e668       0x32 C:\Users\lkjsg\AppData\Local\Temp\arduino\cores\SparkFun_apollo3_amap3adk_86e27dbb8e1a8fafdc2546777567e19b\core.a(am_hal_gpio.c.o)
 *fill*         0x0000e69a        0x2 
 .rodata.am_hal_pwrctrl_peripheral_control
                0x0000e69c       0xb4 C:\Users\lkjsg\AppData\Local\Temp\arduino\cores\SparkFun_apollo3_amap3adk_86e27dbb8e1a8fafdc2546777567e19b\core.a(am_hal_pwrctrl.c.o)
                0x0000e69c                am_hal_pwrctrl_peripheral_control
 .rodata.CSWTCH.19
                0x0000e750       0x10 C:\Users\lkjsg\AppData\Local\Temp\arduino\cores\SparkFun_apollo3_amap3adk_86e27dbb8e1a8fafdc2546777567e19b\core.a(am_hal_uart.c.o)
 .rodata._ZN5Print7printlnEv.str1.1
                0x0000e760        0x3 C:\Users\lkjsg\AppData\Local\Temp\arduino\cores\SparkFun_apollo3_amap3adk_86e27dbb8e1a8fafdc2546777567e19b\core.a(Print.cpp.o)
 *fill*         0x0000e763        0x1 
 .rodata.AP3_GPIO_PINCFG_NULL
                0x0000e764        0x4 C:\Users\lkjsg\AppData\Local\Temp\arduino\cores\SparkFun_apollo3_amap3adk_86e27dbb8e1a8fafdc2546777567e19b\core.a(ap3_gpio_structures.c.o)
                0x0000e764                AP3_GPIO_PINCFG_NULL
 .rodata.CSWTCH.35
                0x0000e768       0x10 C:\Users\lkjsg\AppData\Local\Temp\arduino\cores\SparkFun_apollo3_amap3adk_86e27dbb8e1a8fafdc2546777567e19b\core.a(ap3_uart.cpp.o)
 .rodata.CSWTCH.36
                0x0000e778        0x4 C:\Users\lkjsg\AppData\Local\Temp\arduino\cores\SparkFun_apollo3_amap3adk_86e27dbb8e1a8fafdc2546777567e19b\core.a(ap3_uart.cpp.o)
 .rodata.CSWTCH.37
                0x0000e77c       0x10 C:\Users\lkjsg\AppData\Local\Temp\arduino\cores\SparkFun_apollo3_amap3adk_86e27dbb8e1a8fafdc2546777567e19b\core.a(ap3_uart.cpp.o)
 .rodata.CSWTCH.38
                0x0000e78c        0x4 C:\Users\lkjsg\AppData\Local\Temp\arduino\cores\SparkFun_apollo3_amap3adk_86e27dbb8e1a8fafdc2546777567e19b\core.a(ap3_uart.cpp.o)
 .rodata._ZTV4Uart
                0x0000e790       0x34 C:\Users\lkjsg\AppData\Local\Temp\arduino\cores\SparkFun_apollo3_amap3adk_86e27dbb8e1a8fafdc2546777567e19b\core.a(ap3_uart.cpp.o)
                0x0000e790                vtable for Uart
 .rodata.ap3_uart0_cts_map
                0x0000e7c4       0x10 C:\Users\lkjsg\AppData\Local\Temp\arduino\cores\SparkFun_apollo3_amap3adk_86e27dbb8e1a8fafdc2546777567e19b\core.a(ap3_uart_structures.c.o)
                0x0000e7c4                ap3_uart0_cts_map
 .rodata.ap3_uart0_rts_map
                0x0000e7d4       0x10 C:\Users\lkjsg\AppData\Local\Temp\arduino\cores\SparkFun_apollo3_amap3adk_86e27dbb8e1a8fafdc2546777567e19b\core.a(ap3_uart_structures.c.o)
                0x0000e7d4                ap3_uart0_rts_map
 .rodata.ap3_uart0_rx_map
                0x0000e7e4       0x18 C:\Users\lkjsg\AppData\Local\Temp\arduino\cores\SparkFun_apollo3_amap3adk_86e27dbb8e1a8fafdc2546777567e19b\core.a(ap3_uart_structures.c.o)
                0x0000e7e4                ap3_uart0_rx_map
 .rodata.ap3_uart0_tx_map
                0x0000e7fc       0x18 C:\Users\lkjsg\AppData\Local\Temp\arduino\cores\SparkFun_apollo3_amap3adk_86e27dbb8e1a8fafdc2546777567e19b\core.a(ap3_uart_structures.c.o)
                0x0000e7fc                ap3_uart0_tx_map
 .rodata.ap3_uart1_cts_map
                0x0000e814       0x10 C:\Users\lkjsg\AppData\Local\Temp\arduino\cores\SparkFun_apollo3_amap3adk_86e27dbb8e1a8fafdc2546777567e19b\core.a(ap3_uart_structures.c.o)
                0x0000e814                ap3_uart1_cts_map
 .rodata.ap3_uart1_rts_map
                0x0000e824       0x10 C:\Users\lkjsg\AppData\Local\Temp\arduino\cores\SparkFun_apollo3_amap3adk_86e27dbb8e1a8fafdc2546777567e19b\core.a(ap3_uart_structures.c.o)
                0x0000e824                ap3_uart1_rts_map
 .rodata.ap3_uart1_rx_map
                0x0000e834       0x1a C:\Users\lkjsg\AppData\Local\Temp\arduino\cores\SparkFun_apollo3_amap3adk_86e27dbb8e1a8fafdc2546777567e19b\core.a(ap3_uart_structures.c.o)
                0x0000e834                ap3_uart1_rx_map
 .rodata.ap3_uart1_tx_map
                0x0000e84e       0x18 C:\Users\lkjsg\AppData\Local\Temp\arduino\cores\SparkFun_apollo3_amap3adk_86e27dbb8e1a8fafdc2546777567e19b\core.a(ap3_uart_structures.c.o)
                0x0000e84e                ap3_uart1_tx_map
 *fill*         0x0000e866        0x2 
 .rodata.ap3_uart_config_default
                0x0000e868       0x28 C:\Users\lkjsg\AppData\Local\Temp\arduino\cores\SparkFun_apollo3_amap3adk_86e27dbb8e1a8fafdc2546777567e19b\core.a(ap3_uart_structures.c.o)
                0x0000e868                ap3_uart_config_default
 .rodata.am_hal_cachectrl_defaults
                0x0000e890        0x3 C:\Users\lkjsg\AppData\Local\Temp\arduino\cores\SparkFun_apollo3_amap3adk_86e27dbb8e1a8fafdc2546777567e19b\core.a(am_hal_cachectrl.c.o)
                0x0000e890                am_hal_cachectrl_defaults
                0x0000e894                . = ALIGN (0x4)
 *fill*         0x0000e893        0x1 
                0x0000e894                _etext = .

.glue_7         0x0000e894        0x0
 .glue_7        0x0000e894        0x0 linker stubs

.glue_7t        0x0000e894        0x0
 .glue_7t       0x0000e894        0x0 linker stubs

.vfp11_veneer   0x0000e894        0x0
 .vfp11_veneer  0x0000e894        0x0 linker stubs

.v4_bx          0x0000e894        0x0
 .v4_bx         0x0000e894        0x0 linker stubs

.iplt           0x0000e894        0x0
 .iplt          0x0000e894        0x0 C:\Users\lkjsg\AppData\Local\Temp\arduino\sketches\080145F39B1377D1238F79A0FE29746B\sketch\Example4_RecordToWav.ino.cpp.o

.rel.dyn        0x0000e894        0x0
 .rel.iplt      0x0000e894        0x0 C:\Users\lkjsg\AppData\Local\Temp\arduino\sketches\080145F39B1377D1238F79A0FE29746B\sketch\Example4_RecordToWav.ino.cpp.o

.stack          0x10000000    0x14000
                0x10000000                . = ALIGN (0x8)
 *(.stack)
 .stack         0x10000000    0x14000 C:\Users\lkjsg\AppData\Local\Temp\arduino\sketches\080145F39B1377D1238F79A0FE29746B\core\startup\startup_gcc.c.o
 *(.stack*)
                0x10014000                . = ALIGN (0x8)

.data           0x10014000       0x54 load address 0x0000e894
                0x10014000                . = ALIGN (0x4)
                0x10014000                _sdata = .
 *(.data)
 *(.data*)
 .data.newConfig
                0x10014000       0x20 C:\Users\lkjsg\AppData\Local\Temp\arduino\sketches\080145F39B1377D1238F79A0FE29746B\sketch\Example4_RecordToWav.ino.cpp.o
                0x10014000                newConfig
 .data.am_bsp_psLEDs
                0x10014020        0x8 C:\Users\lkjsg\AppData\Local\Temp\arduino\sketches\080145F39B1377D1238F79A0FE29746B\core\bsp\am_bsp.c.o
                0x10014020                am_bsp_psLEDs
 .data.SRAM_write_ui32
                0x10014028        0xc C:\Users\lkjsg\AppData\Local\Temp\arduino\cores\SparkFun_apollo3_amap3adk_86e27dbb8e1a8fafdc2546777567e19b\core.a(am_hal_flash.c.o)
                0x10014028                SRAM_write_ui32
 .data.ap3_analog_configure_map
                0x10014034       0x1e C:\Users\lkjsg\AppData\Local\Temp\arduino\cores\SparkFun_apollo3_amap3adk_86e27dbb8e1a8fafdc2546777567e19b\core.a(ap3_analog_structures.c.o)
                0x10014034                ap3_analog_configure_map
                0x10014054                . = ALIGN (0x4)
 *fill*         0x10014052        0x2 
                0x10014054                _edata = .
                0x0000e894                _init_data = LOADADDR (.data)

.igot.plt       0x10014054        0x0 load address 0x0000e8e8
 .igot.plt      0x10014054        0x0 C:\Users\lkjsg\AppData\Local\Temp\arduino\sketches\080145F39B1377D1238F79A0FE29746B\sketch\Example4_RecordToWav.ino.cpp.o

.bss            0x10014054     0xe3e0 load address 0x0000e8e8
                0x10014054                . = ALIGN (0x4)
                0x10014054                _sbss = .
 *(.bss)
 *(.bss*)
 .bss.myPDM     0x10014054     0x8040 C:\Users\lkjsg\AppData\Local\Temp\arduino\sketches\080145F39B1377D1238F79A0FE29746B\sketch\Example4_RecordToWav.ino.cpp.o
                0x10014054                myPDM
 .bss.pdmData   0x1001c094     0x2000 C:\Users\lkjsg\AppData\Local\Temp\arduino\sketches\080145F39B1377D1238F79A0FE29746B\sketch\Example4_RecordToWav.ino.cpp.o
                0x1001c094                pdmData
 .bss.ap3_pdm_handle
                0x1001e094        0x4 C:\Users\lkjsg\AppData\Local\Temp\arduino\sketches\080145F39B1377D1238F79A0FE29746B\libraries\PDM\PDM.cpp.o
                0x1001e094                ap3_pdm_handle
 .bss.Serial    0x1001e098     0x4058 C:\Users\lkjsg\AppData\Local\Temp\arduino\sketches\080145F39B1377D1238F79A0FE29746B\core\config\variant.cpp.o
                0x1001e098                Serial
 .bss.gAmHalResetStatus
                0x100220f0        0x4 C:\Users\lkjsg\AppData\Local\Temp\arduino\cores\SparkFun_apollo3_amap3adk_86e27dbb8e1a8fafdc2546777567e19b\core.a(am_hal_reset.c.o)
                0x100220f0                gAmHalResetStatus
 .bss.gpio_isr_entries
                0x100220f4      0x258 C:\Users\lkjsg\AppData\Local\Temp\arduino\cores\SparkFun_apollo3_amap3adk_86e27dbb8e1a8fafdc2546777567e19b\core.a(ap3_gpio.cpp.o)
                0x100220f4                gpio_isr_entries
 .bss.gpio_num_isr
                0x1002234c        0x1 C:\Users\lkjsg\AppData\Local\Temp\arduino\cores\SparkFun_apollo3_amap3adk_86e27dbb8e1a8fafdc2546777567e19b\core.a(ap3_gpio.cpp.o)
                0x1002234c                gpio_num_isr
 *fill*         0x1002234d        0x3 
 .bss.ap3_stimer_overflows
                0x10022350        0x4 C:\Users\lkjsg\AppData\Local\Temp\arduino\cores\SparkFun_apollo3_amap3adk_86e27dbb8e1a8fafdc2546777567e19b\core.a(ap3_timing.cpp.o)
                0x10022350                ap3_stimer_overflows
 .bss.ap3_uart_handles
                0x10022354        0x8 C:\Users\lkjsg\AppData\Local\Temp\arduino\cores\SparkFun_apollo3_amap3adk_86e27dbb8e1a8fafdc2546777567e19b\core.a(ap3_uart.cpp.o)
                0x10022354                ap3_uart_handles
 *(COMMON)
 COMMON         0x1002235c        0xc C:\Users\lkjsg\AppData\Local\Temp\arduino\cores\SparkFun_apollo3_amap3adk_86e27dbb8e1a8fafdc2546777567e19b\core.a(am_hal_pdm.c.o)
                0x1002235c                g_am_hal_pdm_states
 COMMON         0x10022368       0xc8 C:\Users\lkjsg\AppData\Local\Temp\arduino\cores\SparkFun_apollo3_amap3adk_86e27dbb8e1a8fafdc2546777567e19b\core.a(am_hal_uart.c.o)
                0x10022368                g_am_hal_uart_states
 COMMON         0x10022430        0x4 C:\Users\lkjsg\AppData\Local\Temp\arduino\cores\SparkFun_apollo3_amap3adk_86e27dbb8e1a8fafdc2546777567e19b\core.a(am_util_stdio.c.o)
                0x10022430                g_pfnCharPrint
                0x10022434                . = ALIGN (0x4)
                0x10022434                _ebss = .

.heap           0x10022434        0x0 load address 0x0000e8e8
                0x10022434                __end__ = .
                0x10022434                PROVIDE (end = .)
 *(.heap*)
                0x10022434                __HeapLimit = .

.ARM.attributes
                0x00000000       0x32
 *(.ARM.attributes)
 .ARM.attributes
                0x00000000       0x34 C:\Users\lkjsg\AppData\Local\Temp\arduino\sketches\080145F39B1377D1238F79A0FE29746B\sketch\Example4_RecordToWav.ino.cpp.o
 .ARM.attributes
                0x00000034       0x34 C:\Users\lkjsg\AppData\Local\Temp\arduino\sketches\080145F39B1377D1238F79A0FE29746B\libraries\PDM\PDM.cpp.o
 .ARM.attributes
                0x00000068       0x34 C:\Users\lkjsg\AppData\Local\Temp\arduino\sketches\080145F39B1377D1238F79A0FE29746B\core\bsp\am_bsp.c.o
 .ARM.attributes
                0x0000009c       0x34 C:\Users\lkjsg\AppData\Local\Temp\arduino\sketches\080145F39B1377D1238F79A0FE29746B\core\config\variant.cpp.o
 .ARM.attributes
                0x000000d0       0x34 C:\Users\lkjsg\AppData\Local\Temp\arduino\sketches\080145F39B1377D1238F79A0FE29746B\core\startup\startup_gcc.c.o
 .ARM.attributes
                0x00000104       0x34 C:\Users\lkjsg\AppData\Local\Temp\arduino\cores\SparkFun_apollo3_amap3adk_86e27dbb8e1a8fafdc2546777567e19b\core.a(am_hal_clkgen.c.o)
 .ARM.attributes
                0x00000138       0x34 C:\Users\lkjsg\AppData\Local\Temp\arduino\cores\SparkFun_apollo3_amap3adk_86e27dbb8e1a8fafdc2546777567e19b\core.a(am_hal_flash.c.o)
 .ARM.attributes
                0x0000016c       0x34 C:\Users\lkjsg\AppData\Local\Temp\arduino\cores\SparkFun_apollo3_amap3adk_86e27dbb8e1a8fafdc2546777567e19b\core.a(am_hal_gpio.c.o)
 .ARM.attributes
                0x000001a0       0x34 C:\Users\lkjsg\AppData\Local\Temp\arduino\cores\SparkFun_apollo3_amap3adk_86e27dbb8e1a8fafdc2546777567e19b\core.a(am_hal_interrupt.c.o)
 .ARM.attributes
                0x000001d4       0x34 C:\Users\lkjsg\AppData\Local\Temp\arduino\cores\SparkFun_apollo3_amap3adk_86e27dbb8e1a8fafdc2546777567e19b\core.a(am_hal_itm.c.o)
 .ARM.attributes
                0x00000208       0x34 C:\Users\lkjsg\AppData\Local\Temp\arduino\cores\SparkFun_apollo3_amap3adk_86e27dbb8e1a8fafdc2546777567e19b\core.a(am_hal_pdm.c.o)
 .ARM.attributes
                0x0000023c       0x34 C:\Users\lkjsg\AppData\Local\Temp\arduino\cores\SparkFun_apollo3_amap3adk_86e27dbb8e1a8fafdc2546777567e19b\core.a(am_hal_pwrctrl.c.o)
 .ARM.attributes
                0x00000270       0x34 C:\Users\lkjsg\AppData\Local\Temp\arduino\cores\SparkFun_apollo3_amap3adk_86e27dbb8e1a8fafdc2546777567e19b\core.a(am_hal_reset.c.o)
 .ARM.attributes
                0x000002a4       0x34 C:\Users\lkjsg\AppData\Local\Temp\arduino\cores\SparkFun_apollo3_amap3adk_86e27dbb8e1a8fafdc2546777567e19b\core.a(am_hal_rtc.c.o)
 .ARM.attributes
                0x000002d8       0x34 C:\Users\lkjsg\AppData\Local\Temp\arduino\cores\SparkFun_apollo3_amap3adk_86e27dbb8e1a8fafdc2546777567e19b\core.a(am_hal_uart.c.o)
 .ARM.attributes
                0x0000030c       0x34 C:\Users\lkjsg\AppData\Local\Temp\arduino\cores\SparkFun_apollo3_amap3adk_86e27dbb8e1a8fafdc2546777567e19b\core.a(am_util_delay.c.o)
 .ARM.attributes
                0x00000340       0x34 C:\Users\lkjsg\AppData\Local\Temp\arduino\cores\SparkFun_apollo3_amap3adk_86e27dbb8e1a8fafdc2546777567e19b\core.a(am_util_stdio.c.o)
 .ARM.attributes
                0x00000374       0x34 C:\Users\lkjsg\AppData\Local\Temp\arduino\cores\SparkFun_apollo3_amap3adk_86e27dbb8e1a8fafdc2546777567e19b\core.a(Print.cpp.o)
 .ARM.attributes
                0x000003a8       0x34 C:\Users\lkjsg\AppData\Local\Temp\arduino\cores\SparkFun_apollo3_amap3adk_86e27dbb8e1a8fafdc2546777567e19b\core.a(ap3_gpio.cpp.o)
 .ARM.attributes
                0x000003dc       0x39 C:\Users\lkjsg\AppData\Local\Temp\arduino\cores\SparkFun_apollo3_amap3adk_86e27dbb8e1a8fafdc2546777567e19b\core.a(ap3_gpio_structures.c.o)
 .ARM.attributes
                0x00000415       0x34 C:\Users\lkjsg\AppData\Local\Temp\arduino\cores\SparkFun_apollo3_amap3adk_86e27dbb8e1a8fafdc2546777567e19b\core.a(main.cpp.o)
 .ARM.attributes
                0x00000449       0x34 C:\Users\lkjsg\AppData\Local\Temp\arduino\cores\SparkFun_apollo3_amap3adk_86e27dbb8e1a8fafdc2546777567e19b\core.a(ap3_timing.cpp.o)
 .ARM.attributes
                0x0000047d       0x34 C:\Users\lkjsg\AppData\Local\Temp\arduino\cores\SparkFun_apollo3_amap3adk_86e27dbb8e1a8fafdc2546777567e19b\core.a(ap3_uart.cpp.o)
 .ARM.attributes
                0x000004b1       0x39 C:\Users\lkjsg\AppData\Local\Temp\arduino\cores\SparkFun_apollo3_amap3adk_86e27dbb8e1a8fafdc2546777567e19b\core.a(ap3_uart_structures.c.o)
 .ARM.attributes
                0x000004ea       0x34 C:\Users\lkjsg\AppData\Local\Temp\arduino\cores\SparkFun_apollo3_amap3adk_86e27dbb8e1a8fafdc2546777567e19b\core.a(am_hal_cachectrl.c.o)
 .ARM.attributes
                0x0000051e       0x34 C:\Users\lkjsg\AppData\Local\Temp\arduino\cores\SparkFun_apollo3_amap3adk_86e27dbb8e1a8fafdc2546777567e19b\core.a(am_hal_queue.c.o)
 .ARM.attributes
                0x00000552       0x34 C:\Users\lkjsg\AppData\Local\Temp\arduino\cores\SparkFun_apollo3_amap3adk_86e27dbb8e1a8fafdc2546777567e19b\core.a(am_hal_stimer.c.o)
 .ARM.attributes
                0x00000586       0x39 C:\Users\lkjsg\AppData\Local\Temp\arduino\cores\SparkFun_apollo3_amap3adk_86e27dbb8e1a8fafdc2546777567e19b\core.a(ap3_analog_structures.c.o)
 .ARM.attributes
                0x000005bf       0x34 C:\Users\lkjsg\AppData\Local\Temp\arduino\cores\SparkFun_apollo3_amap3adk_86e27dbb8e1a8fafdc2546777567e19b\core.a(ap3_initialization.cpp.o)
 .ARM.attributes
                0x000005f3       0x34 c:/users/lkjsg/appdata/local/arduino15/packages/sparkfun/tools/arm-none-eabi-gcc/8-2018-q4-major/bin/../lib/gcc/arm-none-eabi/8.2.1/../../../../arm-none-eabi/lib/thumb/v7e-m+fp/hard\libc_nano.a(lib_a-init.o)
 .ARM.attributes
                0x00000627       0x34 c:/users/lkjsg/appdata/local/arduino15/packages/sparkfun/tools/arm-none-eabi-gcc/8-2018-q4-major/bin/../lib/gcc/arm-none-eabi/8.2.1/../../../../arm-none-eabi/lib/thumb/v7e-m+fp/hard\libc_nano.a(lib_a-memset.o)
 .ARM.attributes
                0x0000065b       0x17 c:/users/lkjsg/appdata/local/arduino15/packages/sparkfun/tools/arm-none-eabi-gcc/8-2018-q4-major/bin/../lib/gcc/arm-none-eabi/8.2.1/../../../../arm-none-eabi/lib/thumb/v7e-m+fp/hard\libc_nano.a(lib_a-strlen.o)
OUTPUT(C:\Users\lkjsg\AppData\Local\Temp\arduino\sketches\080145F39B1377D1238F79A0FE29746B/Example4_RecordToWav.ino.axf elf32-littlearm)

.debug_info     0x00000000    0x5b130
 .debug_info    0x00000000     0x487e C:\Users\lkjsg\AppData\Local\Temp\arduino\sketches\080145F39B1377D1238F79A0FE29746B\sketch\Example4_RecordToWav.ino.cpp.o
 .debug_info    0x0000487e     0x524f C:\Users\lkjsg\AppData\Local\Temp\arduino\sketches\080145F39B1377D1238F79A0FE29746B\libraries\PDM\PDM.cpp.o
 .debug_info    0x00009acd     0x246d C:\Users\lkjsg\AppData\Local\Temp\arduino\sketches\080145F39B1377D1238F79A0FE29746B\core\bsp\am_bsp.c.o
 .debug_info    0x0000bf3a     0x3fb5 C:\Users\lkjsg\AppData\Local\Temp\arduino\sketches\080145F39B1377D1238F79A0FE29746B\core\config\variant.cpp.o
 .debug_info    0x0000feef      0xb41 C:\Users\lkjsg\AppData\Local\Temp\arduino\sketches\080145F39B1377D1238F79A0FE29746B\core\startup\startup_gcc.c.o
 .debug_info    0x00010a30     0x2c35 C:\Users\lkjsg\AppData\Local\Temp\arduino\cores\SparkFun_apollo3_amap3adk_86e27dbb8e1a8fafdc2546777567e19b\core.a(am_hal_clkgen.c.o)
 .debug_info    0x00013665     0x2335 C:\Users\lkjsg\AppData\Local\Temp\arduino\cores\SparkFun_apollo3_amap3adk_86e27dbb8e1a8fafdc2546777567e19b\core.a(am_hal_flash.c.o)
 .debug_info    0x0001599a     0x54e5 C:\Users\lkjsg\AppData\Local\Temp\arduino\cores\SparkFun_apollo3_amap3adk_86e27dbb8e1a8fafdc2546777567e19b\core.a(am_hal_gpio.c.o)
 .debug_info    0x0001ae7f      0x821 C:\Users\lkjsg\AppData\Local\Temp\arduino\cores\SparkFun_apollo3_amap3adk_86e27dbb8e1a8fafdc2546777567e19b\core.a(am_hal_interrupt.c.o)
 .debug_info    0x0001b6a0     0x209b C:\Users\lkjsg\AppData\Local\Temp\arduino\cores\SparkFun_apollo3_amap3adk_86e27dbb8e1a8fafdc2546777567e19b\core.a(am_hal_itm.c.o)
 .debug_info    0x0001d73b     0x1ede C:\Users\lkjsg\AppData\Local\Temp\arduino\cores\SparkFun_apollo3_amap3adk_86e27dbb8e1a8fafdc2546777567e19b\core.a(am_hal_pdm.c.o)
 .debug_info    0x0001f619     0x3c7e C:\Users\lkjsg\AppData\Local\Temp\arduino\cores\SparkFun_apollo3_amap3adk_86e27dbb8e1a8fafdc2546777567e19b\core.a(am_hal_pwrctrl.c.o)
 .debug_info    0x00023297     0x11fc C:\Users\lkjsg\AppData\Local\Temp\arduino\cores\SparkFun_apollo3_amap3adk_86e27dbb8e1a8fafdc2546777567e19b\core.a(am_hal_reset.c.o)
 .debug_info    0x00024493     0x192b C:\Users\lkjsg\AppData\Local\Temp\arduino\cores\SparkFun_apollo3_amap3adk_86e27dbb8e1a8fafdc2546777567e19b\core.a(am_hal_rtc.c.o)
 .debug_info    0x00025dbe     0x3fed C:\Users\lkjsg\AppData\Local\Temp\arduino\cores\SparkFun_apollo3_amap3adk_86e27dbb8e1a8fafdc2546777567e19b\core.a(am_hal_uart.c.o)
 .debug_info    0x00029dab      0x960 C:\Users\lkjsg\AppData\Local\Temp\arduino\cores\SparkFun_apollo3_amap3adk_86e27dbb8e1a8fafdc2546777567e19b\core.a(am_util_delay.c.o)
 .debug_info    0x0002a70b      0xdbe C:\Users\lkjsg\AppData\Local\Temp\arduino\cores\SparkFun_apollo3_amap3adk_86e27dbb8e1a8fafdc2546777567e19b\core.a(am_util_stdio.c.o)
 .debug_info    0x0002b4c9     0x6725 C:\Users\lkjsg\AppData\Local\Temp\arduino\cores\SparkFun_apollo3_amap3adk_86e27dbb8e1a8fafdc2546777567e19b\core.a(Print.cpp.o)
 .debug_info    0x00031bee     0x8ece C:\Users\lkjsg\AppData\Local\Temp\arduino\cores\SparkFun_apollo3_amap3adk_86e27dbb8e1a8fafdc2546777567e19b\core.a(ap3_gpio.cpp.o)
 .debug_info    0x0003aabc      0xb3e C:\Users\lkjsg\AppData\Local\Temp\arduino\cores\SparkFun_apollo3_amap3adk_86e27dbb8e1a8fafdc2546777567e19b\core.a(ap3_gpio_structures.c.o)
 .debug_info    0x0003b5fa     0x3f03 C:\Users\lkjsg\AppData\Local\Temp\arduino\cores\SparkFun_apollo3_amap3adk_86e27dbb8e1a8fafdc2546777567e19b\core.a(main.cpp.o)
 .debug_info    0x0003f4fd     0x4041 C:\Users\lkjsg\AppData\Local\Temp\arduino\cores\SparkFun_apollo3_amap3adk_86e27dbb8e1a8fafdc2546777567e19b\core.a(ap3_timing.cpp.o)
 .debug_info    0x0004353e     0x78db C:\Users\lkjsg\AppData\Local\Temp\arduino\cores\SparkFun_apollo3_amap3adk_86e27dbb8e1a8fafdc2546777567e19b\core.a(ap3_uart.cpp.o)
 .debug_info    0x0004ae19      0xbf8 C:\Users\lkjsg\AppData\Local\Temp\arduino\cores\SparkFun_apollo3_amap3adk_86e27dbb8e1a8fafdc2546777567e19b\core.a(ap3_uart_structures.c.o)
 .debug_info    0x0004ba11     0x18b4 C:\Users\lkjsg\AppData\Local\Temp\arduino\cores\SparkFun_apollo3_amap3adk_86e27dbb8e1a8fafdc2546777567e19b\core.a(am_hal_cachectrl.c.o)
 .debug_info    0x0004d2c5      0xa5c C:\Users\lkjsg\AppData\Local\Temp\arduino\cores\SparkFun_apollo3_amap3adk_86e27dbb8e1a8fafdc2546777567e19b\core.a(am_hal_queue.c.o)
 .debug_info    0x0004dd21     0x853e C:\Users\lkjsg\AppData\Local\Temp\arduino\cores\SparkFun_apollo3_amap3adk_86e27dbb8e1a8fafdc2546777567e19b\core.a(am_hal_stimer.c.o)
 .debug_info    0x0005625f      0xbf7 C:\Users\lkjsg\AppData\Local\Temp\arduino\cores\SparkFun_apollo3_amap3adk_86e27dbb8e1a8fafdc2546777567e19b\core.a(ap3_analog_structures.c.o)
 .debug_info    0x00056e56     0x42da C:\Users\lkjsg\AppData\Local\Temp\arduino\cores\SparkFun_apollo3_amap3adk_86e27dbb8e1a8fafdc2546777567e19b\core.a(ap3_initialization.cpp.o)

.debug_abbrev   0x00000000     0x79a4
 .debug_abbrev  0x00000000      0x5a6 C:\Users\lkjsg\AppData\Local\Temp\arduino\sketches\080145F39B1377D1238F79A0FE29746B\sketch\Example4_RecordToWav.ino.cpp.o
 .debug_abbrev  0x000005a6      0x76a C:\Users\lkjsg\AppData\Local\Temp\arduino\sketches\080145F39B1377D1238F79A0FE29746B\libraries\PDM\PDM.cpp.o
 .debug_abbrev  0x00000d10      0x381 C:\Users\lkjsg\AppData\Local\Temp\arduino\sketches\080145F39B1377D1238F79A0FE29746B\core\bsp\am_bsp.c.o
 .debug_abbrev  0x00001091      0x4ce C:\Users\lkjsg\AppData\Local\Temp\arduino\sketches\080145F39B1377D1238F79A0FE29746B\core\config\variant.cpp.o
 .debug_abbrev  0x0000155f      0x21d C:\Users\lkjsg\AppData\Local\Temp\arduino\sketches\080145F39B1377D1238F79A0FE29746B\core\startup\startup_gcc.c.o
 .debug_abbrev  0x0000177c      0x312 C:\Users\lkjsg\AppData\Local\Temp\arduino\cores\SparkFun_apollo3_amap3adk_86e27dbb8e1a8fafdc2546777567e19b\core.a(am_hal_clkgen.c.o)
 .debug_abbrev  0x00001a8e      0x491 C:\Users\lkjsg\AppData\Local\Temp\arduino\cores\SparkFun_apollo3_amap3adk_86e27dbb8e1a8fafdc2546777567e19b\core.a(am_hal_flash.c.o)
 .debug_abbrev  0x00001f1f      0x3b9 C:\Users\lkjsg\AppData\Local\Temp\arduino\cores\SparkFun_apollo3_amap3adk_86e27dbb8e1a8fafdc2546777567e19b\core.a(am_hal_gpio.c.o)
 .debug_abbrev  0x000022d8      0x1c9 C:\Users\lkjsg\AppData\Local\Temp\arduino\cores\SparkFun_apollo3_amap3adk_86e27dbb8e1a8fafdc2546777567e19b\core.a(am_hal_interrupt.c.o)
 .debug_abbrev  0x000024a1      0x35b C:\Users\lkjsg\AppData\Local\Temp\arduino\cores\SparkFun_apollo3_amap3adk_86e27dbb8e1a8fafdc2546777567e19b\core.a(am_hal_itm.c.o)
 .debug_abbrev  0x000027fc      0x3ab C:\Users\lkjsg\AppData\Local\Temp\arduino\cores\SparkFun_apollo3_amap3adk_86e27dbb8e1a8fafdc2546777567e19b\core.a(am_hal_pdm.c.o)
 .debug_abbrev  0x00002ba7      0x392 C:\Users\lkjsg\AppData\Local\Temp\arduino\cores\SparkFun_apollo3_amap3adk_86e27dbb8e1a8fafdc2546777567e19b\core.a(am_hal_pwrctrl.c.o)
 .debug_abbrev  0x00002f39      0x2fc C:\Users\lkjsg\AppData\Local\Temp\arduino\cores\SparkFun_apollo3_amap3adk_86e27dbb8e1a8fafdc2546777567e19b\core.a(am_hal_reset.c.o)
 .debug_abbrev  0x00003235      0x341 C:\Users\lkjsg\AppData\Local\Temp\arduino\cores\SparkFun_apollo3_amap3adk_86e27dbb8e1a8fafdc2546777567e19b\core.a(am_hal_rtc.c.o)
 .debug_abbrev  0x00003576      0x45c C:\Users\lkjsg\AppData\Local\Temp\arduino\cores\SparkFun_apollo3_amap3adk_86e27dbb8e1a8fafdc2546777567e19b\core.a(am_hal_uart.c.o)
 .debug_abbrev  0x000039d2      0x22d C:\Users\lkjsg\AppData\Local\Temp\arduino\cores\SparkFun_apollo3_amap3adk_86e27dbb8e1a8fafdc2546777567e19b\core.a(am_util_delay.c.o)
 .debug_abbrev  0x00003bff      0x401 C:\Users\lkjsg\AppData\Local\Temp\arduino\cores\SparkFun_apollo3_amap3adk_86e27dbb8e1a8fafdc2546777567e19b\core.a(am_util_stdio.c.o)
 .debug_abbrev  0x00004000      0x81c C:\Users\lkjsg\AppData\Local\Temp\arduino\cores\SparkFun_apollo3_amap3adk_86e27dbb8e1a8fafdc2546777567e19b\core.a(Print.cpp.o)
 .debug_abbrev  0x0000481c      0x85a C:\Users\lkjsg\AppData\Local\Temp\arduino\cores\SparkFun_apollo3_amap3adk_86e27dbb8e1a8fafdc2546777567e19b\core.a(ap3_gpio.cpp.o)
 .debug_abbrev  0x00005076      0x1ab C:\Users\lkjsg\AppData\Local\Temp\arduino\cores\SparkFun_apollo3_amap3adk_86e27dbb8e1a8fafdc2546777567e19b\core.a(ap3_gpio_structures.c.o)
 .debug_abbrev  0x00005221      0x4ca C:\Users\lkjsg\AppData\Local\Temp\arduino\cores\SparkFun_apollo3_amap3adk_86e27dbb8e1a8fafdc2546777567e19b\core.a(main.cpp.o)
 .debug_abbrev  0x000056eb      0x551 C:\Users\lkjsg\AppData\Local\Temp\arduino\cores\SparkFun_apollo3_amap3adk_86e27dbb8e1a8fafdc2546777567e19b\core.a(ap3_timing.cpp.o)
 .debug_abbrev  0x00005c3c      0xab8 C:\Users\lkjsg\AppData\Local\Temp\arduino\cores\SparkFun_apollo3_amap3adk_86e27dbb8e1a8fafdc2546777567e19b\core.a(ap3_uart.cpp.o)
 .debug_abbrev  0x000066f4      0x1bc C:\Users\lkjsg\AppData\Local\Temp\arduino\cores\SparkFun_apollo3_amap3adk_86e27dbb8e1a8fafdc2546777567e19b\core.a(ap3_uart_structures.c.o)
 .debug_abbrev  0x000068b0      0x40c C:\Users\lkjsg\AppData\Local\Temp\arduino\cores\SparkFun_apollo3_amap3adk_86e27dbb8e1a8fafdc2546777567e19b\core.a(am_hal_cachectrl.c.o)
 .debug_abbrev  0x00006cbc      0x252 C:\Users\lkjsg\AppData\Local\Temp\arduino\cores\SparkFun_apollo3_amap3adk_86e27dbb8e1a8fafdc2546777567e19b\core.a(am_hal_queue.c.o)
 .debug_abbrev  0x00006f0e      0x37d C:\Users\lkjsg\AppData\Local\Temp\arduino\cores\SparkFun_apollo3_amap3adk_86e27dbb8e1a8fafdc2546777567e19b\core.a(am_hal_stimer.c.o)
 .debug_abbrev  0x0000728b      0x1d1 C:\Users\lkjsg\AppData\Local\Temp\arduino\cores\SparkFun_apollo3_amap3adk_86e27dbb8e1a8fafdc2546777567e19b\core.a(ap3_analog_structures.c.o)
 .debug_abbrev  0x0000745c      0x548 C:\Users\lkjsg\AppData\Local\Temp\arduino\cores\SparkFun_apollo3_amap3adk_86e27dbb8e1a8fafdc2546777567e19b\core.a(ap3_initialization.cpp.o)

.debug_loc      0x00000000     0xbd1b
 .debug_loc     0x00000000       0x2e C:\Users\lkjsg\AppData\Local\Temp\arduino\sketches\080145F39B1377D1238F79A0FE29746B\sketch\Example4_RecordToWav.ino.cpp.o
 .debug_loc     0x0000002e      0x756 C:\Users\lkjsg\AppData\Local\Temp\arduino\sketches\080145F39B1377D1238F79A0FE29746B\libraries\PDM\PDM.cpp.o
 .debug_loc     0x00000784      0xcc1 C:\Users\lkjsg\AppData\Local\Temp\arduino\sketches\080145F39B1377D1238F79A0FE29746B\core\bsp\am_bsp.c.o
 .debug_loc     0x00001445       0x2e C:\Users\lkjsg\AppData\Local\Temp\arduino\sketches\080145F39B1377D1238F79A0FE29746B\core\config\variant.cpp.o
 .debug_loc     0x00001473      0x2af C:\Users\lkjsg\AppData\Local\Temp\arduino\cores\SparkFun_apollo3_amap3adk_86e27dbb8e1a8fafdc2546777567e19b\core.a(am_hal_clkgen.c.o)
 .debug_loc     0x00001722     0x12df C:\Users\lkjsg\AppData\Local\Temp\arduino\cores\SparkFun_apollo3_amap3adk_86e27dbb8e1a8fafdc2546777567e19b\core.a(am_hal_flash.c.o)
 .debug_loc     0x00002a01      0xd77 C:\Users\lkjsg\AppData\Local\Temp\arduino\cores\SparkFun_apollo3_amap3adk_86e27dbb8e1a8fafdc2546777567e19b\core.a(am_hal_gpio.c.o)
 .debug_loc     0x00003778      0x26a C:\Users\lkjsg\AppData\Local\Temp\arduino\cores\SparkFun_apollo3_amap3adk_86e27dbb8e1a8fafdc2546777567e19b\core.a(am_hal_itm.c.o)
 .debug_loc     0x000039e2      0xb94 C:\Users\lkjsg\AppData\Local\Temp\arduino\cores\SparkFun_apollo3_amap3adk_86e27dbb8e1a8fafdc2546777567e19b\core.a(am_hal_pdm.c.o)
 .debug_loc     0x00004576      0x3a6 C:\Users\lkjsg\AppData\Local\Temp\arduino\cores\SparkFun_apollo3_amap3adk_86e27dbb8e1a8fafdc2546777567e19b\core.a(am_hal_pwrctrl.c.o)
 .debug_loc     0x0000491c      0x1d1 C:\Users\lkjsg\AppData\Local\Temp\arduino\cores\SparkFun_apollo3_amap3adk_86e27dbb8e1a8fafdc2546777567e19b\core.a(am_hal_reset.c.o)
 .debug_loc     0x00004aed      0x458 C:\Users\lkjsg\AppData\Local\Temp\arduino\cores\SparkFun_apollo3_amap3adk_86e27dbb8e1a8fafdc2546777567e19b\core.a(am_hal_rtc.c.o)
 .debug_loc     0x00004f45     0x1acf C:\Users\lkjsg\AppData\Local\Temp\arduino\cores\SparkFun_apollo3_amap3adk_86e27dbb8e1a8fafdc2546777567e19b\core.a(am_hal_uart.c.o)
 .debug_loc     0x00006a14      0x10b C:\Users\lkjsg\AppData\Local\Temp\arduino\cores\SparkFun_apollo3_amap3adk_86e27dbb8e1a8fafdc2546777567e19b\core.a(am_util_delay.c.o)
 .debug_loc     0x00006b1f     0x17f1 C:\Users\lkjsg\AppData\Local\Temp\arduino\cores\SparkFun_apollo3_amap3adk_86e27dbb8e1a8fafdc2546777567e19b\core.a(am_util_stdio.c.o)
 .debug_loc     0x00008310     0x16a7 C:\Users\lkjsg\AppData\Local\Temp\arduino\cores\SparkFun_apollo3_amap3adk_86e27dbb8e1a8fafdc2546777567e19b\core.a(Print.cpp.o)
 .debug_loc     0x000099b7      0x9df C:\Users\lkjsg\AppData\Local\Temp\arduino\cores\SparkFun_apollo3_amap3adk_86e27dbb8e1a8fafdc2546777567e19b\core.a(ap3_gpio.cpp.o)
 .debug_loc     0x0000a396       0x4a C:\Users\lkjsg\AppData\Local\Temp\arduino\cores\SparkFun_apollo3_amap3adk_86e27dbb8e1a8fafdc2546777567e19b\core.a(ap3_timing.cpp.o)
 .debug_loc     0x0000a3e0      0xdfe C:\Users\lkjsg\AppData\Local\Temp\arduino\cores\SparkFun_apollo3_amap3adk_86e27dbb8e1a8fafdc2546777567e19b\core.a(ap3_uart.cpp.o)
 .debug_loc     0x0000b1de      0x4b0 C:\Users\lkjsg\AppData\Local\Temp\arduino\cores\SparkFun_apollo3_amap3adk_86e27dbb8e1a8fafdc2546777567e19b\core.a(am_hal_cachectrl.c.o)
 .debug_loc     0x0000b68e      0x278 C:\Users\lkjsg\AppData\Local\Temp\arduino\cores\SparkFun_apollo3_amap3adk_86e27dbb8e1a8fafdc2546777567e19b\core.a(am_hal_queue.c.o)
 .debug_loc     0x0000b906      0x3ff C:\Users\lkjsg\AppData\Local\Temp\arduino\cores\SparkFun_apollo3_amap3adk_86e27dbb8e1a8fafdc2546777567e19b\core.a(am_hal_stimer.c.o)
 .debug_loc     0x0000bd05       0x16 C:\Users\lkjsg\AppData\Local\Temp\arduino\cores\SparkFun_apollo3_amap3adk_86e27dbb8e1a8fafdc2546777567e19b\core.a(ap3_initialization.cpp.o)

.debug_aranges  0x00000000      0xc38
 .debug_aranges
                0x00000000       0x30 C:\Users\lkjsg\AppData\Local\Temp\arduino\sketches\080145F39B1377D1238F79A0FE29746B\sketch\Example4_RecordToWav.ino.cpp.o
 .debug_aranges
                0x00000030       0xc0 C:\Users\lkjsg\AppData\Local\Temp\arduino\sketches\080145F39B1377D1238F79A0FE29746B\libraries\PDM\PDM.cpp.o
 .debug_aranges
                0x000000f0       0xb0 C:\Users\lkjsg\AppData\Local\Temp\arduino\sketches\080145F39B1377D1238F79A0FE29746B\core\bsp\am_bsp.c.o
 .debug_aranges
                0x000001a0       0x20 C:\Users\lkjsg\AppData\Local\Temp\arduino\sketches\080145F39B1377D1238F79A0FE29746B\core\config\variant.cpp.o
 .debug_aranges
                0x000001c0       0x38 C:\Users\lkjsg\AppData\Local\Temp\arduino\sketches\080145F39B1377D1238F79A0FE29746B\core\startup\startup_gcc.c.o
 .debug_aranges
                0x000001f8       0x58 C:\Users\lkjsg\AppData\Local\Temp\arduino\cores\SparkFun_apollo3_amap3adk_86e27dbb8e1a8fafdc2546777567e19b\core.a(am_hal_clkgen.c.o)
 .debug_aranges
                0x00000250      0x130 C:\Users\lkjsg\AppData\Local\Temp\arduino\cores\SparkFun_apollo3_amap3adk_86e27dbb8e1a8fafdc2546777567e19b\core.a(am_hal_flash.c.o)
 .debug_aranges
                0x00000380       0x70 C:\Users\lkjsg\AppData\Local\Temp\arduino\cores\SparkFun_apollo3_amap3adk_86e27dbb8e1a8fafdc2546777567e19b\core.a(am_hal_gpio.c.o)
 .debug_aranges
                0x000003f0       0x30 C:\Users\lkjsg\AppData\Local\Temp\arduino\cores\SparkFun_apollo3_amap3adk_86e27dbb8e1a8fafdc2546777567e19b\core.a(am_hal_interrupt.c.o)
 .debug_aranges
                0x00000420       0x78 C:\Users\lkjsg\AppData\Local\Temp\arduino\cores\SparkFun_apollo3_amap3adk_86e27dbb8e1a8fafdc2546777567e19b\core.a(am_hal_itm.c.o)
 .debug_aranges
                0x00000498       0x88 C:\Users\lkjsg\AppData\Local\Temp\arduino\cores\SparkFun_apollo3_amap3adk_86e27dbb8e1a8fafdc2546777567e19b\core.a(am_hal_pdm.c.o)
 .debug_aranges
                0x00000520       0x58 C:\Users\lkjsg\AppData\Local\Temp\arduino\cores\SparkFun_apollo3_amap3adk_86e27dbb8e1a8fafdc2546777567e19b\core.a(am_hal_pwrctrl.c.o)
 .debug_aranges
                0x00000578       0x50 C:\Users\lkjsg\AppData\Local\Temp\arduino\cores\SparkFun_apollo3_amap3adk_86e27dbb8e1a8fafdc2546777567e19b\core.a(am_hal_reset.c.o)
 .debug_aranges
                0x000005c8       0xa0 C:\Users\lkjsg\AppData\Local\Temp\arduino\cores\SparkFun_apollo3_amap3adk_86e27dbb8e1a8fafdc2546777567e19b\core.a(am_hal_rtc.c.o)
 .debug_aranges
                0x00000668       0xc0 C:\Users\lkjsg\AppData\Local\Temp\arduino\cores\SparkFun_apollo3_amap3adk_86e27dbb8e1a8fafdc2546777567e19b\core.a(am_hal_uart.c.o)
 .debug_aranges
                0x00000728       0x30 C:\Users\lkjsg\AppData\Local\Temp\arduino\cores\SparkFun_apollo3_amap3adk_86e27dbb8e1a8fafdc2546777567e19b\core.a(am_util_delay.c.o)
 .debug_aranges
                0x00000758       0x70 C:\Users\lkjsg\AppData\Local\Temp\arduino\cores\SparkFun_apollo3_amap3adk_86e27dbb8e1a8fafdc2546777567e19b\core.a(am_util_stdio.c.o)
 .debug_aranges
                0x000007c8      0x100 C:\Users\lkjsg\AppData\Local\Temp\arduino\cores\SparkFun_apollo3_amap3adk_86e27dbb8e1a8fafdc2546777567e19b\core.a(Print.cpp.o)
 .debug_aranges
                0x000008c8       0x98 C:\Users\lkjsg\AppData\Local\Temp\arduino\cores\SparkFun_apollo3_amap3adk_86e27dbb8e1a8fafdc2546777567e19b\core.a(ap3_gpio.cpp.o)
 .debug_aranges
                0x00000960       0x18 C:\Users\lkjsg\AppData\Local\Temp\arduino\cores\SparkFun_apollo3_amap3adk_86e27dbb8e1a8fafdc2546777567e19b\core.a(ap3_gpio_structures.c.o)
 .debug_aranges
                0x00000978       0x30 C:\Users\lkjsg\AppData\Local\Temp\arduino\cores\SparkFun_apollo3_amap3adk_86e27dbb8e1a8fafdc2546777567e19b\core.a(main.cpp.o)
 .debug_aranges
                0x000009a8       0x60 C:\Users\lkjsg\AppData\Local\Temp\arduino\cores\SparkFun_apollo3_amap3adk_86e27dbb8e1a8fafdc2546777567e19b\core.a(ap3_timing.cpp.o)
 .debug_aranges
                0x00000a08       0xb8 C:\Users\lkjsg\AppData\Local\Temp\arduino\cores\SparkFun_apollo3_amap3adk_86e27dbb8e1a8fafdc2546777567e19b\core.a(ap3_uart.cpp.o)
 .debug_aranges
                0x00000ac0       0x18 C:\Users\lkjsg\AppData\Local\Temp\arduino\cores\SparkFun_apollo3_amap3adk_86e27dbb8e1a8fafdc2546777567e19b\core.a(ap3_uart_structures.c.o)
 .debug_aranges
                0x00000ad8       0x58 C:\Users\lkjsg\AppData\Local\Temp\arduino\cores\SparkFun_apollo3_amap3adk_86e27dbb8e1a8fafdc2546777567e19b\core.a(am_hal_cachectrl.c.o)
 .debug_aranges
                0x00000b30       0x30 C:\Users\lkjsg\AppData\Local\Temp\arduino\cores\SparkFun_apollo3_amap3adk_86e27dbb8e1a8fafdc2546777567e19b\core.a(am_hal_queue.c.o)
 .debug_aranges
                0x00000b60       0x98 C:\Users\lkjsg\AppData\Local\Temp\arduino\cores\SparkFun_apollo3_amap3adk_86e27dbb8e1a8fafdc2546777567e19b\core.a(am_hal_stimer.c.o)
 .debug_aranges
                0x00000bf8       0x18 C:\Users\lkjsg\AppData\Local\Temp\arduino\cores\SparkFun_apollo3_amap3adk_86e27dbb8e1a8fafdc2546777567e19b\core.a(ap3_analog_structures.c.o)
 .debug_aranges
                0x00000c10       0x28 C:\Users\lkjsg\AppData\Local\Temp\arduino\cores\SparkFun_apollo3_amap3adk_86e27dbb8e1a8fafdc2546777567e19b\core.a(ap3_initialization.cpp.o)

.debug_ranges   0x00000000     0x12d8
 .debug_ranges  0x00000000       0x20 C:\Users\lkjsg\AppData\Local\Temp\arduino\sketches\080145F39B1377D1238F79A0FE29746B\sketch\Example4_RecordToWav.ino.cpp.o
 .debug_ranges  0x00000020       0xf8 C:\Users\lkjsg\AppData\Local\Temp\arduino\sketches\080145F39B1377D1238F79A0FE29746B\libraries\PDM\PDM.cpp.o
 .debug_ranges  0x00000118       0xa0 C:\Users\lkjsg\AppData\Local\Temp\arduino\sketches\080145F39B1377D1238F79A0FE29746B\core\bsp\am_bsp.c.o
 .debug_ranges  0x000001b8       0x28 C:\Users\lkjsg\AppData\Local\Temp\arduino\sketches\080145F39B1377D1238F79A0FE29746B\core\config\variant.cpp.o
 .debug_ranges  0x000001e0       0x28 C:\Users\lkjsg\AppData\Local\Temp\arduino\sketches\080145F39B1377D1238F79A0FE29746B\core\startup\startup_gcc.c.o
 .debug_ranges  0x00000208       0x48 C:\Users\lkjsg\AppData\Local\Temp\arduino\cores\SparkFun_apollo3_amap3adk_86e27dbb8e1a8fafdc2546777567e19b\core.a(am_hal_clkgen.c.o)
 .debug_ranges  0x00000250      0x168 C:\Users\lkjsg\AppData\Local\Temp\arduino\cores\SparkFun_apollo3_amap3adk_86e27dbb8e1a8fafdc2546777567e19b\core.a(am_hal_flash.c.o)
 .debug_ranges  0x000003b8       0xd8 C:\Users\lkjsg\AppData\Local\Temp\arduino\cores\SparkFun_apollo3_amap3adk_86e27dbb8e1a8fafdc2546777567e19b\core.a(am_hal_gpio.c.o)
 .debug_ranges  0x00000490       0x20 C:\Users\lkjsg\AppData\Local\Temp\arduino\cores\SparkFun_apollo3_amap3adk_86e27dbb8e1a8fafdc2546777567e19b\core.a(am_hal_interrupt.c.o)
 .debug_ranges  0x000004b0       0x88 C:\Users\lkjsg\AppData\Local\Temp\arduino\cores\SparkFun_apollo3_amap3adk_86e27dbb8e1a8fafdc2546777567e19b\core.a(am_hal_itm.c.o)
 .debug_ranges  0x00000538       0x90 C:\Users\lkjsg\AppData\Local\Temp\arduino\cores\SparkFun_apollo3_amap3adk_86e27dbb8e1a8fafdc2546777567e19b\core.a(am_hal_pdm.c.o)
 .debug_ranges  0x000005c8       0xa8 C:\Users\lkjsg\AppData\Local\Temp\arduino\cores\SparkFun_apollo3_amap3adk_86e27dbb8e1a8fafdc2546777567e19b\core.a(am_hal_pwrctrl.c.o)
 .debug_ranges  0x00000670       0x88 C:\Users\lkjsg\AppData\Local\Temp\arduino\cores\SparkFun_apollo3_amap3adk_86e27dbb8e1a8fafdc2546777567e19b\core.a(am_hal_reset.c.o)
 .debug_ranges  0x000006f8       0x90 C:\Users\lkjsg\AppData\Local\Temp\arduino\cores\SparkFun_apollo3_amap3adk_86e27dbb8e1a8fafdc2546777567e19b\core.a(am_hal_rtc.c.o)
 .debug_ranges  0x00000788      0x1a8 C:\Users\lkjsg\AppData\Local\Temp\arduino\cores\SparkFun_apollo3_amap3adk_86e27dbb8e1a8fafdc2546777567e19b\core.a(am_hal_uart.c.o)
 .debug_ranges  0x00000930       0x20 C:\Users\lkjsg\AppData\Local\Temp\arduino\cores\SparkFun_apollo3_amap3adk_86e27dbb8e1a8fafdc2546777567e19b\core.a(am_util_delay.c.o)
 .debug_ranges  0x00000950      0x168 C:\Users\lkjsg\AppData\Local\Temp\arduino\cores\SparkFun_apollo3_amap3adk_86e27dbb8e1a8fafdc2546777567e19b\core.a(am_util_stdio.c.o)
 .debug_ranges  0x00000ab8      0x240 C:\Users\lkjsg\AppData\Local\Temp\arduino\cores\SparkFun_apollo3_amap3adk_86e27dbb8e1a8fafdc2546777567e19b\core.a(Print.cpp.o)
 .debug_ranges  0x00000cf8      0x158 C:\Users\lkjsg\AppData\Local\Temp\arduino\cores\SparkFun_apollo3_amap3adk_86e27dbb8e1a8fafdc2546777567e19b\core.a(ap3_gpio.cpp.o)
 .debug_ranges  0x00000e50       0x20 C:\Users\lkjsg\AppData\Local\Temp\arduino\cores\SparkFun_apollo3_amap3adk_86e27dbb8e1a8fafdc2546777567e19b\core.a(main.cpp.o)
 .debug_ranges  0x00000e70       0x50 C:\Users\lkjsg\AppData\Local\Temp\arduino\cores\SparkFun_apollo3_amap3adk_86e27dbb8e1a8fafdc2546777567e19b\core.a(ap3_timing.cpp.o)
 .debug_ranges  0x00000ec0      0x1d8 C:\Users\lkjsg\AppData\Local\Temp\arduino\cores\SparkFun_apollo3_amap3adk_86e27dbb8e1a8fafdc2546777567e19b\core.a(ap3_uart.cpp.o)
 .debug_ranges  0x00001098       0xf0 C:\Users\lkjsg\AppData\Local\Temp\arduino\cores\SparkFun_apollo3_amap3adk_86e27dbb8e1a8fafdc2546777567e19b\core.a(am_hal_cachectrl.c.o)
 .debug_ranges  0x00001188       0x80 C:\Users\lkjsg\AppData\Local\Temp\arduino\cores\SparkFun_apollo3_amap3adk_86e27dbb8e1a8fafdc2546777567e19b\core.a(am_hal_queue.c.o)
 .debug_ranges  0x00001208       0xb8 C:\Users\lkjsg\AppData\Local\Temp\arduino\cores\SparkFun_apollo3_amap3adk_86e27dbb8e1a8fafdc2546777567e19b\core.a(am_hal_stimer.c.o)
 .debug_ranges  0x000012c0       0x18 C:\Users\lkjsg\AppData\Local\Temp\arduino\cores\SparkFun_apollo3_amap3adk_86e27dbb8e1a8fafdc2546777567e19b\core.a(ap3_initialization.cpp.o)

.debug_line     0x00000000    0x125e4
 .debug_line    0x00000000      0xbb2 C:\Users\lkjsg\AppData\Local\Temp\arduino\sketches\080145F39B1377D1238F79A0FE29746B\sketch\Example4_RecordToWav.ino.cpp.o
 .debug_line    0x00000bb2     0x114b C:\Users\lkjsg\AppData\Local\Temp\arduino\sketches\080145F39B1377D1238F79A0FE29746B\libraries\PDM\PDM.cpp.o
 .debug_line    0x00001cfd      0xaf2 C:\Users\lkjsg\AppData\Local\Temp\arduino\sketches\080145F39B1377D1238F79A0FE29746B\core\bsp\am_bsp.c.o
 .debug_line    0x000027ef      0xa69 C:\Users\lkjsg\AppData\Local\Temp\arduino\sketches\080145F39B1377D1238F79A0FE29746B\core\config\variant.cpp.o
 .debug_line    0x00003258      0x48f C:\Users\lkjsg\AppData\Local\Temp\arduino\sketches\080145F39B1377D1238F79A0FE29746B\core\startup\startup_gcc.c.o
 .debug_line    0x000036e7      0x6cd C:\Users\lkjsg\AppData\Local\Temp\arduino\cores\SparkFun_apollo3_amap3adk_86e27dbb8e1a8fafdc2546777567e19b\core.a(am_hal_clkgen.c.o)
 .debug_line    0x00003db4      0xd78 C:\Users\lkjsg\AppData\Local\Temp\arduino\cores\SparkFun_apollo3_amap3adk_86e27dbb8e1a8fafdc2546777567e19b\core.a(am_hal_flash.c.o)
 .debug_line    0x00004b2c      0xc14 C:\Users\lkjsg\AppData\Local\Temp\arduino\cores\SparkFun_apollo3_amap3adk_86e27dbb8e1a8fafdc2546777567e19b\core.a(am_hal_gpio.c.o)
 .debug_line    0x00005740      0x3da C:\Users\lkjsg\AppData\Local\Temp\arduino\cores\SparkFun_apollo3_amap3adk_86e27dbb8e1a8fafdc2546777567e19b\core.a(am_hal_interrupt.c.o)
 .debug_line    0x00005b1a      0x69e C:\Users\lkjsg\AppData\Local\Temp\arduino\cores\SparkFun_apollo3_amap3adk_86e27dbb8e1a8fafdc2546777567e19b\core.a(am_hal_itm.c.o)
 .debug_line    0x000061b8      0xbc5 C:\Users\lkjsg\AppData\Local\Temp\arduino\cores\SparkFun_apollo3_amap3adk_86e27dbb8e1a8fafdc2546777567e19b\core.a(am_hal_pdm.c.o)
 .debug_line    0x00006d7d      0x831 C:\Users\lkjsg\AppData\Local\Temp\arduino\cores\SparkFun_apollo3_amap3adk_86e27dbb8e1a8fafdc2546777567e19b\core.a(am_hal_pwrctrl.c.o)
 .debug_line    0x000075ae      0x5ca C:\Users\lkjsg\AppData\Local\Temp\arduino\cores\SparkFun_apollo3_amap3adk_86e27dbb8e1a8fafdc2546777567e19b\core.a(am_hal_reset.c.o)
 .debug_line    0x00007b78      0x79d C:\Users\lkjsg\AppData\Local\Temp\arduino\cores\SparkFun_apollo3_amap3adk_86e27dbb8e1a8fafdc2546777567e19b\core.a(am_hal_rtc.c.o)
 .debug_line    0x00008315     0x1115 C:\Users\lkjsg\AppData\Local\Temp\arduino\cores\SparkFun_apollo3_amap3adk_86e27dbb8e1a8fafdc2546777567e19b\core.a(am_hal_uart.c.o)
 .debug_line    0x0000942a      0x480 C:\Users\lkjsg\AppData\Local\Temp\arduino\cores\SparkFun_apollo3_amap3adk_86e27dbb8e1a8fafdc2546777567e19b\core.a(am_util_delay.c.o)
 .debug_line    0x000098aa      0xdd8 C:\Users\lkjsg\AppData\Local\Temp\arduino\cores\SparkFun_apollo3_amap3adk_86e27dbb8e1a8fafdc2546777567e19b\core.a(am_util_stdio.c.o)
 .debug_line    0x0000a682     0x11ab C:\Users\lkjsg\AppData\Local\Temp\arduino\cores\SparkFun_apollo3_amap3adk_86e27dbb8e1a8fafdc2546777567e19b\core.a(Print.cpp.o)
 .debug_line    0x0000b82d     0x119f C:\Users\lkjsg\AppData\Local\Temp\arduino\cores\SparkFun_apollo3_amap3adk_86e27dbb8e1a8fafdc2546777567e19b\core.a(ap3_gpio.cpp.o)
 .debug_line    0x0000c9cc      0x49b C:\Users\lkjsg\AppData\Local\Temp\arduino\cores\SparkFun_apollo3_amap3adk_86e27dbb8e1a8fafdc2546777567e19b\core.a(ap3_gpio_structures.c.o)
 .debug_line    0x0000ce67      0xadb C:\Users\lkjsg\AppData\Local\Temp\arduino\cores\SparkFun_apollo3_amap3adk_86e27dbb8e1a8fafdc2546777567e19b\core.a(main.cpp.o)
 .debug_line    0x0000d942      0xc12 C:\Users\lkjsg\AppData\Local\Temp\arduino\cores\SparkFun_apollo3_amap3adk_86e27dbb8e1a8fafdc2546777567e19b\core.a(ap3_timing.cpp.o)
 .debug_line    0x0000e554     0x162f C:\Users\lkjsg\AppData\Local\Temp\arduino\cores\SparkFun_apollo3_amap3adk_86e27dbb8e1a8fafdc2546777567e19b\core.a(ap3_uart.cpp.o)
 .debug_line    0x0000fb83      0x535 C:\Users\lkjsg\AppData\Local\Temp\arduino\cores\SparkFun_apollo3_amap3adk_86e27dbb8e1a8fafdc2546777567e19b\core.a(ap3_uart_structures.c.o)
 .debug_line    0x000100b8      0x7e0 C:\Users\lkjsg\AppData\Local\Temp\arduino\cores\SparkFun_apollo3_amap3adk_86e27dbb8e1a8fafdc2546777567e19b\core.a(am_hal_cachectrl.c.o)
 .debug_line    0x00010898      0x54a C:\Users\lkjsg\AppData\Local\Temp\arduino\cores\SparkFun_apollo3_amap3adk_86e27dbb8e1a8fafdc2546777567e19b\core.a(am_hal_queue.c.o)
 .debug_line    0x00010de2      0x720 C:\Users\lkjsg\AppData\Local\Temp\arduino\cores\SparkFun_apollo3_amap3adk_86e27dbb8e1a8fafdc2546777567e19b\core.a(am_hal_stimer.c.o)
 .debug_line    0x00011502      0x53a C:\Users\lkjsg\AppData\Local\Temp\arduino\cores\SparkFun_apollo3_amap3adk_86e27dbb8e1a8fafdc2546777567e19b\core.a(ap3_analog_structures.c.o)
 .debug_line    0x00011a3c      0xba8 C:\Users\lkjsg\AppData\Local\Temp\arduino\cores\SparkFun_apollo3_amap3adk_86e27dbb8e1a8fafdc2546777567e19b\core.a(ap3_initialization.cpp.o)

.debug_str      0x00000000    0x10d94
 .debug_str     0x00000000     0x3160 C:\Users\lkjsg\AppData\Local\Temp\arduino\sketches\080145F39B1377D1238F79A0FE29746B\sketch\Example4_RecordToWav.ino.cpp.o
                               0x35bb (size before relaxing)
 .debug_str     0x00003160      0x632 C:\Users\lkjsg\AppData\Local\Temp\arduino\sketches\080145F39B1377D1238F79A0FE29746B\libraries\PDM\PDM.cpp.o
                               0x3adf (size before relaxing)
 .debug_str     0x00003792     0x116d C:\Users\lkjsg\AppData\Local\Temp\arduino\sketches\080145F39B1377D1238F79A0FE29746B\core\bsp\am_bsp.c.o
                               0x2683 (size before relaxing)
 .debug_str     0x000048ff       0xfe C:\Users\lkjsg\AppData\Local\Temp\arduino\sketches\080145F39B1377D1238F79A0FE29746B\core\config\variant.cpp.o
                               0x29b8 (size before relaxing)
 .debug_str     0x000049fd       0xff C:\Users\lkjsg\AppData\Local\Temp\arduino\sketches\080145F39B1377D1238F79A0FE29746B\core\startup\startup_gcc.c.o
                               0x126d (size before relaxing)
 .debug_str     0x00004afc     0x1a37 C:\Users\lkjsg\AppData\Local\Temp\arduino\cores\SparkFun_apollo3_amap3adk_86e27dbb8e1a8fafdc2546777567e19b\core.a(am_hal_clkgen.c.o)
                               0x27c5 (size before relaxing)
 .debug_str     0x00006533      0x6b5 C:\Users\lkjsg\AppData\Local\Temp\arduino\cores\SparkFun_apollo3_amap3adk_86e27dbb8e1a8fafdc2546777567e19b\core.a(am_hal_flash.c.o)
                               0x1ac0 (size before relaxing)
 .debug_str     0x00006be8     0x223b C:\Users\lkjsg\AppData\Local\Temp\arduino\cores\SparkFun_apollo3_amap3adk_86e27dbb8e1a8fafdc2546777567e19b\core.a(am_hal_gpio.c.o)
                               0x3567 (size before relaxing)
 .debug_str     0x00008e23       0xbe C:\Users\lkjsg\AppData\Local\Temp\arduino\cores\SparkFun_apollo3_amap3adk_86e27dbb8e1a8fafdc2546777567e19b\core.a(am_hal_interrupt.c.o)
                                0xaf5 (size before relaxing)
 .debug_str     0x00008ee1      0x305 C:\Users\lkjsg\AppData\Local\Temp\arduino\cores\SparkFun_apollo3_amap3adk_86e27dbb8e1a8fafdc2546777567e19b\core.a(am_hal_itm.c.o)
                               0x172a (size before relaxing)
 .debug_str     0x000091e6      0x79e C:\Users\lkjsg\AppData\Local\Temp\arduino\cores\SparkFun_apollo3_amap3adk_86e27dbb8e1a8fafdc2546777567e19b\core.a(am_hal_pdm.c.o)
                               0x2170 (size before relaxing)
 .debug_str     0x00009984     0x1ca9 C:\Users\lkjsg\AppData\Local\Temp\arduino\cores\SparkFun_apollo3_amap3adk_86e27dbb8e1a8fafdc2546777567e19b\core.a(am_hal_pwrctrl.c.o)
                               0x3e44 (size before relaxing)
 .debug_str     0x0000b62d      0x482 C:\Users\lkjsg\AppData\Local\Temp\arduino\cores\SparkFun_apollo3_amap3adk_86e27dbb8e1a8fafdc2546777567e19b\core.a(am_hal_reset.c.o)
                               0x17c0 (size before relaxing)
 .debug_str     0x0000baaf      0x420 C:\Users\lkjsg\AppData\Local\Temp\arduino\cores\SparkFun_apollo3_amap3adk_86e27dbb8e1a8fafdc2546777567e19b\core.a(am_hal_rtc.c.o)
                               0x10fd (size before relaxing)
 .debug_str     0x0000becf      0x7f4 C:\Users\lkjsg\AppData\Local\Temp\arduino\cores\SparkFun_apollo3_amap3adk_86e27dbb8e1a8fafdc2546777567e19b\core.a(am_hal_uart.c.o)
                               0x2968 (size before relaxing)
 .debug_str     0x0000c6c3       0xe8 C:\Users\lkjsg\AppData\Local\Temp\arduino\cores\SparkFun_apollo3_amap3adk_86e27dbb8e1a8fafdc2546777567e19b\core.a(am_util_delay.c.o)
                                0xb6a (size before relaxing)
 .debug_str     0x0000c7ab      0x359 C:\Users\lkjsg\AppData\Local\Temp\arduino\cores\SparkFun_apollo3_amap3adk_86e27dbb8e1a8fafdc2546777567e19b\core.a(am_util_stdio.c.o)
                                0x5a9 (size before relaxing)
 .debug_str     0x0000cb04      0xf21 C:\Users\lkjsg\AppData\Local\Temp\arduino\cores\SparkFun_apollo3_amap3adk_86e27dbb8e1a8fafdc2546777567e19b\core.a(Print.cpp.o)
                               0x383b (size before relaxing)
 .debug_str     0x0000da25      0x4a0 C:\Users\lkjsg\AppData\Local\Temp\arduino\cores\SparkFun_apollo3_amap3adk_86e27dbb8e1a8fafdc2546777567e19b\core.a(ap3_gpio.cpp.o)
                               0x4e60 (size before relaxing)
 .debug_str     0x0000dec5       0x81 C:\Users\lkjsg\AppData\Local\Temp\arduino\cores\SparkFun_apollo3_amap3adk_86e27dbb8e1a8fafdc2546777567e19b\core.a(ap3_gpio_structures.c.o)
                               0x14c6 (size before relaxing)
 .debug_str     0x0000df46       0xcb C:\Users\lkjsg\AppData\Local\Temp\arduino\cores\SparkFun_apollo3_amap3adk_86e27dbb8e1a8fafdc2546777567e19b\core.a(main.cpp.o)
                               0x2957 (size before relaxing)
 .debug_str     0x0000e011      0x167 C:\Users\lkjsg\AppData\Local\Temp\arduino\cores\SparkFun_apollo3_amap3adk_86e27dbb8e1a8fafdc2546777567e19b\core.a(ap3_timing.cpp.o)
                               0x2a40 (size before relaxing)
 .debug_str     0x0000e178      0xc1a C:\Users\lkjsg\AppData\Local\Temp\arduino\cores\SparkFun_apollo3_amap3adk_86e27dbb8e1a8fafdc2546777567e19b\core.a(ap3_uart.cpp.o)
                               0x4ac1 (size before relaxing)
 .debug_str     0x0000ed92       0x81 C:\Users\lkjsg\AppData\Local\Temp\arduino\cores\SparkFun_apollo3_amap3adk_86e27dbb8e1a8fafdc2546777567e19b\core.a(ap3_uart_structures.c.o)
                               0x1386 (size before relaxing)
 .debug_str     0x0000ee13      0x505 C:\Users\lkjsg\AppData\Local\Temp\arduino\cores\SparkFun_apollo3_amap3adk_86e27dbb8e1a8fafdc2546777567e19b\core.a(am_hal_cachectrl.c.o)
                               0x1a61 (size before relaxing)
 .debug_str     0x0000f318       0xe9 C:\Users\lkjsg\AppData\Local\Temp\arduino\cores\SparkFun_apollo3_amap3adk_86e27dbb8e1a8fafdc2546777567e19b\core.a(am_hal_queue.c.o)
                                0xbc2 (size before relaxing)
 .debug_str     0x0000f401     0x16a8 C:\Users\lkjsg\AppData\Local\Temp\arduino\cores\SparkFun_apollo3_amap3adk_86e27dbb8e1a8fafdc2546777567e19b\core.a(am_hal_stimer.c.o)
                               0x3c65 (size before relaxing)
 .debug_str     0x00010aa9       0x85 C:\Users\lkjsg\AppData\Local\Temp\arduino\cores\SparkFun_apollo3_amap3adk_86e27dbb8e1a8fafdc2546777567e19b\core.a(ap3_analog_structures.c.o)
                               0x151b (size before relaxing)
 .debug_str     0x00010b2e      0x266 C:\Users\lkjsg\AppData\Local\Temp\arduino\cores\SparkFun_apollo3_amap3adk_86e27dbb8e1a8fafdc2546777567e19b\core.a(ap3_initialization.cpp.o)
                               0x301d (size before relaxing)

.comment        0x00000000       0x75
 .comment       0x00000000       0x75 C:\Users\lkjsg\AppData\Local\Temp\arduino\sketches\080145F39B1377D1238F79A0FE29746B\sketch\Example4_RecordToWav.ino.cpp.o
                                 0x76 (size before relaxing)
 .comment       0x00000075       0x76 C:\Users\lkjsg\AppData\Local\Temp\arduino\sketches\080145F39B1377D1238F79A0FE29746B\libraries\PDM\PDM.cpp.o
 .comment       0x00000075       0x76 C:\Users\lkjsg\AppData\Local\Temp\arduino\sketches\080145F39B1377D1238F79A0FE29746B\core\bsp\am_bsp.c.o
 .comment       0x00000075       0x76 C:\Users\lkjsg\AppData\Local\Temp\arduino\sketches\080145F39B1377D1238F79A0FE29746B\core\config\variant.cpp.o
 .comment       0x00000075       0x76 C:\Users\lkjsg\AppData\Local\Temp\arduino\sketches\080145F39B1377D1238F79A0FE29746B\core\startup\startup_gcc.c.o
 .comment       0x00000075       0x76 C:\Users\lkjsg\AppData\Local\Temp\arduino\cores\SparkFun_apollo3_amap3adk_86e27dbb8e1a8fafdc2546777567e19b\core.a(am_hal_clkgen.c.o)
 .comment       0x00000075       0x76 C:\Users\lkjsg\AppData\Local\Temp\arduino\cores\SparkFun_apollo3_amap3adk_86e27dbb8e1a8fafdc2546777567e19b\core.a(am_hal_flash.c.o)
 .comment       0x00000075       0x76 C:\Users\lkjsg\AppData\Local\Temp\arduino\cores\SparkFun_apollo3_amap3adk_86e27dbb8e1a8fafdc2546777567e19b\core.a(am_hal_gpio.c.o)
 .comment       0x00000075       0x76 C:\Users\lkjsg\AppData\Local\Temp\arduino\cores\SparkFun_apollo3_amap3adk_86e27dbb8e1a8fafdc2546777567e19b\core.a(am_hal_interrupt.c.o)
 .comment       0x00000075       0x76 C:\Users\lkjsg\AppData\Local\Temp\arduino\cores\SparkFun_apollo3_amap3adk_86e27dbb8e1a8fafdc2546777567e19b\core.a(am_hal_itm.c.o)
 .comment       0x00000075       0x76 C:\Users\lkjsg\AppData\Local\Temp\arduino\cores\SparkFun_apollo3_amap3adk_86e27dbb8e1a8fafdc2546777567e19b\core.a(am_hal_pdm.c.o)
 .comment       0x00000075       0x76 C:\Users\lkjsg\AppData\Local\Temp\arduino\cores\SparkFun_apollo3_amap3adk_86e27dbb8e1a8fafdc2546777567e19b\core.a(am_hal_pwrctrl.c.o)
 .comment       0x00000075       0x76 C:\Users\lkjsg\AppData\Local\Temp\arduino\cores\SparkFun_apollo3_amap3adk_86e27dbb8e1a8fafdc2546777567e19b\core.a(am_hal_reset.c.o)
 .comment       0x00000075       0x76 C:\Users\lkjsg\AppData\Local\Temp\arduino\cores\SparkFun_apollo3_amap3adk_86e27dbb8e1a8fafdc2546777567e19b\core.a(am_hal_rtc.c.o)
 .comment       0x00000075       0x76 C:\Users\lkjsg\AppData\Local\Temp\arduino\cores\SparkFun_apollo3_amap3adk_86e27dbb8e1a8fafdc2546777567e19b\core.a(am_hal_uart.c.o)
 .comment       0x00000075       0x76 C:\Users\lkjsg\AppData\Local\Temp\arduino\cores\SparkFun_apollo3_amap3adk_86e27dbb8e1a8fafdc2546777567e19b\core.a(am_util_delay.c.o)
 .comment       0x00000075       0x76 C:\Users\lkjsg\AppData\Local\Temp\arduino\cores\SparkFun_apollo3_amap3adk_86e27dbb8e1a8fafdc2546777567e19b\core.a(am_util_stdio.c.o)
 .comment       0x00000075       0x76 C:\Users\lkjsg\AppData\Local\Temp\arduino\cores\SparkFun_apollo3_amap3adk_86e27dbb8e1a8fafdc2546777567e19b\core.a(Print.cpp.o)
 .comment       0x00000075       0x76 C:\Users\lkjsg\AppData\Local\Temp\arduino\cores\SparkFun_apollo3_amap3adk_86e27dbb8e1a8fafdc2546777567e19b\core.a(ap3_gpio.cpp.o)
 .comment       0x00000075       0x76 C:\Users\lkjsg\AppData\Local\Temp\arduino\cores\SparkFun_apollo3_amap3adk_86e27dbb8e1a8fafdc2546777567e19b\core.a(ap3_gpio_structures.c.o)
 .comment       0x00000075       0x76 C:\Users\lkjsg\AppData\Local\Temp\arduino\cores\SparkFun_apollo3_amap3adk_86e27dbb8e1a8fafdc2546777567e19b\core.a(main.cpp.o)
 .comment       0x00000075       0x76 C:\Users\lkjsg\AppData\Local\Temp\arduino\cores\SparkFun_apollo3_amap3adk_86e27dbb8e1a8fafdc2546777567e19b\core.a(ap3_timing.cpp.o)
 .comment       0x00000075       0x76 C:\Users\lkjsg\AppData\Local\Temp\arduino\cores\SparkFun_apollo3_amap3adk_86e27dbb8e1a8fafdc2546777567e19b\core.a(ap3_uart.cpp.o)
 .comment       0x00000075       0x76 C:\Users\lkjsg\AppData\Local\Temp\arduino\cores\SparkFun_apollo3_amap3adk_86e27dbb8e1a8fafdc2546777567e19b\core.a(ap3_uart_structures.c.o)
 .comment       0x00000075       0x76 C:\Users\lkjsg\AppData\Local\Temp\arduino\cores\SparkFun_apollo3_amap3adk_86e27dbb8e1a8fafdc2546777567e19b\core.a(am_hal_cachectrl.c.o)
 .comment       0x00000075       0x76 C:\Users\lkjsg\AppData\Local\Temp\arduino\cores\SparkFun_apollo3_amap3adk_86e27dbb8e1a8fafdc2546777567e19b\core.a(am_hal_queue.c.o)
 .comment       0x00000075       0x76 C:\Users\lkjsg\AppData\Local\Temp\arduino\cores\SparkFun_apollo3_amap3adk_86e27dbb8e1a8fafdc2546777567e19b\core.a(am_hal_stimer.c.o)
 .comment       0x00000075       0x76 C:\Users\lkjsg\AppData\Local\Temp\arduino\cores\SparkFun_apollo3_amap3adk_86e27dbb8e1a8fafdc2546777567e19b\core.a(ap3_analog_structures.c.o)